###############################################################################
#
# IAR ELF Linker V8.40.1.212/W32 for ARM                  17/Jun/2021  15:49:53
# Copyright 2007-2019 IAR Systems AB.
#
#    Output file  =
#        E:\word\MySelfF429\STM32F429\DoubleNEW\EWARM\DoubleNEW\Exe\DoubleNEW.out
#    Map file     =
#        E:\word\MySelfF429\STM32F429\DoubleNEW\EWARM\DoubleNEW\List\DoubleNEW.map
#    Command line =
#        -f C:\Users\gouxinyue\AppData\Local\Temp\EW1E0B.tmp
#        (E:\word\MySelfF429\STM32F429\DoubleNEW\EWARM\DoubleNEW\Obj\app_touchgfx.o
#        E:\word\MySelfF429\STM32F429\DoubleNEW\EWARM\DoubleNEW\Obj\ApplicationFontProvider.o
#        E:\word\MySelfF429\STM32F429\DoubleNEW\EWARM\DoubleNEW\Obj\BitmapDatabase.o
#        E:\word\MySelfF429\STM32F429\DoubleNEW\EWARM\DoubleNEW\Obj\CachedFont.o
#        E:\word\MySelfF429\STM32F429\DoubleNEW\EWARM\DoubleNEW\Obj\cmsis_os2.o
#        E:\word\MySelfF429\STM32F429\DoubleNEW\EWARM\DoubleNEW\Obj\crc.o
#        E:\word\MySelfF429\STM32F429\DoubleNEW\EWARM\DoubleNEW\Obj\croutine.o
#        E:\word\MySelfF429\STM32F429\DoubleNEW\EWARM\DoubleNEW\Obj\dma2d.o
#        E:\word\MySelfF429\STM32F429\DoubleNEW\EWARM\DoubleNEW\Obj\event_groups.o
#        E:\word\MySelfF429\STM32F429\DoubleNEW\EWARM\DoubleNEW\Obj\fmc.o
#        E:\word\MySelfF429\STM32F429\DoubleNEW\EWARM\DoubleNEW\Obj\Font_verdana_10_4bpp_0.o
#        E:\word\MySelfF429\STM32F429\DoubleNEW\EWARM\DoubleNEW\Obj\Font_verdana_20_4bpp_0.o
#        E:\word\MySelfF429\STM32F429\DoubleNEW\EWARM\DoubleNEW\Obj\Font_verdana_40_4bpp_0.o
#        E:\word\MySelfF429\STM32F429\DoubleNEW\EWARM\DoubleNEW\Obj\FontCache.o
#        E:\word\MySelfF429\STM32F429\DoubleNEW\EWARM\DoubleNEW\Obj\freertos.o
#        E:\word\MySelfF429\STM32F429\DoubleNEW\EWARM\DoubleNEW\Obj\FrontendApplication.o
#        E:\word\MySelfF429\STM32F429\DoubleNEW\EWARM\DoubleNEW\Obj\FrontendApplicationBase.o
#        E:\word\MySelfF429\STM32F429\DoubleNEW\EWARM\DoubleNEW\Obj\GeneratedFont.o
#        E:\word\MySelfF429\STM32F429\DoubleNEW\EWARM\DoubleNEW\Obj\gpio.o
#        E:\word\MySelfF429\STM32F429\DoubleNEW\EWARM\DoubleNEW\Obj\heap_4.o
#        E:\word\MySelfF429\STM32F429\DoubleNEW\EWARM\DoubleNEW\Obj\image_Blue_Buttons_Round_Edge_small.o
#        E:\word\MySelfF429\STM32F429\DoubleNEW\EWARM\DoubleNEW\Obj\Kerning_verdana_10_4bpp.o
#        E:\word\MySelfF429\STM32F429\DoubleNEW\EWARM\DoubleNEW\Obj\Kerning_verdana_20_4bpp.o
#        E:\word\MySelfF429\STM32F429\DoubleNEW\EWARM\DoubleNEW\Obj\Kerning_verdana_40_4bpp.o
#        E:\word\MySelfF429\STM32F429\DoubleNEW\EWARM\DoubleNEW\Obj\LanguageGb.o
#        E:\word\MySelfF429\STM32F429\DoubleNEW\EWARM\DoubleNEW\Obj\list.o
#        E:\word\MySelfF429\STM32F429\DoubleNEW\EWARM\DoubleNEW\Obj\ltdc.o
#        E:\word\MySelfF429\STM32F429\DoubleNEW\EWARM\DoubleNEW\Obj\main.o
#        E:\word\MySelfF429\STM32F429\DoubleNEW\EWARM\DoubleNEW\Obj\mainscreenPresenter.o
#        E:\word\MySelfF429\STM32F429\DoubleNEW\EWARM\DoubleNEW\Obj\mainscreenView.o
#        E:\word\MySelfF429\STM32F429\DoubleNEW\EWARM\DoubleNEW\Obj\mainscreenViewBase.o
#        E:\word\MySelfF429\STM32F429\DoubleNEW\EWARM\DoubleNEW\Obj\Model.o
#        E:\word\MySelfF429\STM32F429\DoubleNEW\EWARM\DoubleNEW\Obj\OSWrappers.o
#        E:\word\MySelfF429\STM32F429\DoubleNEW\EWARM\DoubleNEW\Obj\port.o
#        E:\word\MySelfF429\STM32F429\DoubleNEW\EWARM\DoubleNEW\Obj\portasm.o
#        E:\word\MySelfF429\STM32F429\DoubleNEW\EWARM\DoubleNEW\Obj\queue.o
#        E:\word\MySelfF429\STM32F429\DoubleNEW\EWARM\DoubleNEW\Obj\startup_stm32f429xx.o
#        E:\word\MySelfF429\STM32F429\DoubleNEW\EWARM\DoubleNEW\Obj\STM32DMA.o
#        E:\word\MySelfF429\STM32F429\DoubleNEW\EWARM\DoubleNEW\Obj\stm32f4xx_hal.o
#        E:\word\MySelfF429\STM32F429\DoubleNEW\EWARM\DoubleNEW\Obj\stm32f4xx_hal_cortex.o
#        E:\word\MySelfF429\STM32F429\DoubleNEW\EWARM\DoubleNEW\Obj\stm32f4xx_hal_crc.o
#        E:\word\MySelfF429\STM32F429\DoubleNEW\EWARM\DoubleNEW\Obj\stm32f4xx_hal_dma.o
#        E:\word\MySelfF429\STM32F429\DoubleNEW\EWARM\DoubleNEW\Obj\stm32f4xx_hal_dma2d.o
#        E:\word\MySelfF429\STM32F429\DoubleNEW\EWARM\DoubleNEW\Obj\stm32f4xx_hal_dma_ex.o
#        E:\word\MySelfF429\STM32F429\DoubleNEW\EWARM\DoubleNEW\Obj\stm32f4xx_hal_dsi.o
#        E:\word\MySelfF429\STM32F429\DoubleNEW\EWARM\DoubleNEW\Obj\stm32f4xx_hal_exti.o
#        E:\word\MySelfF429\STM32F429\DoubleNEW\EWARM\DoubleNEW\Obj\stm32f4xx_hal_flash.o
#        E:\word\MySelfF429\STM32F429\DoubleNEW\EWARM\DoubleNEW\Obj\stm32f4xx_hal_flash_ex.o
#        E:\word\MySelfF429\STM32F429\DoubleNEW\EWARM\DoubleNEW\Obj\stm32f4xx_hal_flash_ramfunc.o
#        E:\word\MySelfF429\STM32F429\DoubleNEW\EWARM\DoubleNEW\Obj\stm32f4xx_hal_gpio.o
#        E:\word\MySelfF429\STM32F429\DoubleNEW\EWARM\DoubleNEW\Obj\stm32f4xx_hal_ltdc.o
#        E:\word\MySelfF429\STM32F429\DoubleNEW\EWARM\DoubleNEW\Obj\stm32f4xx_hal_ltdc_ex.o
#        E:\word\MySelfF429\STM32F429\DoubleNEW\EWARM\DoubleNEW\Obj\stm32f4xx_hal_msp.o
#        E:\word\MySelfF429\STM32F429\DoubleNEW\EWARM\DoubleNEW\Obj\stm32f4xx_hal_pwr.o
#        E:\word\MySelfF429\STM32F429\DoubleNEW\EWARM\DoubleNEW\Obj\stm32f4xx_hal_pwr_ex.o
#        E:\word\MySelfF429\STM32F429\DoubleNEW\EWARM\DoubleNEW\Obj\stm32f4xx_hal_rcc.o
#        E:\word\MySelfF429\STM32F429\DoubleNEW\EWARM\DoubleNEW\Obj\stm32f4xx_hal_rcc_ex.o
#        E:\word\MySelfF429\STM32F429\DoubleNEW\EWARM\DoubleNEW\Obj\stm32f4xx_hal_sdram.o
#        E:\word\MySelfF429\STM32F429\DoubleNEW\EWARM\DoubleNEW\Obj\stm32f4xx_hal_tim.o
#        E:\word\MySelfF429\STM32F429\DoubleNEW\EWARM\DoubleNEW\Obj\stm32f4xx_hal_tim_ex.o
#        E:\word\MySelfF429\STM32F429\DoubleNEW\EWARM\DoubleNEW\Obj\stm32f4xx_hal_timebase_tim.o
#        E:\word\MySelfF429\STM32F429\DoubleNEW\EWARM\DoubleNEW\Obj\stm32f4xx_hal_uart.o
#        E:\word\MySelfF429\STM32F429\DoubleNEW\EWARM\DoubleNEW\Obj\stm32f4xx_it.o
#        E:\word\MySelfF429\STM32F429\DoubleNEW\EWARM\DoubleNEW\Obj\stm32f4xx_ll_fmc.o
#        E:\word\MySelfF429\STM32F429\DoubleNEW\EWARM\DoubleNEW\Obj\STM32TouchController.o
#        E:\word\MySelfF429\STM32F429\DoubleNEW\EWARM\DoubleNEW\Obj\stream_buffer.o
#        E:\word\MySelfF429\STM32F429\DoubleNEW\EWARM\DoubleNEW\Obj\system_stm32f4xx.o
#        E:\word\MySelfF429\STM32F429\DoubleNEW\EWARM\DoubleNEW\Obj\Table_verdana_10_4bpp.o
#        E:\word\MySelfF429\STM32F429\DoubleNEW\EWARM\DoubleNEW\Obj\Table_verdana_20_4bpp.o
#        E:\word\MySelfF429\STM32F429\DoubleNEW\EWARM\DoubleNEW\Obj\Table_verdana_40_4bpp.o
#        E:\word\MySelfF429\STM32F429\DoubleNEW\EWARM\DoubleNEW\Obj\tasks.o
#        E:\word\MySelfF429\STM32F429\DoubleNEW\EWARM\DoubleNEW\Obj\Texts.o
#        E:\word\MySelfF429\STM32F429\DoubleNEW\EWARM\DoubleNEW\Obj\tim.o
#        E:\word\MySelfF429\STM32F429\DoubleNEW\EWARM\DoubleNEW\Obj\timers.o
#        E:\word\MySelfF429\STM32F429\DoubleNEW\Middlewares\ST\touchgfx\lib\core\cortex_m4f\IAR8.x\touchgfx_core.a
#        E:\word\MySelfF429\STM32F429\DoubleNEW\EWARM\DoubleNEW\Obj\TouchGFXConfiguration.o
#        E:\word\MySelfF429\STM32F429\DoubleNEW\EWARM\DoubleNEW\Obj\TouchGFXGeneratedHAL.o
#        E:\word\MySelfF429\STM32F429\DoubleNEW\EWARM\DoubleNEW\Obj\TouchGFXGPIO.o
#        E:\word\MySelfF429\STM32F429\DoubleNEW\EWARM\DoubleNEW\Obj\TouchGFXHAL.o
#        E:\word\MySelfF429\STM32F429\DoubleNEW\EWARM\DoubleNEW\Obj\TypedTextDatabase.o
#        E:\word\MySelfF429\STM32F429\DoubleNEW\EWARM\DoubleNEW\Obj\UnmappedDataFont.o
#        E:\word\MySelfF429\STM32F429\DoubleNEW\EWARM\DoubleNEW\Obj\usart.o
#        --no_out_extension -o
#        E:\word\MySelfF429\STM32F429\DoubleNEW\EWARM\DoubleNEW\Exe\DoubleNEW.out
#        --redirect _Printf=_PrintfFullNoMb --redirect _Scanf=_ScanfFullNoMb
#        --map
#        E:\word\MySelfF429\STM32F429\DoubleNEW\EWARM\DoubleNEW\List\DoubleNEW.map
#        --config
#        E:\word\MySelfF429\STM32F429\DoubleNEW\EWARM/stm32f429xx_flash.icf
#        --semihosting --entry __iar_program_start --vfe --text_out locale)
#
###############################################################################

*******************************************************************************
*** RUNTIME MODEL ATTRIBUTES
***

CppFlavor                     = *
__CPP_Exceptions              = Disabled
__CPP_Language                = C++14
__Heap_Handler                = Basic
__SystemLibrary               = DLib
__dlib_dynamic_initialization = normal
__dlib_version                = 6


*******************************************************************************
*** HEAP SELECTION
***

The basic heap was selected because no calls to memory allocation
functions were found in the application outside of system library
functions, and there are calls to deallocation functions in the
application.


*******************************************************************************
*** PLACEMENT SUMMARY
***

"A0":  place at address 0x800'0000 { ro section .intvec };
"P1":  place in [from 0x800'0000 to 0x81f'ffff] { ro };
define block CSTACK with size = 1K, alignment = 8 { };
define block HEAP with size = 512, alignment = 8 { };
"P2":  place in [from 0x2000'0000 to 0x2002'ffff] {
          rw, block CSTACK, block HEAP };
initialize by copy { rw };

No sections matched the following patterns:

  rw section CCMBuffSection  in "P4"
  rw section ExtBuffSection  in "P3"
  rw section FBuffSection    in "P5"


  Section                 Kind         Address      Size  Object
  -------                 ----         -------      ----  ------
"A0":                                              0x1ac
  .intvec                 ro code   0x800'0000     0x1ac  startup_stm32f429xx.o [1]
                                  - 0x800'01ac     0x1ac

"P1":                                           0x1'84e2
  ExtFlashSection         const     0x800'01ac    0x9f60  image_Blue_Buttons_Round_Edge_small.o [1]
  .text                   ro code   0x800'a10c    0x162c  LCD16bpp.o [7]
  .text                   ro code   0x800'b738      0x14  memset.o [5]
  .text                   ro code   0x800'b74c     0x464  Bitmap.o [7]
  .text                   ro code   0x800'bbb0      0x24  ABIassert.o [6]
  .text                   ro code   0x800'bbd4      0xa6  ABImemcpy.o [5]
  .text                   ro code   0x800'bc7a      0x3a  zero_init3.o [5]
  .text                   ro code   0x800'bcb4      0xe4  DisplayTransformation.o [7]
  .text                   ro code   0x800'bd98     0x840  HAL.o [7]
  .text                   ro code   0x800'c5d8     0x81a  LCD.o [7]
  .text                   ro code   0x800'cdf2      0x1e  UnmappedDataFont.o [1]
  .text                   ro code   0x800'ce10      0x66  ABImemset.o [5]
  .text                   ro code   0x800'ce76       0x6  abort.o [2]
  .text                   ro code   0x800'ce7c      0x10  mainscreenViewBase.o [1]
  .text                   ro code   0x800'ce8c      0xa8  OSWrappers.o [1]
  .text                   ro code   0x800'cf34       0x6  TouchGFXGPIO.o [1]
  .text                   ro code   0x800'cf3a      0x1a  FrontendApplicationBase.o [1]
  .text                   ro code   0x800'cf54     0xe80  Application.o [7]
  .text                   ro code   0x800'ddd4     0x16c  Gestures.o [7]
  .text                   ro code   0x800'df40     0x23a  DMA.o [7]
  .text                   ro code   0x800'e17a      0x1a  LCD16bpp.o [7]
  .text                   ro code   0x800'e194      0x24  HAL.o [7]
  .text                   ro code   0x800'e1b8     0x1fc  TouchCalibration.o [7]
  .text                   ro code   0x800'e3b4     0xaea  TextProvider.o [7]
  .text                   ro code   0x800'ee9e      0x74  LCD.o [7]
  .text                   ro code   0x800'ef12      0x12  TouchGFXHAL.o [1]
  .text                   ro code   0x800'ef24     0x168  Texts.o [1]
  .text                   ro code   0x800'f08c      0x14  exit.o [6]
  .text                   ro code   0x800'f0a0     0x388  cmsis_os2.o [1]
  .text                   ro code   0x800'f428      0x1c  Application.o [7]
  .text                   ro code   0x800'f444      0x88  stm32_crc_lock.o [7]
  .text                   ro code   0x800'f4cc     0x634  Screen.o [7]
  .text                   ro code   0x800'fb00      0x86  Drawable.o [7]
  .text                   ro code   0x800'fb86      0x18  Application.o [7]
  .text                   ro code   0x800'fb9e      0x90  Application.o [7]
  .text                   ro code   0x800'fc2e      0x30  Application.o [7]
  .text                   ro code   0x800'fc5e      0x44  Bitmap.o [7]
  .text                   ro code   0x800'fca2      0x44  Screen.o [7]
  .text                   ro code   0x800'fce6      0x12  AbstractButton.o [7]
  .text                   ro code   0x800'fcf8      0x4c  Application.o [7]
  .text                   ro code   0x800'fd44       0x6  ABImemclr4.o [5]
  .text                   ro code   0x800'fd4a       0xc  TouchGFXConfiguration.o [1]
  .text                   ro code   0x800'fd56       0xc  memcpy.o [5]
  .text                   ro code   0x800'fd62      0x12  AbstractButton.o [7]
  .text                   ro code   0x800'fd74      0x28  TypedTextDatabase.o [1]
  .text                   ro code   0x800'fd9c     0x848  tasks.o [1]
  .text                   ro code   0x801'05e4     0x1f4  port.o [1]
  .text                   ro code   0x801'07d8     0x87c  queue.o [1]
  .text                   ro code   0x801'1054      0x32  cxxabi.o [3]
  .text                   ro code   0x801'1086       0xa  TouchGFXConfiguration.o [1]
  .text                   ro code   0x801'1090      0x34  Screen.o [7]
  .text                   ro code   0x801'10c4     0x1f6  Container.o [7]
  .text                   ro code   0x801'12ba      0x3e  Screen.o [7]
  .text                   ro code   0x801'12f8      0x28  Screen.o [7]
  .text                   ro code   0x801'1320      0x28  Screen.o [7]
  .text                   ro code   0x801'1348     0x10a  Drawable.o [7]
  .text                   ro code   0x801'1452       0xa  TouchGFXHAL.o [1]
  .text                   ro code   0x801'145c      0x20  Screen.o [7]
  .text                   ro code   0x801'147c      0x1c  Screen.o [7]
  .text                   ro code   0x801'1498      0x3a  ABImemset48.o [5]
  .text                   ro code   0x801'14d2       0xa  UnmappedDataFont.o [1]
  .text                   ro code   0x801'14dc      0x50  Table_verdana_20_4bpp.o [1]
  .text                   ro code   0x801'152c      0x50  Table_verdana_40_4bpp.o [1]
  .text                   ro code   0x801'157c      0x50  Table_verdana_10_4bpp.o [1]
  .text                   ro code   0x801'15cc     0x1c0  heap_4.o [1]
  .text                   ro code   0x801'178c      0x92  list.o [1]
  .text                   ro code   0x801'181e       0x6  FrontendApplicationBase.o [1]
  .text                   ro code   0x801'1824     0x360  timers.o [1]
  CODE                    ro code   0x801'1b84      0xb0  portasm.o [1]
  .text                   ro code   0x801'1c34      0xa0  cppinit.o [2]
  .text                   ro code   0x801'1cd4      0xa0  GeneratedFont.o [1]
  .text                   ro code   0x801'1d74      0x18  cmsis_os2.o [1]
  .text                   ro code   0x801'1d8c     0x12a  ConstFont.o [7]
  .text                   ro code   0x801'1eb6       0x6  STM32DMA.o [1]
  .rodata                 const     0x801'1ebc     0x3fc  LCD16bpp.o [7]
  .text                   ro code   0x801'22b8     0x344  stm32f4xx_hal_ltdc.o [1]
  .text                   ro code   0x801'25fc     0x260  ltdc.o [1]
  .text                   ro code   0x801'285c     0x198  TouchGFXGeneratedHAL.o [1]
  .text                   ro code   0x801'29f4       0x2  stm32f4xx_hal_ltdc.o [1]
  .text                   ro code   0x801'29f6       0x2  stm32f4xx_hal_ltdc.o [1]
  .text                   ro code   0x801'29f8     0x12c  main.o [1]
  .text                   ro code   0x801'2b24     0x214  stm32f4xx_hal_gpio.o [1]
  .text                   ro code   0x801'2d38      0x98  stm32f4xx_hal_cortex.o [1]
  .text                   ro code   0x801'2dd0      0x34  stm32f4xx_hal.o [1]
  .text                   ro code   0x801'2e04      0xee  gpio.o [1]
  .text                   ro code   0x801'2ef2       0x6  STM32DMA.o [1]
  .text                   ro code   0x801'2ef8      0x7c  dma2d.o [1]
  .text                   ro code   0x801'2f74     0x1d0  fmc.o [1]
  .text                   ro code   0x801'3144      0x84  tim.o [1]
  .text                   ro code   0x801'31c8      0xa4  usart.o [1]
  .text                   ro code   0x801'326c      0x4c  crc.o [1]
  .text                   ro code   0x801'32b8       0x8  app_touchgfx.o [1]
  .text                   ro code   0x801'32c0      0xc4  freertos.o [1]
  .text                   ro code   0x801'3384     0x31c  stm32f4xx_hal_rcc.o [1]
  .text                   ro code   0x801'36a0      0x78  stm32f4xx_hal_pwr_ex.o [1]
  .text                   ro code   0x801'3718     0x1e4  stm32f4xx_hal_rcc.o [1]
  .text                   ro code   0x801'38fc     0x224  stm32f4xx_hal_rcc_ex.o [1]
  .text                   ro code   0x801'3b20      0x10  stm32f4xx_hal.o [1]
  .text                   ro code   0x801'3b30      0x7c  stm32f4xx_hal_timebase_tim.o [1]
  .text                   ro code   0x801'3bac      0x40  stm32f4xx_hal_msp.o [1]
  .text                   ro code   0x801'3bec     0x206  stm32f4xx_hal_dma2d.o [1]
  .text                   ro code   0x801'3df2       0x6  STM32DMA.o [1]
  .text                   ro code   0x801'3df8      0xba  stm32f4xx_hal_sdram.o [1]
  .text                   ro code   0x801'3eb2       0x6  STM32TouchController.o [1]
  .text                   ro code   0x801'3eb8      0x28  stm32f4xx_hal.o [1]
  .text                   ro code   0x801'3ee0     0x2f4  stm32f4xx_hal_tim.o [1]
  .text                   ro code   0x801'41d4      0x8c  stm32f4xx_hal_tim_ex.o [1]
  .text                   ro code   0x801'4260     0x250  stm32f4xx_hal_uart.o [1]
  .text                   ro code   0x801'44b0      0x20  stm32f4xx_hal_crc.o [1]
  .text                   ro code   0x801'44d0      0xb4  TouchGFXConfiguration.o [1]
  .text                   ro code   0x801'4584       0xc  stm32f4xx_hal.o [1]
  .text                   ro code   0x801'4590     0x106  I64DivMod_small.o [5]
  .text                   ro code   0x801'4696       0x2  stm32f4xx_hal_dma2d.o [1]
  .text                   ro code   0x801'4698       0x2  stm32f4xx_hal_dma2d.o [1]
  .text                   ro code   0x801'469a       0x6  TouchGFXConfiguration.o [1]
  .text                   ro code   0x801'46a0     0x14a  stm32f4xx_ll_fmc.o [1]
  .text                   ro code   0x801'47ea       0x2  stm32f4xx_hal_sdram.o [1]
  .text                   ro code   0x801'47ec       0x2  stm32f4xx_hal_tim.o [1]
  .text                   ro code   0x801'47ee       0x2  stm32f4xx_hal_tim.o [1]
  .text                   ro code   0x801'47f0       0x2  stm32f4xx_hal_tim_ex.o [1]
  .text                   ro code   0x801'47f2       0x2  stm32f4xx_hal_tim.o [1]
  .text                   ro code   0x801'47f4       0x2  stm32f4xx_hal_tim_ex.o [1]
  .text                   ro code   0x801'47f6       0x2  stm32f4xx_hal_tim.o [1]
  .text                   ro code   0x801'47f8     0x2d4  STM32DMA.o [1]
  .text                   ro code   0x801'4acc      0x24  TouchGFXConfiguration.o [1]
  .text                   ro code   0x801'4af0      0x1c  BitmapDatabase.o [1]
  .text                   ro code   0x801'4b0c       0xc  FontManager.o [7]
  .text                   ro code   0x801'4b18      0x58  TouchGFXConfiguration.o [1]
  .text                   ro code   0x801'4b70      0x24  TouchGFXHAL.o [1]
  .text                   ro code   0x801'4b94       0x2  I64DivZer.o [5]
  .text                   ro code   0x801'4b96       0x8  STM32DMA.o [1]
  .text                   ro code   0x801'4b9e       0x6  UnmappedDataFont.o [1]
  .text                   ro code   0x801'4ba4      0x3c  STM32DMA.o [1]
  .text                   ro code   0x801'4be0      0x38  STM32DMA.o [1]
  .text                   ro code   0x801'4c18      0x14  TouchGFXConfiguration.o [1]
  .text                   ro code   0x801'4c2c       0xc  TouchGFXConfiguration.o [1]
  .text                   ro code   0x801'4c38      0x14  TouchGFXConfiguration.o [1]
  .text                   ro code   0x801'4c4c      0x14  TouchGFXConfiguration.o [1]
  .text                   ro code   0x801'4c60      0x14  TouchGFXConfiguration.o [1]
  .text                   ro code   0x801'4c74       0xa  Model.o [1]
  .text                   ro code   0x801'4c7e       0x2  FrontendApplicationBase.o [1]
  .text                   ro code   0x801'4c80      0x18  FrontendApplication.o [1]
  .text                   ro code   0x801'4c98      0xcc  FrontendApplicationBase.o [1]
  .text                   ro code   0x801'4d64      0x24  TouchGFXConfiguration.o [1]
  .text                   ro code   0x801'4d88      0x1c  TouchGFXConfiguration.o [1]
  .text                   ro code   0x801'4da4       0xa  AbstractPartition.o [7]
  .text                   ro code   0x801'4dae       0x2  FrontendApplicationBase.o [1]
  .text                   ro code   0x801'4db0      0x20  FrontendApplicationBase.o [1]
  LCD16bpp_enableTextureMapperAll
                          ro code   0x801'4dd0      0x2a  LCD16bpp.o [7]
  .text                   ro code   0x801'4dfa       0x2  FrontendApplicationBase.o [1]
  .text                   ro code   0x801'4dfc      0x14  FrontendApplicationBase.o [1]
  .text                   ro code   0x801'4e10     0x148  FrontendApplicationBase.o [1]
  .text                   ro code   0x801'4f58      0x14  TouchGFXConfiguration.o [1]
  .text                   ro code   0x801'4f6c       0xc  TouchGFXConfiguration.o [1]
  LCD16bpp_enableTextureMapperA4
                          ro code   0x801'4f78      0x12  LCD16bpp.o [7]
  LCD16bpp_enableTextureMapperARGB8888
                          ro code   0x801'4f8a      0x12  LCD16bpp.o [7]
  LCD16bpp_enableTextureMapperL8_ARGB8888
                          ro code   0x801'4f9c      0x12  LCD16bpp.o [7]
  LCD16bpp_enableTextureMapperL8_RGB565
                          ro code   0x801'4fae      0x12  LCD16bpp.o [7]
  LCD16bpp_enableTextureMapperL8_RGB888
                          ro code   0x801'4fc0      0x12  LCD16bpp.o [7]
  LCD16bpp_enableTextureMapperRGB565
                          ro code   0x801'4fd2      0x1e  LCD16bpp.o [7]
  .text                   ro code   0x801'4ff0      0x18  FrontendApplicationBase.o [1]
  .text                   ro code   0x801'5008      0x1e  mainscreenView.o [1]
  .text                   ro code   0x801'5026       0x2  FrontendApplicationBase.o [1]
  .text                   ro code   0x801'5028      0x30  mainscreenPresenter.o [1]
  .text                   ro code   0x801'5058      0xa8  TouchGFXConfiguration.o [1]
  .text                   ro code   0x801'5100      0x18  TouchGFXConfiguration.o [1]
  LCD16bpp_enableTextureMapperA4_BilinearInterpolation
                          ro code   0x801'5118      0x10  LCD16bpp.o [7]
  LCD16bpp_enableTextureMapperA4_NearestNeighbor
                          ro code   0x801'5128      0x10  LCD16bpp.o [7]
  LCD16bpp_enableTextureMapperARGB8888_BilinearInterpolation
                          ro code   0x801'5138      0x10  LCD16bpp.o [7]
  LCD16bpp_enableTextureMapperARGB8888_NearestNeighbor
                          ro code   0x801'5148      0x10  LCD16bpp.o [7]
  LCD16bpp_enableTextureMapperL8_ARGB8888_BilinearInterpolation
                          ro code   0x801'5158      0x10  LCD16bpp.o [7]
  LCD16bpp_enableTextureMapperL8_ARGB8888_NearestNeighbor
                          ro code   0x801'5168      0x10  LCD16bpp.o [7]
  LCD16bpp_enableTextureMapperL8_RGB565_BilinearInterpolation
                          ro code   0x801'5178      0x10  LCD16bpp.o [7]
  LCD16bpp_enableTextureMapperL8_RGB565_NearestNeighbor
                          ro code   0x801'5188      0x10  LCD16bpp.o [7]
  LCD16bpp_enableTextureMapperL8_RGB888_BilinearInterpolation
                          ro code   0x801'5198      0x10  LCD16bpp.o [7]
  LCD16bpp_enableTextureMapperL8_RGB888_NearestNeighbor
                          ro code   0x801'51a8      0x10  LCD16bpp.o [7]
  LCD16bpp_enableTextureMapperRGB565_Opaque_BilinearInterpolation
                          ro code   0x801'51b8      0x10  LCD16bpp.o [7]
  LCD16bpp_enableTextureMapperRGB565_Opaque_NearestNeighbor
                          ro code   0x801'51c8      0x10  LCD16bpp.o [7]
  LCD16bpp_enableTextureMapperRGB565_NonOpaque_BilinearInterpolation
                          ro code   0x801'51d8      0x10  LCD16bpp.o [7]
  LCD16bpp_enableTextureMapperRGB565_NonOpaque_NearestNeighbor
                          ro code   0x801'51e8      0x10  LCD16bpp.o [7]
  .text                   ro code   0x801'51f8     0x146  mainscreenViewBase.o [1]
  .text                   ro code   0x801'533e      0x12  TouchGFXConfiguration.o [1]
  .text                   ro code   0x801'5350      0x4c  mainscreenViewBase.o [1]
  .text                   ro code   0x801'539c     0x2a0  ButtonWithLabel.o [7]
  .text                   ro code   0x801'563c      0x26  mainscreenViewBase.o [1]
  .text                   ro code   0x801'5662       0x2  FrontendApplicationBase.o [1]
  .text                   ro code   0x801'5664      0x48  mainscreenViewBase.o [1]
  .text                   ro code   0x801'56ac      0x1a  mainscreenViewBase.o [1]
  .text                   ro code   0x801'56c6       0x2  mainscreenPresenter.o [1]
  .text                   ro code   0x801'56c8     0x12c  Button.o [7]
  .text                   ro code   0x801'57f4       0xc  mainscreenViewBase.o [1]
  .text                   ro code   0x801'5800      0xd4  mainscreenViewBase.o [1]
  .text                   ro code   0x801'58d4       0x6  mainscreenViewBase.o [1]
  .text                   ro code   0x801'58da      0x14  TouchGFXConfiguration.o [1]
  .text                   ro code   0x801'58ee       0x2  mainscreenPresenter.o [1]
  .rodata                 const     0x801'58f0     0x2c8  Bitmap.o [7]
  FontFlashSection        const     0x801'5bb8     0x234  Font_verdana_20_4bpp_0.o [1]
  .rodata                 const     0x801'5dec     0x218  HAL.o [7]
  .text                   ro code   0x801'6004     0x136  Font.o [7]
  .text                   ro code   0x801'613a       0x2  mainscreenPresenter.o [1]
  FontFlashSection        const     0x801'613c     0x118  Font_verdana_40_4bpp_0.o [1]
  .rodata                 const     0x801'6254      0xf8  Container.o [7]
  .rodata                 const     0x801'634c      0xd8  OSWrappers.o [1]
  .rodata                 const     0x801'6424      0xd0  DMA.o [7]
  .rodata                 const     0x801'64f4      0xbc  TouchGFXGeneratedHAL.o [1]
  .rodata                 const     0x801'65b0      0xbc  TouchGFXHAL.o [1]
  .rodata                 const     0x801'666c      0xa4  FrontendApplicationBase.o [1]
  .rodata                 const     0x801'6710      0xa4  FrontendApplicationBase.o [1]
  .rodata                 const     0x801'67b4      0x90  FrontendApplicationBase.o [1]
  .rodata                 const     0x801'6844      0x90  LCD16bpp.o [7]
  .rodata                 const     0x801'68d4      0x88  TextProvider.o [7]
  .rodata                 const     0x801'695c      0x88  TextProvider.o [7]
  .rodata                 const     0x801'69e4      0x88  TextProvider.o [7]
  .rodata                 const     0x801'6a6c      0x88  TextProvider.o [7]
  .rodata                 const     0x801'6af4      0x88  TextProvider.o [7]
  .rodata                 const     0x801'6b7c      0x88  TextProvider.o [7]
  .rodata                 const     0x801'6c04      0x88  TextProvider.o [7]
  .rodata                 const     0x801'6c8c      0x88  TextProvider.o [7]
  .rodata                 const     0x801'6d14      0x88  Container.o [7]
  .rodata                 const     0x801'6d9c      0x84  Application.o [7]
  .rodata                 const     0x801'6e20      0x84  Button.o [7]
  FontFlashSection        const     0x801'6ea4      0x80  Table_verdana_20_4bpp.o [1]
  .text                   ro code   0x801'6f24      0x78  lz77_init_single.o [5]
  .rodata                 const     0x801'6f9c      0x74  FrontendApplicationBase.o [1]
  .rodata                 const     0x801'7010      0x74  mainscreenViewBase.o [1]
  .rodata                 const     0x801'7084      0x74  Texts.o [1]
  .rodata                 const     0x801'70f8      0x74  Texts.o [1]
  .rodata                 const     0x801'716c      0x74  Texts.o [1]
  .rodata                 const     0x801'71e0      0x70  mainscreenViewBase.o [1]
  .rodata                 const     0x801'7250      0x70  TouchGFXHAL.o [1]
  .rodata                 const     0x801'72c0      0x70  ButtonWithLabel.o [7]
  .rodata                 const     0x801'7330      0x70  Button.o [7]
  .rodata                 const     0x801'73a0      0x6c  freertos.o [1]
  .rodata                 const     0x801'740c      0x6c  AbstractButton.o [7]
  .text                   ro code   0x801'7478      0x68  Box.o [7]
  .rodata                 const     0x801'74e0      0x64  Box.o [7]
  .text                   ro code   0x801'7544      0x58  TouchGFXHAL.o [1]
  .rodata                 const     0x801'759c      0x54  GeneratedFont.o [1]
  .rodata                 const     0x801'75f0      0x54  mainscreenViewBase.o [1]
  .rodata                 const     0x801'7644      0x54  LCD16bpp.o [7]
  .rodata                 const     0x801'7698      0x50  STM32DMA.o [1]
  .rodata                 const     0x801'76e8      0x50  STM32DMA.o [1]
  .rodata                 const     0x801'7738      0x50  STM32DMA.o [1]
  .rodata                 const     0x801'7788      0x50  STM32DMA.o [1]
  .text                   ro code   0x801'77d8      0x4c  TouchGFXHAL.o [1]
  .rodata                 const     0x801'7824      0x48  Screen.o [7]
  .rodata                 const     0x801'786c      0x44  FrontendApplication.o [1]
  .rodata                 const     0x801'78b0      0x44  FrontendApplicationBase.o [1]
  .rodata                 const     0x801'78f4      0x44  FrontendApplicationBase.o [1]
  .rodata                 const     0x801'7938      0x44  mainscreenViewBase.o [1]
  .rodata                 const     0x801'797c      0x44  mainscreenViewBase.o [1]
  .rodata                 const     0x801'79c0      0x44  Application.o [7]
  .rodata                 const     0x801'7a04      0x44  LCD16bpp.o [7]
  .text                   ro code   0x801'7a48      0x44  stm32f4xx_it.o [1]
  .text                   ro code   0x801'7a8c      0x40  AbstractButton.o [7]
  .rodata                 const     0x801'7acc      0x3c  Button.o [7]
  .rodata                 const     0x801'7b08      0x38  TouchGFXHAL.o [1]
  .rodata                 const     0x801'7b40      0x34  mainscreenView.o [1]
  .rodata                 const     0x801'7b74      0x34  mainscreenViewBase.o [1]
  .rodata                 const     0x801'7ba8      0x34  mainscreenViewBase.o [1]
  .rodata                 const     0x801'7bdc      0x34  TouchGFXConfiguration.o [1]
  .rodata                 const     0x801'7c10      0x34  TouchGFXConfiguration.o [1]
  .rodata                 const     0x801'7c44      0x34  TouchGFXConfiguration.o [1]
  .rodata                 const     0x801'7c78      0x34  Screen.o [7]
  .rodata                 const     0x801'7cac      0x30  Application.o [7]
  .rodata                 const     0x801'7cdc      0x28  mainscreenPresenter.o [1]
  .rodata                 const     0x801'7d04      0x28  Application.o [7]
  .text                   ro code   0x801'7d2c      0x28  data_init.o [5]
  .rodata                 const     0x801'7d54      0x24  FrontendApplicationBase.o [1]
  .rodata                 const     0x801'7d78      0x24  FrontendApplicationBase.o [1]
  .rodata                 const     0x801'7d9c      0x24  DMA.o [7]
  .text                   ro code   0x801'7dc0      0x24  FrontendApplicationBase.o [1]
  .text                   ro code   0x801'7de4      0x22  fpinit_M.o [4]
  .iar.init_table         const     0x801'7e08      0x24  - Linker created -
  .text                   ro code   0x801'7e2c       0x2  mainscreenPresenter.o [1]
  .text                   ro code   0x801'7e30      0x20  system_stm32f4xx.o [1]
  .text                   ro code   0x801'7e50      0x20  TouchGFXConfiguration.o [1]
  .text                   ro code   0x801'7e70       0xc  TouchGFXConfiguration.o [1]
  .text                   ro code   0x801'7e7c       0xc  TouchGFXConfiguration.o [1]
  .text                   ro code   0x801'7e88       0xc  TouchGFXConfiguration.o [1]
  .text                   ro code   0x801'7e94      0x20  AbstractButton.o [7]
  .text                   ro code   0x801'7eb4      0x20  cmain_call_ctors.o [5]
  .text                   ro code   0x801'7ed4      0x1e  cmain.o [5]
  .text                   ro code   0x801'7ef2       0x4  low_level_init.o [2]
  .text                   ro code   0x801'7ef6       0x4  exit.o [2]
  .text                   ro code   0x801'7efa       0x2  mainscreenView.o [1]
  .text                   ro code   0x801'7efc       0xe  cexit.o [5]
  .text                   ro code   0x801'7f0a       0x2  mainscreenViewBase.o [1]
  .rodata                 const     0x801'7f0c      0x1c  STM32DMA.o [1]
  .rodata                 const     0x801'7f28      0x1c  STM32DMA.o [1]
  .rodata                 const     0x801'7f44      0x18  FrontendApplicationBase.o [1]
  .rodata                 const     0x801'7f5c      0x18  mainscreenPresenter.o [1]
  .rodata                 const     0x801'7f74      0x18  STM32TouchController.o [1]
  .text                   ro code   0x801'7f8c      0x18  FrontendApplicationBase.o [1]
  FontFlashSection        const     0x801'7fa4      0x18  Font_verdana_10_4bpp_0.o [1]
  TextFlashSection        const     0x801'7fbc      0x18  Texts.o [1]
  .text                   ro code   0x801'7fd4      0x16  FrontendApplication.o [1]
  .text                   ro code   0x801'7fea      0x16  TouchGFXHAL.o [1]
  .rodata                 const     0x801'8000      0x14  ApplicationFontProvider.o [1]
  .rodata                 const     0x801'8014      0x14  TouchGFXConfiguration.o [1]
  .rodata                 const     0x801'8028      0x14  TouchGFXConfiguration.o [1]
  .rodata                 const     0x801'803c      0x14  TextProvider.o [7]
  .rodata                 const     0x801'8050      0x14  TextProvider.o [7]
  .rodata                 const     0x801'8064      0x14  LCD16bpp.o [7]
  .rodata                 const     0x801'8078      0x14  LCD16bpp.o [7]
  .rodata                 const     0x801'808c      0x14  LCD16bpp.o [7]
  .rodata                 const     0x801'80a0      0x14  LCD16bpp.o [7]
  .rodata                 const     0x801'80b4      0x14  LCD16bpp.o [7]
  .rodata                 const     0x801'80c8      0x14  LCD16bpp.o [7]
  .rodata                 const     0x801'80dc      0x14  LCD16bpp.o [7]
  .rodata                 const     0x801'80f0      0x14  LCD16bpp.o [7]
  .rodata                 const     0x801'8104      0x14  LCD16bpp.o [7]
  .rodata                 const     0x801'8118      0x14  LCD16bpp.o [7]
  .rodata                 const     0x801'812c      0x14  LCD16bpp.o [7]
  .rodata                 const     0x801'8140      0x14  LCD16bpp.o [7]
  .rodata                 const     0x801'8154      0x14  LCD16bpp.o [7]
  .rodata                 const     0x801'8168      0x14  LCD16bpp.o [7]
  .rodata                 const     0x801'817c      0x14  LCD16bpp.o [7]
  .rodata                 const     0x801'8190      0x14  LCD16bpp.o [7]
  .rodata                 const     0x801'81a4      0x14  LCD16bpp.o [7]
  .rodata                 const     0x801'81b8      0x14  LCD16bpp.o [7]
  .rodata                 const     0x801'81cc      0x14  LCD16bpp.o [7]
  .rodata                 const     0x801'81e0      0x14  LCD16bpp.o [7]
  .rodata                 const     0x801'81f4      0x14  LCD16bpp.o [7]
  .rodata                 const     0x801'8208      0x14  LCD16bpp.o [7]
  .rodata                 const     0x801'821c      0x14  LCD16bpp.o [7]
  .rodata                 const     0x801'8230      0x14  LCD16bpp.o [7]
  .rodata                 const     0x801'8244      0x14  LCD16bpp.o [7]
  .rodata                 const     0x801'8258      0x14  LCD16bpp.o [7]
  .rodata                 const     0x801'826c      0x14  LCD16bpp.o [7]
  .rodata                 const     0x801'8280      0x14  LCD16bpp.o [7]
  .rodata                 const     0x801'8294      0x14  Gestures.o [7]
  .rodata                 const     0x801'82a8      0x14  Gestures.o [7]
  .rodata                 const     0x801'82bc      0x14  Gestures.o [7]
  .rodata                 const     0x801'82d0      0x10  mainscreenPresenter.o [1]
  .rodata                 const     0x801'82e0      0x10  mainscreenViewBase.o [1]
  .rodata                 const     0x801'82f0      0x10  Texts.o [1]
  .rodata                 const     0x801'8300      0x10  TouchGFXConfiguration.o [1]
  .rodata                 const     0x801'8310      0x10  TextProvider.o [7]
  .rodata                 const     0x801'8320      0x10  TextProvider.o [7]
  .text                   ro code   0x801'8330      0x10  FrontendApplicationBase.o [1]
  .text                   ro code   0x801'8340      0x10  startup_stm32f429xx.o [1]
  FontFlashSection        const     0x801'8350      0x10  Table_verdana_10_4bpp.o [1]
  FontFlashSection        const     0x801'8360      0x10  Table_verdana_40_4bpp.o [1]
  .rodata                 const     0x801'8370       0xc  freertos.o [1]
  .rodata                 const     0x801'837c       0xc  Texts.o [1]
  .rodata                 const     0x801'8388       0xc  Texts.o [1]
  .rodata                 const     0x801'8394       0xc  TextProvider.o [7]
  .rodata                 const     0x801'83a0       0xc  TextProvider.o [7]
  .rodata                 const     0x801'83ac       0xc  TextProvider.o [7]
  .rodata                 const     0x801'83b8       0xc  TextProvider.o [7]
  .text                   ro code   0x801'83c4       0xc  TouchGFXConfiguration.o [1]
  .text                   ro code   0x801'83d0       0xc  TouchGFXHAL.o [1]
  .text                   ro code   0x801'83dc       0xc  cstartup_M.o [5]
  .rodata                 const     0x801'83e8       0x8  freertos.o [1]
  .rodata                 const     0x801'83f0       0x8  freertos.o [1]
  .rodata                 const     0x801'83f8       0x8  FrontendApplicationBase.o [1]
  .rodata                 const     0x801'8400       0x8  system_stm32f4xx.o [1]
  .text                   ro code   0x801'8408       0x8  TouchGFXConfiguration.o [1]
  .text                   ro code   0x801'8410       0x8  TouchGFXHAL.o [1]
  .text                   ro code   0x801'8418       0x8  UnmappedDataFont.o [1]
  FontSearchFlashSection  const     0x801'8420       0x8  Kerning_verdana_20_4bpp.o [1]
  SHT$$PREINIT_ARRAY                0x801'8428       0x0  <Block>
  SHT$$INIT_ARRAY                   0x801'8428       0x8  <Block>
    .init_array           const     0x801'8428       0x4  TouchGFXConfiguration.o [1]
    .init_array           const     0x801'842c       0x4  TypedTextDatabase.o [1]
  __iar_tls$$INIT_ARRAY             0x801'8430       0x0  <Block>
  .text                   ro code   0x801'8430       0x4  FrontendApplicationBase.o [1]
  .text                   ro code   0x801'8434       0x4  GeneratedFont.o [1]
  .text                   ro code   0x801'8438       0x4  startup_stm32f429xx.o [1]
  .text                   ro code   0x801'843c       0x4  startup_stm32f429xx.o [1]
  .text                   ro code   0x801'8440       0x4  startup_stm32f429xx.o [1]
  .text                   ro code   0x801'8444       0x4  startup_stm32f429xx.o [1]
  .text                   ro code   0x801'8448       0x4  startup_stm32f429xx.o [1]
  .text                   ro code   0x801'844c       0x4  startup_stm32f429xx.o [1]
  .text                   ro code   0x801'8450       0x4  startup_stm32f429xx.o [1]
  .text                   ro code   0x801'8454       0x4  startup_stm32f429xx.o [1]
  .text                   ro code   0x801'8458       0x4  startup_stm32f429xx.o [1]
  .text                   ro code   0x801'845c       0x4  startup_stm32f429xx.o [1]
  .text                   ro code   0x801'8460       0x4  startup_stm32f429xx.o [1]
  .text                   ro code   0x801'8464       0x4  startup_stm32f429xx.o [1]
  .text                   ro code   0x801'8468       0x4  startup_stm32f429xx.o [1]
  .text                   ro code   0x801'846c       0x4  startup_stm32f429xx.o [1]
  .text                   ro code   0x801'8470       0x4  startup_stm32f429xx.o [1]
  .text                   ro code   0x801'8474       0x4  startup_stm32f429xx.o [1]
  .text                   ro code   0x801'8478       0x4  startup_stm32f429xx.o [1]
  .text                   ro code   0x801'847c       0x4  startup_stm32f429xx.o [1]
  .text                   ro code   0x801'8480       0x4  startup_stm32f429xx.o [1]
  .text                   ro code   0x801'8484       0x4  startup_stm32f429xx.o [1]
  .text                   ro code   0x801'8488       0x4  startup_stm32f429xx.o [1]
  .text                   ro code   0x801'848c       0x4  startup_stm32f429xx.o [1]
  .text                   ro code   0x801'8490       0x4  startup_stm32f429xx.o [1]
  .text                   ro code   0x801'8494       0x4  startup_stm32f429xx.o [1]
  .text                   ro code   0x801'8498       0x4  startup_stm32f429xx.o [1]
  .text                   ro code   0x801'849c       0x4  startup_stm32f429xx.o [1]
  .text                   ro code   0x801'84a0       0x4  startup_stm32f429xx.o [1]
  .text                   ro code   0x801'84a4       0x4  startup_stm32f429xx.o [1]
  .text                   ro code   0x801'84a8       0x4  startup_stm32f429xx.o [1]
  .text                   ro code   0x801'84ac       0x4  startup_stm32f429xx.o [1]
  .text                   ro code   0x801'84b0       0x4  startup_stm32f429xx.o [1]
  .text                   ro code   0x801'84b4       0x4  startup_stm32f429xx.o [1]
  .text                   ro code   0x801'84b8       0x4  startup_stm32f429xx.o [1]
  .text                   ro code   0x801'84bc       0x4  startup_stm32f429xx.o [1]
  .text                   ro code   0x801'84c0       0x4  startup_stm32f429xx.o [1]
  .text                   ro code   0x801'84c4       0x4  startup_stm32f429xx.o [1]
  .text                   ro code   0x801'84c8       0x4  startup_stm32f429xx.o [1]
  .text                   ro code   0x801'84cc       0x4  startup_stm32f429xx.o [1]
  .text                   ro code   0x801'84d0       0x4  startup_stm32f429xx.o [1]
  .text                   ro code   0x801'84d4       0x4  startup_stm32f429xx.o [1]
  .text                   ro code   0x801'84d8       0x4  startup_stm32f429xx.o [1]
  .text                   ro code   0x801'84dc       0x4  startup_stm32f429xx.o [1]
  .text                   ro code   0x801'84e0       0x4  startup_stm32f429xx.o [1]
  .text                   ro code   0x801'84e4       0x4  startup_stm32f429xx.o [1]
  .text                   ro code   0x801'84e8       0x4  startup_stm32f429xx.o [1]
  .text                   ro code   0x801'84ec       0x4  startup_stm32f429xx.o [1]
  .text                   ro code   0x801'84f0       0x4  startup_stm32f429xx.o [1]
  .text                   ro code   0x801'84f4       0x4  startup_stm32f429xx.o [1]
  .text                   ro code   0x801'84f8       0x4  startup_stm32f429xx.o [1]
  .text                   ro code   0x801'84fc       0x4  startup_stm32f429xx.o [1]
  .text                   ro code   0x801'8500       0x4  startup_stm32f429xx.o [1]
  .text                   ro code   0x801'8504       0x4  startup_stm32f429xx.o [1]
  .text                   ro code   0x801'8508       0x4  startup_stm32f429xx.o [1]
  .text                   ro code   0x801'850c       0x4  startup_stm32f429xx.o [1]
  .text                   ro code   0x801'8510       0x4  startup_stm32f429xx.o [1]
  .text                   ro code   0x801'8514       0x4  startup_stm32f429xx.o [1]
  .text                   ro code   0x801'8518       0x4  startup_stm32f429xx.o [1]
  .text                   ro code   0x801'851c       0x4  startup_stm32f429xx.o [1]
  .text                   ro code   0x801'8520       0x4  startup_stm32f429xx.o [1]
  .text                   ro code   0x801'8524       0x4  startup_stm32f429xx.o [1]
  .text                   ro code   0x801'8528       0x4  startup_stm32f429xx.o [1]
  .text                   ro code   0x801'852c       0x4  startup_stm32f429xx.o [1]
  .text                   ro code   0x801'8530       0x4  startup_stm32f429xx.o [1]
  .text                   ro code   0x801'8534       0x4  startup_stm32f429xx.o [1]
  .text                   ro code   0x801'8538       0x4  startup_stm32f429xx.o [1]
  .text                   ro code   0x801'853c       0x4  startup_stm32f429xx.o [1]
  .text                   ro code   0x801'8540       0x4  startup_stm32f429xx.o [1]
  .text                   ro code   0x801'8544       0x4  startup_stm32f429xx.o [1]
  .text                   ro code   0x801'8548       0x4  startup_stm32f429xx.o [1]
  .text                   ro code   0x801'854c       0x4  startup_stm32f429xx.o [1]
  .text                   ro code   0x801'8550       0x4  startup_stm32f429xx.o [1]
  .text                   ro code   0x801'8554       0x4  startup_stm32f429xx.o [1]
  .text                   ro code   0x801'8558       0x4  startup_stm32f429xx.o [1]
  .text                   ro code   0x801'855c       0x4  startup_stm32f429xx.o [1]
  .text                   ro code   0x801'8560       0x4  startup_stm32f429xx.o [1]
  .text                   ro code   0x801'8564       0x4  startup_stm32f429xx.o [1]
  .text                   ro code   0x801'8568       0x4  startup_stm32f429xx.o [1]
  .text                   ro code   0x801'856c       0x4  startup_stm32f429xx.o [1]
  .text                   ro code   0x801'8570       0x4  startup_stm32f429xx.o [1]
  .text                   ro code   0x801'8574       0x4  startup_stm32f429xx.o [1]
  .text                   ro code   0x801'8578       0x4  startup_stm32f429xx.o [1]
  .text                   ro code   0x801'857c       0x4  startup_stm32f429xx.o [1]
  .text                   ro code   0x801'8580       0x4  startup_stm32f429xx.o [1]
  .text                   ro code   0x801'8584       0x4  startup_stm32f429xx.o [1]
  .text                   ro code   0x801'8588       0x4  STM32DMA.o [1]
  .text                   ro code   0x801'858c       0x4  TouchGFXConfiguration.o [1]
  .text                   ro code   0x801'8590       0x4  TouchGFXConfiguration.o [1]
  .text                   ro code   0x801'8594       0x4  UnmappedDataFont.o [1]
  .text                   ro code   0x801'8598       0x4  UnmappedDataFont.o [1]
  .text                   ro code   0x801'859c       0x4  UnmappedDataFont.o [1]
  .text                   ro code   0x801'85a0       0x4  LCD16bpp.o [7]
  .text                   ro code   0x801'85a4       0x4  AbstractButton.o [7]
  .text                   ro code   0x801'85a8       0x4  AbstractButton.o [7]
  .text                   ro code   0x801'85ac       0x4  AbstractButton.o [7]
  .text                   ro code   0x801'85b0       0x4  AbstractButton.o [7]
  .text                   ro code   0x801'85b4       0x4  xpurevirtual.o [2]
  FontSearchFlashSection  const     0x801'85b8       0x4  Kerning_verdana_10_4bpp.o [1]
  FontSearchFlashSection  const     0x801'85bc       0x4  Kerning_verdana_40_4bpp.o [1]
  TextFlashSection        const     0x801'85c0       0x4  LanguageGb.o [1]
  TextFlashSection        const     0x801'85c4       0x4  TypedTextDatabase.o [1]
  .text                   ro code   0x801'85c8       0x2  mainscreenViewBase.o [1]
  .text                   ro code   0x801'85ca       0x2  mainscreenViewBase.o [1]
  .text                   ro code   0x801'85cc       0x2  mainscreenViewBase.o [1]
  .text                   ro code   0x801'85ce       0x2  mainscreenViewBase.o [1]
  .text                   ro code   0x801'85d0       0x2  mainscreenViewBase.o [1]
  .text                   ro code   0x801'85d2       0x2  mainscreenViewBase.o [1]
  .text                   ro code   0x801'85d4       0x2  Application.o [7]
  .text                   ro code   0x801'85d6       0x2  Application.o [7]
  .text                   ro code   0x801'85d8       0x2  Application.o [7]
  .text                   ro code   0x801'85da       0x2  Application.o [7]
  .text                   ro code   0x801'85dc       0x2  Application.o [7]
  .text                   ro code   0x801'85de       0x2  Screen.o [7]
  .text                   ro code   0x801'85e0       0x2  Drawable.o [7]
  .text                   ro code   0x801'85e2       0x2  AbstractButton.o [7]
  .text                   ro code   0x801'85e4       0x2  AbstractButton.o [7]
  .text                   ro code   0x801'85e6       0x2  AbstractButton.o [7]
  TextFlashSection        const     0x801'85e8       0x2  TypedTextDatabase.o [1]
  .rodata                 const     0x801'85ea       0x1  unwind_debug.o [6]
  .text                   ro code   0x801'85ec       0x0  cstart_call_dtors.o [5]
  .rodata                 const     0x801'85ec       0x0  zero_init3.o [5]
  .rodata                 const     0x801'85ec       0x0  lz77_init_single.o [5]
  Initializer bytes       const     0x801'85ec      0xa2  <for P2-1>
                                  - 0x801'868e  0x1'84e2

"P2", part 1 of 3:                                 0xdd4
  P2-1                             0x2000'0000     0xdd4  <Init block>
    .data                 inited   0x2000'0000       0xc  OSWrappers.o [1]
    .data                 inited   0x2000'000c       0xc  port.o [1]
    .data                 inited   0x2000'0018       0xc  stm32f4xx_hal.o [1]
    .data                 inited   0x2000'0024       0x4  system_stm32f4xx.o [1]
    .data                 inited   0x2000'0028     0xd20  TouchGFXConfiguration.o [1]
    .data                 inited   0x2000'0d48      0x1c  Application.o [7]
    .data                 inited   0x2000'0d64       0x8  LCD16bpp.o [7]
    .data                 inited   0x2000'0d6c       0x8  LCD16bpp.o [7]
    .data                 inited   0x2000'0d74       0x8  LCD16bpp.o [7]
    .data                 inited   0x2000'0d7c       0x8  LCD16bpp.o [7]
    .data                 inited   0x2000'0d84       0x8  LCD16bpp.o [7]
    .data                 inited   0x2000'0d8c       0x8  LCD16bpp.o [7]
    .data                 inited   0x2000'0d94       0x8  LCD16bpp.o [7]
    .data                 inited   0x2000'0d9c       0x8  LCD16bpp.o [7]
    .data                 inited   0x2000'0da4       0x8  LCD16bpp.o [7]
    .data                 inited   0x2000'0dac       0x8  LCD16bpp.o [7]
    .data                 inited   0x2000'0db4       0x8  LCD16bpp.o [7]
    .data                 inited   0x2000'0dbc       0x8  LCD16bpp.o [7]
    .data                 inited   0x2000'0dc4       0x8  LCD16bpp.o [7]
    .data                 inited   0x2000'0dcc       0x8  LCD16bpp.o [7]
                                 - 0x2000'0dd4     0xdd4

"P2", part 2 of 3:                              0x1'1340
  .bss                    zero     0x2000'0dd4  0x1'0020  heap_4.o [1]
  .bss                    zero     0x2001'0df4     0x460  tasks.o [1]
  .bss                    zero     0x2001'1254     0x45c  cmsis_os2.o [1]
  .bss                    zero     0x2001'16b0     0x2dc  TouchGFXConfiguration.o [1]
  .bss                    zero     0x2001'198c     0x25c  cmsis_os2.o [1]
  .bss                    zero     0x2001'1be8     0x12c  timers.o [1]
  .bss                    zero     0x2001'1d14      0xa8  ltdc.o [1]
  .bss                    zero     0x2001'1dbc      0x9c  tasks.o [1]
  .bss                    zero     0x2001'1e58      0x48  stm32f4xx_hal_timebase_tim.o [1]
  .bss                    zero     0x2001'1ea0      0x48  tim.o [1]
  .bss                    zero     0x2001'1ee8      0x44  usart.o [1]
  .bss                    zero     0x2001'1f2c      0x40  dma2d.o [1]
  .bss                    zero     0x2001'1f6c      0x40  queue.o [1]
  .bss                    zero     0x2001'1fac      0x34  fmc.o [1]
  .bss                    zero     0x2001'1fe0      0x2c  TouchCalibration.o [7]
  .bss                    zero     0x2001'200c      0x28  Table_verdana_10_4bpp.o [1]
  .bss                    zero     0x2001'2034      0x28  Table_verdana_20_4bpp.o [1]
  .bss                    zero     0x2001'205c      0x28  Table_verdana_40_4bpp.o [1]
  .bss                    zero     0x2001'2084      0x24  Bitmap.o [7]
  .bss                    zero     0x2001'20a8      0x10  Texts.o [1]
  .bss                    zero     0x2001'20b8      0x10  HAL.o [7]
  .bss                    zero     0x2001'20c8       0xc  freertos.o [1]
  .bss                    zero     0x2001'20d4       0xc  TypedTextDatabase.o [1]
  .bss                    zero     0x2001'20e0       0x8  crc.o [1]
  .bss                    zero     0x2001'20e8       0x4  cmsis_os2.o [1]
  .bss                    zero     0x2001'20ec       0x4  fmc.o [1]
  .bss                    zero     0x2001'20f0       0x4  TouchGFXGeneratedHAL.o [1]
  .bss                    zero     0x2001'20f4       0x4  TypedText.o [7]
  .bss                    zero     0x2001'20f8       0x4  TypedText.o [7]
  .bss                    zero     0x2001'20fc       0x4  TypedText.o [7]
  .bss                    zero     0x2001'2100       0x4  FontManager.o [7]
  .bss                    zero     0x2001'2104       0x4  cppinit.o [2]
  .bss                    zero     0x2001'2108       0x4  cppinit.o [2]
  .bss                    zero     0x2001'210c       0x2  TypedText.o [7]
  .bss                    zero     0x2001'210e       0x2  HAL.o [7]
  .bss                    zero     0x2001'2110       0x1  TouchGFXConfiguration.o [1]
                                 - 0x2001'2111  0x1'133d

"P2", part 3 of 3:                                 0x59c
  .iar.dynexit                     0x2001'2114     0x198  <Block>
    .iar.dynexit          uninit   0x2001'2114       0xc  cppinit.o [2]
    .iar.dynexit          uninit   0x2001'2120     0x18c  <Block tail>
  CSTACK                           0x2001'22b0     0x400  <Block>
    CSTACK                uninit   0x2001'22b0     0x400  <Block tail>
                                 - 0x2001'26b0     0x59c

Unused ranges:

         From           To       Size
         ----           --       ----
   0x801'868e   0x81f'ffff  0x1e'7972
  0x2001'26b0  0x2002'ffff   0x1'd950


*******************************************************************************
*** INIT TABLE
***

          Address      Size
          -------      ----
Zero (__iar_zero_init3)
    1 destination range, total size 0x1'133d:
          0x2000'0dd4  0x1'133d

Copy/lz77 (__iar_lz77_init_single3)
    1 source range, total size 0xa2 (4% of destination):
           0x801'85ec      0xa2
    1 destination range, total size 0xdd4:
          0x2000'0000     0xdd4

Extra (__iar_cstart_call_ctors)



*******************************************************************************
*** MODULE SUMMARY
***

    Module                                 ro code  ro data  rw data
    ------                                 -------  -------  -------
command line/config:
    ----------------------------------------------------------------
    Total:

E:\word\MySelfF429\STM32F429\DoubleNEW\EWARM\DoubleNEW\Obj: [1]
    ApplicationFontProvider.o                            20
    BitmapDatabase.o                            28
    Font_verdana_10_4bpp_0.o                             24
    Font_verdana_20_4bpp_0.o                            564
    Font_verdana_40_4bpp_0.o                            280
    FrontendApplication.o                       46       68
    FrontendApplicationBase.o                  730      828
    GeneratedFont.o                            164       84
    Kerning_verdana_10_4bpp.o                             4
    Kerning_verdana_20_4bpp.o                             8
    Kerning_verdana_40_4bpp.o                             4
    LanguageGb.o                                          4
    Model.o                                     10
    OSWrappers.o                               168      216       12
    STM32DMA.o                                 870      376
    STM32TouchController.o                       6       24
    Table_verdana_10_4bpp.o                     80       16       40
    Table_verdana_20_4bpp.o                     80      128       40
    Table_verdana_40_4bpp.o                     80       16       40
    Texts.o                                    360      412       16
    TouchGFXConfiguration.o                    846      370    4'093
    TouchGFXGPIO.o                               6
    TouchGFXGeneratedHAL.o                     408      188        4
    TouchGFXHAL.o                              270      356
    TypedTextDatabase.o                         40       10       12
    UnmappedDataFont.o                          66
    app_touchgfx.o                               8
    cmsis_os2.o                                928             1'724
    crc.o                                       76                 8
    dma2d.o                                    124                64
    fmc.o                                      464                56
    freertos.o                                 196      136       12
    gpio.o                                     238
    heap_4.o                                   448            65'568
    image_Blue_Buttons_Round_Edge_small.o            40'800
    list.o                                     146
    ltdc.o                                     608               168
    main.o                                     300
    mainscreenPresenter.o                       56       80
    mainscreenView.o                            32       52
    mainscreenViewBase.o                       798      568
    port.o                                     500        1       12
    portasm.o                                  176
    queue.o                                  2'172                64
    startup_stm32f429xx.o                      780
    stm32f4xx_hal.o                            120                12
    stm32f4xx_hal_cortex.o                     152
    stm32f4xx_hal_crc.o                         32
    stm32f4xx_hal_dma2d.o                      522
    stm32f4xx_hal_gpio.o                       532
    stm32f4xx_hal_ltdc.o                       840
    stm32f4xx_hal_msp.o                         64
    stm32f4xx_hal_pwr_ex.o                     120
    stm32f4xx_hal_rcc.o                      1'280
    stm32f4xx_hal_rcc_ex.o                     548
    stm32f4xx_hal_sdram.o                      188
    stm32f4xx_hal_tim.o                        764
    stm32f4xx_hal_tim_ex.o                     144
    stm32f4xx_hal_timebase_tim.o               124                72
    stm32f4xx_hal_uart.o                       592
    stm32f4xx_it.o                              68
    stm32f4xx_ll_fmc.o                         330
    system_stm32f4xx.o                          32        8        4
    tasks.o                                  2'120             1'276
    tim.o                                      132                72
    timers.o                                   864               300
    usart.o                                    164                68
    ----------------------------------------------------------------
    Total:                                  22'040   45'645   73'737

dl7M_tlf.a: [2]
    abort.o                                      6
    cppinit.o                                  160                20
    exit.o                                       4
    low_level_init.o                             4
    xpurevirtual.o                               4
    ----------------------------------------------------------------
    Total:                                     178                20

dlpp7M_tl_fc.a: [3]
    cxxabi.o                                    50
    ----------------------------------------------------------------
    Total:                                      50

m7M_tls.a: [4]
    fpinit_M.o                                  34
    ----------------------------------------------------------------
    Total:                                      34

rt7M_tl.a: [5]
    ABImemclr4.o                                 6
    ABImemcpy.o                                166
    ABImemset.o                                102
    ABImemset48.o                               58
    I64DivMod_small.o                          262
    I64DivZer.o                                  2
    cexit.o                                     14
    cmain.o                                     30
    cmain_call_ctors.o                          32
    cstart_call_dtors.o
    cstartup_M.o                                12
    data_init.o                                 40
    lz77_init_single.o                         120
    memcpy.o                                    12
    memset.o                                    20
    zero_init3.o                                58
    ----------------------------------------------------------------
    Total:                                     934

shb_l.a: [6]
    ABIassert.o                                 36
    exit.o                                      20
    unwind_debug.o                                        1
    ----------------------------------------------------------------
    Total:                                      56        1

touchgfx_core.a: [7]
    AbstractButton.o                           154      108
    AbstractPartition.o                         10
    Application.o                            4'042      289       28
    Bitmap.o                                 1'192      712       36
    Box.o                                      104      100
    Button.o                                   300      304
    ButtonWithLabel.o                          672      112
    ConstFont.o                                298
    Container.o                                502      384
    DMA.o                                      570      244
    DisplayTransformation.o                    228
    Drawable.o                                 402
    Font.o                                     310
    FontManager.o                               12                 4
    Gestures.o                                 364       60
    HAL.o                                    2'148      536       18
    LCD.o                                    2'190
    LCD16bpp.o                               6'092    1'882      112
    Screen.o                                 1'912      124
    TextProvider.o                           2'794    1'208
    TouchCalibration.o                         508                44
    TypedText.o                                                   14
    stm32_crc_lock.o                           136
    ----------------------------------------------------------------
    Total:                                  24'940    6'063      256

    Gaps                                         3        2
    Linker created                                       36    1'420
--------------------------------------------------------------------
    Grand Total:                            48'235   51'747   75'433


*******************************************************************************
*** ENTRY LIST
***

Entry                       Address      Size  Type      Object
-----                       -------      ----  ----      ------
.iar.dynexit$$Base      0x2001'2114             --   Gb  - Linker created -
.iar.dynexit$$Limit     0x2001'22ac             --   Gb  - Linker created -
.iar.init_table$$Base    0x801'7e08             --   Gb  - Linker created -
.iar.init_table$$Limit   0x801'7e2c             --   Gb  - Linker created -
?main                    0x801'7ed5            Code  Gb  cmain.o [5]
AHBPrescTable            0x801'7e40      0x10  Data  Gb  system_stm32f4xx.o [1]
APBPrescTable            0x801'8400       0x8  Data  Gb  system_stm32f4xx.o [1]
BitmapDatabase::getInstance()
                         0x801'4af1       0x4  Code  Gb  BitmapDatabase.o [1]
BitmapDatabase::getInstanceSize()
                         0x801'4af5       0x4  Code  Gb  BitmapDatabase.o [1]
BusFault_Handler         0x801'7a4f       0x2  Code  Gb  stm32f4xx_it.o [1]
CRC_Lock                 0x800'f445      0x88  Code  Gb  stm32_crc_lock.o [7]
CSTACK$$Base            0x2001'22b0             --   Gb  - Linker created -
CSTACK$$Limit           0x2001'26b0             --   Gb  - Linker created -
DMA2D_IRQHandler         0x801'7a71       0x6  Code  Gb  stm32f4xx_it.o [1]
DebugMon_Handler         0x801'7a53       0x2  Code  Gb  stm32f4xx_it.o [1]
DtorRecArray            0x2001'2114       0xc  Data  Lc  cppinit.o [2]
Error_Handler            0x801'2b21       0x4  Code  Gb  main.o [1]
FMC_IRQHandler           0x801'7a5b       0x6  Code  Gb  stm32f4xx_it.o [1]
FMC_Initialized         0x2001'20ec       0x4  Data  Lc  fmc.o [1]
FMC_SDRAM_Init           0x801'46a1      0x76  Code  Gb  stm32f4xx_ll_fmc.o [1]
FMC_SDRAM_ProgramRefreshRate
                         0x801'47df       0xc  Code  Gb  stm32f4xx_ll_fmc.o [1]
FMC_SDRAM_SendCommand    0x801'4795      0x4a  Code  Gb  stm32f4xx_ll_fmc.o [1]
FMC_SDRAM_Timing_Init    0x801'4717      0x7a  Code  Gb  stm32f4xx_ll_fmc.o [1]
FrontendApplication::FrontendApplication(Model &, FrontendHeap &)
                         0x801'4c81      0x10  Code  Gb  FrontendApplication.o [1]
FrontendApplication::handleTickEvent()
                         0x801'7fd5      0x16  Code  Gb  FrontendApplication.o [1]
FrontendApplicationBase::FrontendApplicationBase(Model &, FrontendHeap &)
                         0x801'4c9b      0x58  Code  Gb  FrontendApplicationBase.o [1]
FrontendApplicationBase::FrontendApplicationBase(Model &, FrontendHeap &) [subobject]
                         0x801'4c99       0x2  Code  Gb  FrontendApplicationBase.o [1]
FrontendApplicationBase::gotomainscreenScreenNoTransition()
                         0x801'4cf5      0x34  Code  Gb  FrontendApplicationBase.o [1]
FrontendApplicationBase::gotomainscreenScreenNoTransitionImpl()
                         0x801'4d29      0x1a  Code  Gb  FrontendApplicationBase.o [1]
FrontendHeap::FrontendHeap()
                         0x801'4b19      0x58  Code  Gb  TouchGFXConfiguration.o [1]
FrontendHeap::getInstance()::instance
                        0x2001'16b0     0x2dc  Data  Gb  TouchGFXConfiguration.o [1]
FrontendHeap::~FrontendHeap()
                         0x801'7e51      0x20  Code  Gb  TouchGFXConfiguration.o [1]
FrontendHeapBase::FrontendHeapBase(touchgfx::AbstractPartition &, touchgfx::AbstractPartition &, touchgfx::AbstractPartition &, FrontendApplication &)
                         0x801'4d89      0x1c  Code  Gb  TouchGFXConfiguration.o [1]
FrontendHeapBase::FrontendHeapBase(touchgfx::AbstractPartition &, touchgfx::AbstractPartition &, touchgfx::AbstractPartition &, FrontendApplication &) [subobject]
                         0x801'4c2d       0xc  Code  Gb  TouchGFXConfiguration.o [1]
GUITaskHandle           0x2001'20d0       0x4  Data  Gb  freertos.o [1]
GUITask_attributes       0x801'73e8      0x24  Data  Gb  freertos.o [1]
HAL_CRC_Init             0x801'44b1      0x20  Code  Gb  stm32f4xx_hal_crc.o [1]
HAL_CRC_MspInit          0x801'3285      0x26  Code  Gb  crc.o [1]
HAL_DMA2D_ConfigLayer    0x801'3d53      0x92  Code  Gb  stm32f4xx_hal_dma2d.o [1]
HAL_DMA2D_IRQHandler     0x801'3c43      0xf2  Code  Gb  stm32f4xx_hal_dma2d.o [1]
HAL_DMA2D_Init           0x801'3bed      0x56  Code  Gb  stm32f4xx_hal_dma2d.o [1]
HAL_DMA2D_MspInit        0x801'2f33      0x36  Code  Gb  dma2d.o [1]
HAL_Delay                0x801'3eb9      0x28  Code  Wk  stm32f4xx_hal.o [1]
HAL_GPIO_Init            0x801'2b25     0x1d6  Code  Gb  stm32f4xx_hal_gpio.o [1]
HAL_GPIO_WritePin        0x801'2cfb       0x8  Code  Gb  stm32f4xx_hal_gpio.o [1]
HAL_GetTick              0x801'4585       0xc  Code  Wk  stm32f4xx_hal.o [1]
HAL_IncTick              0x801'3b21      0x10  Code  Wk  stm32f4xx_hal.o [1]
HAL_Init                 0x801'2dd1      0x30  Code  Gb  stm32f4xx_hal.o [1]
HAL_InitTick             0x801'3b31      0x6c  Code  Gb  stm32f4xx_hal_timebase_tim.o [1]
HAL_LTDC_ConfigLayer     0x801'2455      0x44  Code  Gb  stm32f4xx_hal_ltdc.o [1]
HAL_LTDC_IRQHandler      0x801'239f      0xa8  Code  Gb  stm32f4xx_hal_ltdc.o [1]
HAL_LTDC_Init            0x801'22b9      0xe6  Code  Gb  stm32f4xx_hal_ltdc.o [1]
HAL_LTDC_LineEventCallback
                         0x801'2979      0x4c  Code  Gb  TouchGFXGeneratedHAL.o [1]
HAL_LTDC_MspInit         0x801'26a3     0x172  Code  Gb  ltdc.o [1]
HAL_LTDC_ProgramLineEvent
                         0x801'24a7      0x2c  Code  Gb  stm32f4xx_hal_ltdc.o [1]
HAL_MspInit              0x801'3bad      0x40  Code  Gb  stm32f4xx_hal_msp.o [1]
HAL_NVIC_EnableIRQ       0x801'2da7      0x16  Code  Gb  stm32f4xx_hal_cortex.o [1]
HAL_NVIC_SetPriority     0x801'2d6d      0x3a  Code  Gb  stm32f4xx_hal_cortex.o [1]
HAL_NVIC_SetPriorityGrouping
                         0x801'2d53      0x1a  Code  Gb  stm32f4xx_hal_cortex.o [1]
HAL_PWREx_EnableOverDrive
                         0x801'36a1      0x48  Code  Gb  stm32f4xx_hal_pwr_ex.o [1]
HAL_RCCEx_PeriphCLKConfig
                         0x801'38fd     0x1f8  Code  Gb  stm32f4xx_hal_rcc_ex.o [1]
HAL_RCC_ClockConfig      0x801'3719     0x100  Code  Gb  stm32f4xx_hal_rcc.o [1]
HAL_RCC_GetClockConfig   0x801'3849      0x36  Code  Gb  stm32f4xx_hal_rcc.o [1]
HAL_RCC_GetPCLK1Freq     0x801'3825      0x10  Code  Gb  stm32f4xx_hal_rcc.o [1]
HAL_RCC_GetPCLK2Freq     0x801'3835       0xe  Code  Gb  stm32f4xx_hal_rcc.o [1]
HAL_RCC_OscConfig        0x801'3385     0x31c  Code  Wk  stm32f4xx_hal_rcc.o [1]
HAL_SDRAM_IRQHandler     0x801'3e35      0x1e  Code  Gb  stm32f4xx_hal_sdram.o [1]
HAL_SDRAM_Init           0x801'3df9      0x3c  Code  Gb  stm32f4xx_hal_sdram.o [1]
HAL_SDRAM_MspInit        0x801'305f      0xa8  Code  Gb  fmc.o [1]
HAL_SDRAM_ProgramRefreshRate
                         0x801'3e7f      0x16  Code  Gb  stm32f4xx_hal_sdram.o [1]
HAL_SDRAM_SendCommand    0x801'3e53      0x2c  Code  Gb  stm32f4xx_hal_sdram.o [1]
HAL_TIMEx_BreakCallback
                         0x801'47f1       0x2  Code  Wk  stm32f4xx_hal_tim_ex.o [1]
HAL_TIMEx_CommutCallback
                         0x801'47f5       0x2  Code  Wk  stm32f4xx_hal_tim_ex.o [1]
HAL_TIMEx_MasterConfigSynchronization
                         0x801'41d5      0x6e  Code  Gb  stm32f4xx_hal_tim_ex.o [1]
HAL_TIM_Base_Init        0x801'3ee1      0x1a  Code  Gb  stm32f4xx_hal_tim.o [1]
HAL_TIM_Base_MspInit     0x801'3187      0x36  Code  Gb  tim.o [1]
HAL_TIM_Base_Start_IT    0x801'3efb      0x7c  Code  Gb  stm32f4xx_hal_tim.o [1]
HAL_TIM_IRQHandler       0x801'3fc9     0x142  Code  Gb  stm32f4xx_hal_tim.o [1]
HAL_TIM_PeriodElapsedCallback
                         0x801'2b05       0xe  Code  Gb  main.o [1]
HAL_UART_Init            0x801'4261      0x1e  Code  Gb  stm32f4xx_hal_uart.o [1]
HAL_UART_MspInit         0x801'31f7      0x66  Code  Gb  usart.o [1]
HAL_UART_Transmit        0x801'42d7      0xb0  Code  Gb  stm32f4xx_hal_uart.o [1]
HardFault_Handler        0x801'7a4b       0x2  Code  Gb  stm32f4xx_it.o [1]
Initialization guard variable for FrontendHeap::getInstance()::instance
                        0x2001'2110       0x1  Data  Gb  TouchGFXConfiguration.o [1]
KernelState             0x2001'20e8       0x4  Data  Lc  cmsis_os2.o [1]
LEDTaskHandle           0x2001'20c8       0x4  Data  Gb  freertos.o [1]
LEDTask_attributes       0x801'73a0      0x24  Data  Gb  freertos.o [1]
LTDC_ER_IRQHandler       0x801'7a69       0x2  Code  Gb  stm32f4xx_it.o [1]
LTDC_IRQHandler          0x801'7a67       0x2  Code  Gb  stm32f4xx_it.o [1]
LTDC_SetConfig           0x801'24f7      0xfa  Code  Lc  stm32f4xx_hal_ltdc.o [1]
MX_CRC_Init              0x801'326d      0x18  Code  Gb  crc.o [1]
MX_DMA2D_Init            0x801'2ef9      0x3a  Code  Gb  dma2d.o [1]
MX_FMC_Init              0x801'2fe3      0x7c  Code  Gb  fmc.o [1]
MX_FREERTOS_Init         0x801'32c1      0x36  Code  Gb  freertos.o [1]
MX_GPIO_Init             0x801'2e05      0xda  Code  Gb  gpio.o [1]
MX_LTDC_Init             0x801'25fd      0xa6  Code  Gb  ltdc.o [1]
MX_TIM7_Init             0x801'3145      0x42  Code  Gb  tim.o [1]
MX_TouchGFX_Init         0x801'32b9       0x4  Code  Gb  app_touchgfx.o [1]
MX_TouchGFX_Process      0x801'32bd       0x4  Code  Gb  app_touchgfx.o [1]
MX_USART1_UART_Init      0x801'31c9      0x2e  Code  Gb  usart.o [1]
MemManage_Handler        0x801'7a4d       0x2  Code  Gb  stm32f4xx_it.o [1]
Model::Model()           0x801'4c75       0x2  Code  Gb  Model.o [1]
Model::tick()            0x801'4c7d       0x2  Code  Gb  Model.o [1]
NMI_Handler              0x801'7a49       0x2  Code  Gb  stm32f4xx_it.o [1]
PendSV_Handler           0x801'1b85            Code  Gb  portasm.o [1]
Region$$Table$$Base      0x801'7e08             --   Gb  - Linker created -
Region$$Table$$Limit     0x801'7e2c             --   Gb  - Linker created -
SDRAM_Initialization_Sequence
                         0x801'2fa5      0x3e  Code  Gb  fmc.o [1]
SDRAM_Send_Cmd           0x801'2f75      0x30  Code  Gb  fmc.o [1]
SHT$$INIT_ARRAY$$Base    0x801'8428             --   Gb  - Linker created -
SHT$$INIT_ARRAY$$Limit   0x801'8430             --   Gb  - Linker created -
SHT$$PREINIT_ARRAY$$Base
                         0x801'8428             --   Gb  - Linker created -
SHT$$PREINIT_ARRAY$$Limit
                         0x801'8428             --   Gb  - Linker created -
STM32F4DMA::STM32F4DMA()
                         0x801'4801      0x30  Code  Gb  STM32DMA.o [1]
STM32F4DMA::getBlitCaps()
                         0x801'4883       0x6  Code  Gb  STM32DMA.o [1]
STM32F4DMA::getChromARTInputFormat(touchgfx::Bitmap::BitmapFormat)
                         0x801'4ba5      0x3c  Code  Gb  STM32DMA.o [1]
STM32F4DMA::getChromARTInputFormat(touchgfx::Bitmap::BitmapFormat)::string (instance 2)
                         0x801'7f0c      0x1c  Data  Gb  STM32DMA.o [1]
STM32F4DMA::getChromARTInputFormat(touchgfx::Bitmap::BitmapFormat)::string (instance 3)
                         0x801'76e8      0x50  Data  Gb  STM32DMA.o [1]
STM32F4DMA::getChromARTOutputFormat(touchgfx::Bitmap::BitmapFormat)
                         0x801'4be1      0x38  Code  Gb  STM32DMA.o [1]
STM32F4DMA::getChromARTOutputFormat(touchgfx::Bitmap::BitmapFormat)::string (instance 2)
                         0x801'7f28      0x1c  Data  Gb  STM32DMA.o [1]
STM32F4DMA::getChromARTOutputFormat(touchgfx::Bitmap::BitmapFormat)::string (instance 3)
                         0x801'7738      0x50  Data  Gb  STM32DMA.o [1]
STM32F4DMA::getDMAType()
                         0x801'8589       0x4  Code  Gb  STM32DMA.o [1]
STM32F4DMA::initialize()
                         0x801'4847      0x3c  Code  Gb  STM32DMA.o [1]
STM32F4DMA::setupDataCopy(touchgfx::BlitOp const &)
                         0x801'488d     0x12e  Code  Gb  STM32DMA.o [1]
STM32F4DMA::setupDataFill(touchgfx::BlitOp const &)
                         0x801'49e1      0x8a  Code  Gb  STM32DMA.o [1]
STM32F4DMA::signalDMAInterrupt()
                         0x801'3df3       0x6  Code  Gb  STM32DMA.o [1]
STM32F4DMA::~STM32F4DMA()
                         0x801'4831      0x16  Code  Gb  STM32DMA.o [1]
STM32TouchController::init()
                         0x801'3eb3       0x2  Code  Gb  STM32TouchController.o [1]
STM32TouchController::sampleTouch(int &, int &)
                         0x801'3eb5       0x4  Code  Gb  STM32TouchController.o [1]
SVC_Handler              0x801'1bdd            Code  Gb  portasm.o [1]
StartGUITask             0x801'336d       0x4  Code  Gb  freertos.o [1]
StartLEDTask             0x801'32f9      0x2e  Code  Gb  freertos.o [1]
StartUARTTask            0x801'3331      0x2a  Code  Gb  freertos.o [1]
SysTick_Handler          0x800'f0a1      0x1a  Code  Gb  cmsis_os2.o [1]
SystemClock_Config       0x801'2a31      0xd4  Code  Gb  main.o [1]
SystemCoreClock         0x2000'0024       0x4  Data  Gb  system_stm32f4xx.o [1]
SystemInit               0x801'7e31       0xc  Code  Gb  system_stm32f4xx.o [1]
TIM4_IRQHandler          0x801'7a55       0x6  Code  Gb  stm32f4xx_it.o [1]
TIM7_IRQHandler          0x801'7a61       0x6  Code  Gb  stm32f4xx_it.o [1]
TIM_Base_SetConfig       0x801'4111      0x96  Code  Gb  stm32f4xx_hal_tim.o [1]
TouchGFXGeneratedHAL::TouchGFXGeneratedHAL(touchgfx::DMA_Interface &, touchgfx::LCD &, touchgfx::TouchController &, unsigned short, unsigned short)
                         0x801'4d65      0x24  Code  Gb  TouchGFXConfiguration.o [1]
TouchGFXGeneratedHAL::TouchGFXGeneratedHAL(touchgfx::DMA_Interface &, touchgfx::LCD &, touchgfx::TouchController &, unsigned short, unsigned short) [subobject]
                         0x801'4c19      0x14  Code  Gb  TouchGFXConfiguration.o [1]
TouchGFXGeneratedHAL::blockCopy(void *, void const *, unsigned int)
                         0x801'2959       0x4  Code  Gb  TouchGFXGeneratedHAL.o [1]
TouchGFXGeneratedHAL::configureInterrupts()
                         0x801'28e7      0x14  Code  Gb  TouchGFXGeneratedHAL.o [1]
TouchGFXGeneratedHAL::disableInterrupts()
                         0x801'290b      0x10  Code  Gb  TouchGFXGeneratedHAL.o [1]
TouchGFXGeneratedHAL::enableInterrupts()
                         0x801'28fb      0x10  Code  Gb  TouchGFXGeneratedHAL.o [1]
TouchGFXGeneratedHAL::enableLCDControllerInterrupt()
                         0x801'291b      0x28  Code  Gb  TouchGFXGeneratedHAL.o [1]
TouchGFXGeneratedHAL::flushFrameBuffer(touchgfx::Rect const &)
                         0x801'2955       0x4  Code  Gb  TouchGFXGeneratedHAL.o [1]
TouchGFXGeneratedHAL::getTFTCurrentLine()
                         0x801'295d      0x1c  Code  Gb  TouchGFXGeneratedHAL.o [1]
TouchGFXGeneratedHAL::getTFTFrameBuffer() const
                         0x801'2943       0x6  Code  Gb  TouchGFXGeneratedHAL.o [1]
TouchGFXGeneratedHAL::initialize()
                         0x801'2895      0x52  Code  Gb  TouchGFXGeneratedHAL.o [1]
TouchGFXGeneratedHAL::setTFTFrameBuffer(unsigned short *)
                         0x801'2949       0xc  Code  Gb  TouchGFXGeneratedHAL.o [1]
TouchGFXHAL::TouchGFXHAL(touchgfx::DMA_Interface &, touchgfx::LCD &, touchgfx::TouchController &, unsigned short, unsigned short)
                         0x801'4acd      0x24  Code  Gb  TouchGFXConfiguration.o [1]
TouchGFXHAL::blockCopy(void *, void const *, unsigned int)
                         0x801'4b81       0x4  Code  Gb  TouchGFXHAL.o [1]
TouchGFXHAL::configureInterrupts()
                         0x801'4b85       0x4  Code  Gb  TouchGFXHAL.o [1]
TouchGFXHAL::disableInterrupts()
                         0x801'4b8d       0x4  Code  Gb  TouchGFXHAL.o [1]
TouchGFXHAL::enableInterrupts()
                         0x801'4b89       0x4  Code  Gb  TouchGFXHAL.o [1]
TouchGFXHAL::enableLCDControllerInterrupt()
                         0x801'4b91       0x4  Code  Gb  TouchGFXHAL.o [1]
TouchGFXHAL::flushFrameBuffer(touchgfx::Rect const &)
                         0x801'4b7d       0x4  Code  Gb  TouchGFXHAL.o [1]
TouchGFXHAL::getTFTFrameBuffer() const
                         0x801'4b75       0x4  Code  Gb  TouchGFXHAL.o [1]
TouchGFXHAL::initialize()
                         0x801'4b71       0x4  Code  Gb  TouchGFXHAL.o [1]
TouchGFXHAL::setTFTFrameBuffer(unsigned short *)
[...]
touchgfx::Screen::setupScreen()
                         0x801'7f0b       0x2  Code  Gb  mainscreenViewBase.o [1]
touchgfx::Screen::startSMOC(touchgfx::Rect const &)
                         0x800'f593      0x22  Code  Gb  Screen.o [7]
touchgfx::Screen::tearDownScreen()
                         0x801'85cb       0x2  Code  Gb  mainscreenViewBase.o [1]
touchgfx::Screen::~Screen()
                         0x801'85df       0x2  Code  Gb  Screen.o [7]
touchgfx::TextProvider::TextProvider()
                         0x800'e3b5      0x3a  Code  Gb  TextProvider.o [7]
touchgfx::TextProvider::adjustArabicGlyph(touchgfx::Font const *, touchgfx::GlyphNode const *, unsigned short)
                         0x800'e84d     0x252  Code  Gb  TextProvider.o [7]
touchgfx::TextProvider::adjustHindiGlyph(touchgfx::GlyphNode const *)
                         0x800'e635      0x2e  Code  Gb  TextProvider.o [7]
touchgfx::TextProvider::adjustThaiGlyph(touchgfx::Font const *, touchgfx::GlyphNode const *)
                         0x800'e679     0x1d4  Code  Gb  TextProvider.o [7]
touchgfx::TextProvider::applyGsubRules(unsigned short const *, unsigned short)
                         0x800'ecfd      0x6a  Code  Gb  TextProvider.o [7]
touchgfx::TextProvider::circularBuffer<(unsigned int)10>::allocateFront(unsigned short)::string
                         0x801'8050      0x14  Data  Gb  TextProvider.o [7]
touchgfx::TextProvider::circularBuffer<(unsigned int)10>::allocateFront(unsigned short)::string (instance 2)
                         0x801'6af4      0x88  Data  Gb  TextProvider.o [7]
touchgfx::TextProvider::circularBuffer<(unsigned int)10>::dropFront(unsigned short)::string
                         0x801'83a0       0xc  Data  Gb  TextProvider.o [7]
touchgfx::TextProvider::circularBuffer<(unsigned int)10>::dropFront(unsigned short)::string (instance 2)
                         0x801'695c      0x88  Data  Gb  TextProvider.o [7]
touchgfx::TextProvider::circularBuffer<(unsigned int)10>::peekChar()::string
                         0x801'837c       0xc  Data  Gb  Texts.o [1]
touchgfx::TextProvider::circularBuffer<(unsigned int)10>::peekChar()::string (instance 2)
                         0x801'7084      0x74  Data  Gb  Texts.o [1]
touchgfx::TextProvider::circularBuffer<(unsigned int)10>::peekChar(unsigned short)::string
                         0x801'82f0      0x10  Data  Gb  Texts.o [1]
touchgfx::TextProvider::circularBuffer<(unsigned int)10>::peekChar(unsigned short)::string (instance 2)
                         0x801'70f8      0x74  Data  Gb  Texts.o [1]
touchgfx::TextProvider::circularBuffer<(unsigned int)10>::popBack()::string
                         0x801'83ac       0xc  Data  Gb  TextProvider.o [7]
touchgfx::TextProvider::circularBuffer<(unsigned int)10>::popBack()::string (instance 2)
                         0x801'6a6c      0x88  Data  Gb  TextProvider.o [7]
touchgfx::TextProvider::circularBuffer<(unsigned int)10>::popFront()::string
                         0x801'8394       0xc  Data  Gb  TextProvider.o [7]
touchgfx::TextProvider::circularBuffer<(unsigned int)10>::popFront()::string (instance 2)
                         0x801'68d4      0x88  Data  Gb  TextProvider.o [7]
touchgfx::TextProvider::circularBuffer<(unsigned int)10>::pushBack(unsigned short)::string
                         0x801'83b8       0xc  Data  Gb  TextProvider.o [7]
touchgfx::TextProvider::circularBuffer<(unsigned int)10>::pushBack(unsigned short)::string (instance 2)
                         0x801'6c04      0x88  Data  Gb  TextProvider.o [7]
touchgfx::TextProvider::circularBuffer<(unsigned int)10>::replaceAt(unsigned short, unsigned short)::string
                         0x801'8310      0x10  Data  Gb  TextProvider.o [7]
touchgfx::TextProvider::circularBuffer<(unsigned int)10>::replaceAt(unsigned short, unsigned short)::string (instance 2)
                         0x801'6b7c      0x88  Data  Gb  TextProvider.o [7]
touchgfx::TextProvider::circularBuffer<(unsigned int)10>::replaceAt1(unsigned short)::string
                         0x801'8388       0xc  Data  Gb  Texts.o [1]
touchgfx::TextProvider::circularBuffer<(unsigned int)10>::replaceAt1(unsigned short)::string (instance 2)
                         0x801'716c      0x74  Data  Gb  Texts.o [1]
touchgfx::TextProvider::circularBuffer<(unsigned int)2>::allocateFront(unsigned short)::string
                         0x801'803c      0x14  Data  Gb  TextProvider.o [7]
touchgfx::TextProvider::circularBuffer<(unsigned int)2>::allocateFront(unsigned short)::string (instance 2)
                         0x801'69e4      0x88  Data  Gb  TextProvider.o [7]
touchgfx::TextProvider::circularBuffer<(unsigned int)2>::peekChar(unsigned short)::string
                         0x801'8320      0x10  Data  Gb  TextProvider.o [7]
touchgfx::TextProvider::circularBuffer<(unsigned int)2>::peekChar(unsigned short)::string (instance 2)
                         0x801'6c8c      0x88  Data  Gb  TextProvider.o [7]
touchgfx::TextProvider::fillInputBuffer()
                         0x800'ebc3      0xe2  Code  Gb  TextProvider.o [7]
touchgfx::TextProvider::getNextChar()
                         0x800'e3ef      0x5e  Code  Gb  TextProvider.o [7]
touchgfx::TextProvider::getNextCharInternal()
                         0x800'e5b5      0x62  Code  Gb  TextProvider.o [7]
touchgfx::TextProvider::getNextLigature(unsigned char)
                         0x800'ef25      0xb2  Code  Gb  Texts.o [1]
touchgfx::TextProvider::getNextLigature(unsigned char, touchgfx::Font const *, touchgfx::GlyphNode const *&)
                         0x800'e44d      0xa8  Code  Gb  TextProvider.o [7]
touchgfx::TextProvider::getNextLigature(unsigned char, touchgfx::Font const *, touchgfx::GlyphNode const *&, unsigned char const *&, unsigned char &)
                         0x800'e4f5      0xb0  Code  Gb  TextProvider.o [7]
touchgfx::TextProvider::gsubRuleMatch(unsigned short const *, unsigned short, unsigned short, unsigned short)
                         0x800'ed67      0xa6  Code  Gb  TextProvider.o [7]
touchgfx::TextProvider::gsubTableBinarySearch(unsigned short, unsigned short const *, unsigned short) const
                         0x800'ee59      0x46  Code  Gb  TextProvider.o [7]
touchgfx::TextProvider::initialize(unsigned short const *, __va_list, unsigned short const *)
                         0x800'e617      0x18  Code  Gb  TextProvider.o [7]
touchgfx::TextProvider::initializeInternal()
                         0x800'efe1       0x4  Code  Gb  Texts.o [1]
touchgfx::TextProvider::replaceInputCharacters(unsigned short, unsigned short, unsigned short const *)
                         0x800'eaad     0x116  Code  Gb  TextProvider.o [7]
touchgfx::TextProvider::substituteGlyphs()
                         0x800'eca5      0x58  Code  Gb  TextProvider.o [7]
touchgfx::TextProvider::thaiLookupGlyph(touchgfx::GlyphNode const *, touchgfx::Font const *, unsigned short) const
                         0x800'e663      0x16  Code  Gb  TextProvider.o [7]
touchgfx::Texts::currentLanguage
                        0x2001'20a8       0x2  Data  Gb  Texts.o [1]
touchgfx::Texts::getText(unsigned short) const
                         0x800'f049      0x10  Code  Gb  Texts.o [1]
touchgfx::Texts::setLanguage(unsigned short)
                         0x800'efff      0x4a  Code  Gb  Texts.o [1]
touchgfx::TouchCalibration::clzu(unsigned int)
                         0x800'e301      0x3a  Code  Gb  TouchCalibration.o [7]
touchgfx::TouchCalibration::matrix
                        0x2001'1fe0      0x2c  Data  Gb  TouchCalibration.o [7]
touchgfx::TouchCalibration::muldiv(int, int, int, int, int &)
                         0x800'e1b9      0x96  Code  Gb  TouchCalibration.o [7]
touchgfx::TouchCalibration::muldivu(unsigned int, unsigned int, unsigned int, unsigned int, unsigned int, unsigned int &)
                         0x800'e24f      0xac  Code  Gb  TouchCalibration.o [7]
touchgfx::TouchCalibration::translatePoint(touchgfx::Point &)
                         0x800'e33b      0x74  Code  Gb  TouchCalibration.o [7]
touchgfx::Transition::handleTickEvent()
                         0x801'4daf       0x2  Code  Gb  FrontendApplicationBase.o [1]
touchgfx::Transition::init()
                         0x801'5027       0x2  Code  Gb  FrontendApplicationBase.o [1]
touchgfx::Transition::invalidate()
                         0x801'8331      0x10  Code  Gb  FrontendApplicationBase.o [1]
touchgfx::Transition::setScreenContainer(touchgfx::Container &)
                         0x801'8431       0x4  Code  Gb  FrontendApplicationBase.o [1]
touchgfx::Transition::tearDown()
                         0x801'4dfb       0x2  Code  Gb  FrontendApplicationBase.o [1]
touchgfx::Transition::~Transition()
                         0x801'4c7f       0x2  Code  Gb  FrontendApplicationBase.o [1]
touchgfx::TypedText::TypedText(unsigned short)
                         0x801'57f5       0xc  Code  Gb  mainscreenViewBase.o [1]
touchgfx::TypedText::assertValid() const::string (instance 2)
                         0x801'7938      0x44  Data  Gb  mainscreenViewBase.o [1]
touchgfx::TypedText::assertValid() const::string (instance 3)
                         0x801'7010      0x74  Data  Gb  mainscreenViewBase.o [1]
touchgfx::TypedText::assertValid() const::string (instance 5)
                         0x801'75f0      0x54  Data  Gb  mainscreenViewBase.o [1]
touchgfx::TypedText::fonts
                        0x2001'20fc       0x4  Data  Gb  TypedText.o [7]
touchgfx::TypedText::numberOfTypedTexts
                        0x2001'210c       0x2  Data  Gb  TypedText.o [7]
touchgfx::TypedText::texts
                        0x2001'20f8       0x4  Data  Gb  TypedText.o [7]
touchgfx::TypedText::typedTexts
                        0x2001'20f4       0x4  Data  Gb  TypedText.o [7]
touchgfx::UIEventListener::handleClickEvent(touchgfx::ClickEvent const &)
                         0x801'85d5       0x2  Code  Gb  Application.o [7]
touchgfx::UIEventListener::handleDragEvent(touchgfx::DragEvent const &)
                         0x801'85d7       0x2  Code  Gb  Application.o [7]
touchgfx::UIEventListener::handleGestureEvent(touchgfx::GestureEvent const &)
                         0x801'85d9       0x2  Code  Gb  Application.o [7]
touchgfx::UIEventListener::handleKeyEvent(unsigned char)
                         0x801'85db       0x2  Code  Gb  Application.o [7]
touchgfx::UIEventListener::handleTickEvent()
                         0x801'85dd       0x2  Code  Gb  Application.o [7]
touchgfx::Vector<touchgfx::Rect, (unsigned short)8>::Vector()
                         0x800'f429      0x1c  Code  Gb  Application.o [7]
touchgfx::Vector<touchgfx::Rect, (unsigned short)8>::add(touchgfx::Rect)
                         0x800'fcf9      0x4c  Code  Gb  Application.o [7]
touchgfx::Vector<touchgfx::Rect, (unsigned short)8>::add(touchgfx::Rect)::string (instance 2)
                         0x801'7cac      0x30  Data  Gb  Application.o [7]
touchgfx::Vector<touchgfx::Rect, (unsigned short)8>::add(touchgfx::Rect)::string (instance 3)
                         0x801'6d9c      0x84  Data  Gb  Application.o [7]
touchgfx::Vector<touchgfx::Rect, (unsigned short)8>::quickRemoveAt(unsigned short)
                         0x800'fc2f      0x30  Code  Gb  Application.o [7]
touchgfx::View<mainscreenPresenter>::~View()
                         0x801'85d1       0x2  Code  Gb  mainscreenViewBase.o [1]
touchgfx::Widget::getLastChild(short, short, touchgfx::Drawable **)
                         0x800'fd63      0x12  Code  Gb  AbstractButton.o [7]
touchgfx_fonts          0x2001'20d4       0xc  Data  Gb  TypedTextDatabase.o [1]
touchgfx_init            0x801'450b      0x52  Code  Gb  TouchGFXConfiguration.o [1]
touchgfx_taskEntry       0x801'455d       0x6  Code  Gb  TouchGFXConfiguration.o [1]
typedTextDatabaseArray   0x801'85c4       0x4  Data  Gb  TypedTextDatabase.o [1]
typedText_database_DEFAULT
                         0x801'85e8       0x2  Data  Gb  TypedTextDatabase.o [1]
ucHeap                  0x2000'0df4  0x1'0000  Data  Lc  heap_4.o [1]
ucMaxSysCallPriority    0x2000'000c       0x1  Data  Lc  port.o [1]
ulMaxPRIGROUPValue      0x2000'0014       0x4  Data  Lc  port.o [1]
unicodes_verdana_10_4bpp
                         0x801'15c8       0x4  Data  Gb  Table_verdana_10_4bpp.o [1]
unicodes_verdana_10_4bpp_0
                         0x801'7fa4      0x18  Data  Gb  Font_verdana_10_4bpp_0.o [1]
unicodes_verdana_20_4bpp
                         0x801'1528       0x4  Data  Gb  Table_verdana_20_4bpp.o [1]
unicodes_verdana_20_4bpp_0
                         0x801'5bb8     0x234  Data  Gb  Font_verdana_20_4bpp_0.o [1]
unicodes_verdana_40_4bpp
                         0x801'1578       0x4  Data  Gb  Table_verdana_40_4bpp.o [1]
unicodes_verdana_40_4bpp_0
                         0x801'613c     0x118  Data  Gb  Font_verdana_40_4bpp_0.o [1]
uwTick                  0x2000'001c       0x4  Data  Gb  stm32f4xx_hal.o [1]
uwTickFreq              0x2000'0018       0x1  Data  Gb  stm32f4xx_hal.o [1]
uwTickPrio              0x2000'0020       0x4  Data  Gb  stm32f4xx_hal.o [1]
uxCriticalNesting       0x2000'0010       0x4  Data  Lc  port.o [1]
uxCurrentNumberOfTasks  0x2001'1e08       0x4  Data  Lc  tasks.o [1]
uxDeletedTasksWaitingCleanUp
                        0x2001'1df0       0x4  Data  Lc  tasks.o [1]
uxListRemove             0x801'17f9      0x26  Code  Gb  list.o [1]
uxSchedulerSuspended    0x2001'1e2c       0x4  Data  Lc  tasks.o [1]
uxTaskNumber            0x2001'1e24       0x4  Data  Lc  tasks.o [1]
uxTopReadyPriority      0x2001'1e10       0x4  Data  Lc  tasks.o [1]
vApplicationGetIdleTaskMemory
                         0x800'f415      0x14  Code  Wk  cmsis_os2.o [1]
vApplicationGetIdleTaskMemory::Idle_Stack
                        0x2001'19e8     0x200  Data  Lc  cmsis_os2.o [1]
vApplicationGetIdleTaskMemory::Idle_TCB
                        0x2001'198c      0x5c  Data  Lc  cmsis_os2.o [1]
vApplicationGetTimerTaskMemory
                         0x801'1d75      0x18  Code  Wk  cmsis_os2.o [1]
vApplicationGetTimerTaskMemory::Timer_Stack
                        0x2001'12b0     0x400  Data  Lc  cmsis_os2.o [1]
vApplicationGetTimerTaskMemory::Timer_TCB
                        0x2001'1254      0x5c  Data  Lc  cmsis_os2.o [1]
vListInitialise          0x801'178d      0x1a  Code  Gb  list.o [1]
vListInitialiseItem      0x801'17a7       0x6  Code  Gb  list.o [1]
vListInsert              0x801'17c7      0x32  Code  Gb  list.o [1]
vListInsertEnd           0x801'17ad      0x1a  Code  Gb  list.o [1]
vPortEnableVFP           0x801'1c19            Code  Gb  portasm.o [1]
vPortEnterCritical       0x801'06cd      0x32  Code  Gb  port.o [1]
vPortExitCritical        0x801'06ff      0x22  Code  Gb  port.o [1]
vPortFree                0x801'16e7      0x4c  Code  Gb  heap_4.o [1]
vPortStartFirstTask      0x801'1bf9            Code  Gb  portasm.o [1]
vPortValidateInterruptPriority
                         0x801'0749      0x34  Code  Gb  port.o [1]
vQueueAddToRegistry      0x801'0fc1      0x20  Code  Gb  queue.o [1]
vQueueDelete             0x801'0e91      0x22  Code  Gb  queue.o [1]
vQueueUnregisterQueue    0x801'0fe1      0x22  Code  Gb  queue.o [1]
vQueueWaitForMessageRestricted
                         0x801'100d      0x48  Code  Gb  queue.o [1]
vTaskDelay               0x800'ff93      0x2e  Code  Gb  tasks.o [1]
vTaskInternalSetTimeOutState
                         0x801'02d1       0xe  Code  Gb  tasks.o [1]
vTaskMissedYield         0x801'0345       0xa  Code  Gb  tasks.o [1]
vTaskPlaceOnEventList    0x801'0201      0x20  Code  Gb  tasks.o [1]
vTaskPlaceOnEventListRestricted
                         0x801'023b      0x2a  Code  Gb  tasks.o [1]
vTaskPriorityDisinheritAfterTimeout
                         0x801'04d1      0x72  Code  Gb  tasks.o [1]
vTaskStartScheduler      0x800'ffc7      0x6e  Code  Gb  tasks.o [1]
vTaskSuspendAll          0x801'0035       0xc  Code  Gb  tasks.o [1]
vTaskSwitchContext       0x801'01a9      0x50  Code  Gb  tasks.o [1]
vsync_queue             0x2000'0004       0x4  Data  Lc  OSWrappers.o [1]
xActiveTimerList1       0x2001'1bfc      0x14  Data  Lc  timers.o [1]
xActiveTimerList2       0x2001'1c10      0x14  Data  Lc  timers.o [1]
xBlockAllocatedBit      0x2000'0df0       0x4  Data  Lc  heap_4.o [1]
xDelayedTaskList1       0x2001'1e30      0x14  Data  Lc  tasks.o [1]
xDelayedTaskList2       0x2001'1e44      0x14  Data  Lc  tasks.o [1]
xFreeBytesRemaining     0x2000'0de0       0x4  Data  Lc  heap_4.o [1]
xMinimumEverFreeBytesRemaining
                        0x2000'0de4       0x4  Data  Lc  heap_4.o [1]
xNextTaskUnblockTime    0x2001'1e28       0x4  Data  Lc  tasks.o [1]
xNumOfOverflows         0x2001'1e20       0x4  Data  Lc  tasks.o [1]
xNumberOfSuccessfulAllocations
                        0x2000'0de8       0x4  Data  Lc  heap_4.o [1]
xNumberOfSuccessfulFrees
                        0x2000'0dec       0x4  Data  Lc  heap_4.o [1]
xPendedTicks            0x2001'1e18       0x4  Data  Lc  tasks.o [1]
xPendingReadyList       0x2001'1dbc      0x14  Data  Lc  tasks.o [1]
xPortStartScheduler      0x801'0629      0xa4  Code  Gb  port.o [1]
xPortSysTickHandler      0x801'0721      0x26  Code  Gb  port.o [1]
xQueueCreateCountingSemaphore
                         0x801'0943      0x2e  Code  Gb  queue.o [1]
xQueueCreateCountingSemaphoreStatic
                         0x801'090f      0x34  Code  Gb  queue.o [1]
xQueueGenericCreate      0x801'08a9      0x38  Code  Gb  queue.o [1]
xQueueGenericCreateStatic
                         0x801'084b      0x5e  Code  Gb  queue.o [1]
xQueueGenericReset       0x801'07d9      0x72  Code  Gb  queue.o [1]
xQueueGenericSend        0x801'0971     0x122  Code  Gb  queue.o [1]
xQueueGenericSendFromISR
                         0x801'0a9b      0x8c  Code  Gb  queue.o [1]
xQueueGiveFromISR        0x801'0b27      0x70  Code  Gb  queue.o [1]
xQueueReceive            0x801'0bab      0xfc  Code  Gb  queue.o [1]
xQueueReceiveFromISR     0x801'0e0f      0x82  Code  Gb  queue.o [1]
xQueueRegistry          0x2001'1f6c      0x40  Data  Gb  queue.o [1]
xQueueSemaphoreTake      0x801'0cb1     0x128  Code  Gb  queue.o [1]
xSchedulerRunning       0x2001'1e14       0x4  Data  Lc  tasks.o [1]
xStart                  0x2000'0dd4       0x8  Data  Lc  heap_4.o [1]
xSuspendedTaskList      0x2001'1df4      0x14  Data  Lc  tasks.o [1]
xTaskCheckForTimeOut     0x801'02df      0x66  Code  Gb  tasks.o [1]
xTaskCreate              0x800'fdfb      0x5c  Code  Gb  tasks.o [1]
xTaskCreateStatic        0x800'fd9d      0x5e  Code  Gb  tasks.o [1]
xTaskGetSchedulerState   0x801'03d9      0x18  Code  Gb  tasks.o [1]
xTaskGetTickCount        0x801'00e7       0x8  Code  Gb  tasks.o [1]
xTaskIncrementTick       0x801'00ef      0xba  Code  Gb  tasks.o [1]
xTaskPriorityDisinherit
                         0x801'0463      0x5e  Code  Gb  tasks.o [1]
xTaskPriorityInherit     0x801'03f1      0x68  Code  Gb  tasks.o [1]
xTaskRemoveFromEventList
                         0x801'0271      0x4a  Code  Gb  tasks.o [1]
xTaskResumeAll           0x801'0041      0x96  Code  Gb  tasks.o [1]
xTasksWaitingTermination
                        0x2001'1dd0      0x14  Data  Lc  tasks.o [1]
xTickCount              0x2001'1e0c       0x4  Data  Lc  tasks.o [1]
xTimerCreateTimerTask    0x801'1825      0x4c  Code  Gb  timers.o [1]
xTimerGenericCommand     0x801'1885      0x4e  Code  Gb  timers.o [1]
xTimerQueue             0x2001'1bf0       0x4  Data  Lc  timers.o [1]
xTimerTaskHandle        0x2001'1bf4       0x4  Data  Lc  timers.o [1]
xYieldPending           0x2001'1e1c       0x4  Data  Lc  tasks.o [1]


[1] = E:\word\MySelfF429\STM32F429\DoubleNEW\EWARM\DoubleNEW\Obj
[2] = dl7M_tlf.a
[3] = dlpp7M_tl_fc.a
[4] = m7M_tls.a
[5] = rt7M_tl.a
[6] = shb_l.a
[7] = touchgfx_core.a

  48'235 bytes of readonly  code memory
  51'747 bytes of readonly  data memory
  75'433 bytes of readwrite data memory

Errors: none
Warnings: none
