###############################################################################
#
# IAR ELF Linker V8.40.1.212/W32 for ARM                  09/Jun/2021  17:41:02
# Copyright 2007-2019 IAR Systems AB.
#
#    Output file  =
#        E:\word\MySelfF429\STM32F429\DoubleNEW\EWARM\DoubleNEW\Exe\DoubleNEW.out
#    Map file     =
#        E:\word\MySelfF429\STM32F429\DoubleNEW\EWARM\DoubleNEW\List\DoubleNEW.map
#    Command line =
#        -f C:\Users\gouxinyue\AppData\Local\Temp\EW523.tmp
#        (E:\word\MySelfF429\STM32F429\DoubleNEW\EWARM\DoubleNEW\Obj\app_touchgfx.o
#        E:\word\MySelfF429\STM32F429\DoubleNEW\EWARM\DoubleNEW\Obj\ApplicationFontProvider.o
#        E:\word\MySelfF429\STM32F429\DoubleNEW\EWARM\DoubleNEW\Obj\BitmapDatabase.o
#        E:\word\MySelfF429\STM32F429\DoubleNEW\EWARM\DoubleNEW\Obj\CachedFont.o
#        E:\word\MySelfF429\STM32F429\DoubleNEW\EWARM\DoubleNEW\Obj\cmsis_os2.o
#        E:\word\MySelfF429\STM32F429\DoubleNEW\EWARM\DoubleNEW\Obj\crc.o
#        E:\word\MySelfF429\STM32F429\DoubleNEW\EWARM\DoubleNEW\Obj\croutine.o
#        E:\word\MySelfF429\STM32F429\DoubleNEW\EWARM\DoubleNEW\Obj\dma2d.o
#        E:\word\MySelfF429\STM32F429\DoubleNEW\EWARM\DoubleNEW\Obj\event_groups.o
#        E:\word\MySelfF429\STM32F429\DoubleNEW\EWARM\DoubleNEW\Obj\fmc.o
#        E:\word\MySelfF429\STM32F429\DoubleNEW\EWARM\DoubleNEW\Obj\Font_verdana_10_4bpp_0.o
#        E:\word\MySelfF429\STM32F429\DoubleNEW\EWARM\DoubleNEW\Obj\Font_verdana_20_4bpp_0.o
#        E:\word\MySelfF429\STM32F429\DoubleNEW\EWARM\DoubleNEW\Obj\Font_verdana_40_4bpp_0.o
#        E:\word\MySelfF429\STM32F429\DoubleNEW\EWARM\DoubleNEW\Obj\FontCache.o
#        E:\word\MySelfF429\STM32F429\DoubleNEW\EWARM\DoubleNEW\Obj\freertos.o
#        E:\word\MySelfF429\STM32F429\DoubleNEW\EWARM\DoubleNEW\Obj\FrontendApplication.o
#        E:\word\MySelfF429\STM32F429\DoubleNEW\EWARM\DoubleNEW\Obj\FrontendApplicationBase.o
#        E:\word\MySelfF429\STM32F429\DoubleNEW\EWARM\DoubleNEW\Obj\GeneratedFont.o
#        E:\word\MySelfF429\STM32F429\DoubleNEW\EWARM\DoubleNEW\Obj\gpio.o
#        E:\word\MySelfF429\STM32F429\DoubleNEW\EWARM\DoubleNEW\Obj\heap_4.o
#        E:\word\MySelfF429\STM32F429\DoubleNEW\EWARM\DoubleNEW\Obj\image_Blue_Buttons_Round_Edge_small.o
#        E:\word\MySelfF429\STM32F429\DoubleNEW\EWARM\DoubleNEW\Obj\image_Blue_Buttons_Round_Edge_small_pressed.o
#        E:\word\MySelfF429\STM32F429\DoubleNEW\EWARM\DoubleNEW\Obj\Kerning_verdana_10_4bpp.o
#        E:\word\MySelfF429\STM32F429\DoubleNEW\EWARM\DoubleNEW\Obj\Kerning_verdana_20_4bpp.o
#        E:\word\MySelfF429\STM32F429\DoubleNEW\EWARM\DoubleNEW\Obj\Kerning_verdana_40_4bpp.o
#        E:\word\MySelfF429\STM32F429\DoubleNEW\EWARM\DoubleNEW\Obj\LanguageGb.o
#        E:\word\MySelfF429\STM32F429\DoubleNEW\EWARM\DoubleNEW\Obj\list.o
#        E:\word\MySelfF429\STM32F429\DoubleNEW\EWARM\DoubleNEW\Obj\ltdc.o
#        E:\word\MySelfF429\STM32F429\DoubleNEW\EWARM\DoubleNEW\Obj\main.o
#        E:\word\MySelfF429\STM32F429\DoubleNEW\EWARM\DoubleNEW\Obj\mainscreenPresenter.o
#        E:\word\MySelfF429\STM32F429\DoubleNEW\EWARM\DoubleNEW\Obj\mainscreenView.o
#        E:\word\MySelfF429\STM32F429\DoubleNEW\EWARM\DoubleNEW\Obj\mainscreenViewBase.o
#        E:\word\MySelfF429\STM32F429\DoubleNEW\EWARM\DoubleNEW\Obj\Model.o
#        E:\word\MySelfF429\STM32F429\DoubleNEW\EWARM\DoubleNEW\Obj\OSWrappers.o
#        E:\word\MySelfF429\STM32F429\DoubleNEW\EWARM\DoubleNEW\Obj\port.o
#        E:\word\MySelfF429\STM32F429\DoubleNEW\EWARM\DoubleNEW\Obj\portasm.o
#        E:\word\MySelfF429\STM32F429\DoubleNEW\EWARM\DoubleNEW\Obj\queue.o
#        E:\word\MySelfF429\STM32F429\DoubleNEW\EWARM\DoubleNEW\Obj\startup_stm32f429xx.o
#        E:\word\MySelfF429\STM32F429\DoubleNEW\EWARM\DoubleNEW\Obj\STM32DMA.o
#        E:\word\MySelfF429\STM32F429\DoubleNEW\EWARM\DoubleNEW\Obj\stm32f4xx_hal.o
#        E:\word\MySelfF429\STM32F429\DoubleNEW\EWARM\DoubleNEW\Obj\stm32f4xx_hal_cortex.o
#        E:\word\MySelfF429\STM32F429\DoubleNEW\EWARM\DoubleNEW\Obj\stm32f4xx_hal_crc.o
#        E:\word\MySelfF429\STM32F429\DoubleNEW\EWARM\DoubleNEW\Obj\stm32f4xx_hal_dma.o
#        E:\word\MySelfF429\STM32F429\DoubleNEW\EWARM\DoubleNEW\Obj\stm32f4xx_hal_dma2d.o
#        E:\word\MySelfF429\STM32F429\DoubleNEW\EWARM\DoubleNEW\Obj\stm32f4xx_hal_dma_ex.o
#        E:\word\MySelfF429\STM32F429\DoubleNEW\EWARM\DoubleNEW\Obj\stm32f4xx_hal_dsi.o
#        E:\word\MySelfF429\STM32F429\DoubleNEW\EWARM\DoubleNEW\Obj\stm32f4xx_hal_exti.o
#        E:\word\MySelfF429\STM32F429\DoubleNEW\EWARM\DoubleNEW\Obj\stm32f4xx_hal_flash.o
#        E:\word\MySelfF429\STM32F429\DoubleNEW\EWARM\DoubleNEW\Obj\stm32f4xx_hal_flash_ex.o
#        E:\word\MySelfF429\STM32F429\DoubleNEW\EWARM\DoubleNEW\Obj\stm32f4xx_hal_flash_ramfunc.o
#        E:\word\MySelfF429\STM32F429\DoubleNEW\EWARM\DoubleNEW\Obj\stm32f4xx_hal_gpio.o
#        E:\word\MySelfF429\STM32F429\DoubleNEW\EWARM\DoubleNEW\Obj\stm32f4xx_hal_ltdc.o
#        E:\word\MySelfF429\STM32F429\DoubleNEW\EWARM\DoubleNEW\Obj\stm32f4xx_hal_ltdc_ex.o
#        E:\word\MySelfF429\STM32F429\DoubleNEW\EWARM\DoubleNEW\Obj\stm32f4xx_hal_msp.o
#        E:\word\MySelfF429\STM32F429\DoubleNEW\EWARM\DoubleNEW\Obj\stm32f4xx_hal_pwr.o
#        E:\word\MySelfF429\STM32F429\DoubleNEW\EWARM\DoubleNEW\Obj\stm32f4xx_hal_pwr_ex.o
#        E:\word\MySelfF429\STM32F429\DoubleNEW\EWARM\DoubleNEW\Obj\stm32f4xx_hal_rcc.o
#        E:\word\MySelfF429\STM32F429\DoubleNEW\EWARM\DoubleNEW\Obj\stm32f4xx_hal_rcc_ex.o
#        E:\word\MySelfF429\STM32F429\DoubleNEW\EWARM\DoubleNEW\Obj\stm32f4xx_hal_sdram.o
#        E:\word\MySelfF429\STM32F429\DoubleNEW\EWARM\DoubleNEW\Obj\stm32f4xx_hal_tim.o
#        E:\word\MySelfF429\STM32F429\DoubleNEW\EWARM\DoubleNEW\Obj\stm32f4xx_hal_tim_ex.o
#        E:\word\MySelfF429\STM32F429\DoubleNEW\EWARM\DoubleNEW\Obj\stm32f4xx_hal_timebase_tim.o
#        E:\word\MySelfF429\STM32F429\DoubleNEW\EWARM\DoubleNEW\Obj\stm32f4xx_hal_uart.o
#        E:\word\MySelfF429\STM32F429\DoubleNEW\EWARM\DoubleNEW\Obj\stm32f4xx_it.o
#        E:\word\MySelfF429\STM32F429\DoubleNEW\EWARM\DoubleNEW\Obj\stm32f4xx_ll_fmc.o
#        E:\word\MySelfF429\STM32F429\DoubleNEW\EWARM\DoubleNEW\Obj\STM32TouchController.o
#        E:\word\MySelfF429\STM32F429\DoubleNEW\EWARM\DoubleNEW\Obj\stream_buffer.o
#        E:\word\MySelfF429\STM32F429\DoubleNEW\EWARM\DoubleNEW\Obj\system_stm32f4xx.o
#        E:\word\MySelfF429\STM32F429\DoubleNEW\EWARM\DoubleNEW\Obj\Table_verdana_10_4bpp.o
#        E:\word\MySelfF429\STM32F429\DoubleNEW\EWARM\DoubleNEW\Obj\Table_verdana_20_4bpp.o
#        E:\word\MySelfF429\STM32F429\DoubleNEW\EWARM\DoubleNEW\Obj\Table_verdana_40_4bpp.o
#        E:\word\MySelfF429\STM32F429\DoubleNEW\EWARM\DoubleNEW\Obj\tasks.o
#        E:\word\MySelfF429\STM32F429\DoubleNEW\EWARM\DoubleNEW\Obj\Texts.o
#        E:\word\MySelfF429\STM32F429\DoubleNEW\EWARM\DoubleNEW\Obj\tim.o
#        E:\word\MySelfF429\STM32F429\DoubleNEW\EWARM\DoubleNEW\Obj\timers.o
#        E:\word\MySelfF429\STM32F429\DoubleNEW\Middlewares\ST\touchgfx\lib\core\cortex_m4f\IAR8.x\touchgfx_core.a
#        E:\word\MySelfF429\STM32F429\DoubleNEW\EWARM\DoubleNEW\Obj\TouchGFXConfiguration.o
#        E:\word\MySelfF429\STM32F429\DoubleNEW\EWARM\DoubleNEW\Obj\TouchGFXGeneratedHAL.o
#        E:\word\MySelfF429\STM32F429\DoubleNEW\EWARM\DoubleNEW\Obj\TouchGFXGPIO.o
#        E:\word\MySelfF429\STM32F429\DoubleNEW\EWARM\DoubleNEW\Obj\TouchGFXHAL.o
#        E:\word\MySelfF429\STM32F429\DoubleNEW\EWARM\DoubleNEW\Obj\TypedTextDatabase.o
#        E:\word\MySelfF429\STM32F429\DoubleNEW\EWARM\DoubleNEW\Obj\UnmappedDataFont.o
#        E:\word\MySelfF429\STM32F429\DoubleNEW\EWARM\DoubleNEW\Obj\usart.o
#        --no_out_extension -o
#        E:\word\MySelfF429\STM32F429\DoubleNEW\EWARM\DoubleNEW\Exe\DoubleNEW.out
#        --redirect _Printf=_PrintfFullNoMb --redirect _Scanf=_ScanfFullNoMb
#        --map
#        E:\word\MySelfF429\STM32F429\DoubleNEW\EWARM\DoubleNEW\List\DoubleNEW.map
#        --config
#        E:\word\MySelfF429\STM32F429\DoubleNEW\EWARM/stm32f429xx_flash.icf
#        --semihosting --entry __iar_program_start --vfe --text_out locale)
#
###############################################################################

*******************************************************************************
*** RUNTIME MODEL ATTRIBUTES
***

CppFlavor                     = *
__CPP_Exceptions              = Disabled
__CPP_Language                = C++14
__Heap_Handler                = Basic
__SystemLibrary               = DLib
__dlib_dynamic_initialization = normal
__dlib_version                = 6


*******************************************************************************
*** HEAP SELECTION
***

The basic heap was selected because no calls to memory allocation
functions were found in the application outside of system library
functions, and there are calls to deallocation functions in the
application.


*******************************************************************************
*** PLACEMENT SUMMARY
***

"A0":  place at address 0x800'0000 { ro section .intvec };
"P1":  place in [from 0x800'0000 to 0x81f'ffff] { ro };
define block CSTACK with size = 1K, alignment = 8 { };
define block HEAP with size = 512, alignment = 8 { };
"P2":  place in [from 0x2000'0000 to 0x2002'ffff] {
          rw, block CSTACK, block HEAP };
initialize by copy { rw };

No sections matched the following patterns:

  rw section CCMBuffSection  in "P4"
  rw section ExtBuffSection  in "P3"
  rw section FBuffSection    in "P5"


  Section                 Kind         Address      Size  Object
  -------                 ----         -------      ----  ------
"A0":                                              0x1ac
  .intvec                 ro code   0x800'0000     0x1ac  startup_stm32f429xx.o [1]
                                  - 0x800'01ac     0x1ac

"P1":                                           0x2'214c
  ExtFlashSection         const     0x800'01ac    0x9f60  image_Blue_Buttons_Round_Edge_small.o [1]
  ExtFlashSection         const     0x800'a10c    0x9f60  image_Blue_Buttons_Round_Edge_small_pressed.o [1]
  .text                   ro code   0x801'406c    0x162c  LCD16bpp.o [7]
  .text                   ro code   0x801'5698      0x14  memset.o [5]
  .text                   ro code   0x801'56ac     0x464  Bitmap.o [7]
  .text                   ro code   0x801'5b10      0x24  ABIassert.o [6]
  .text                   ro code   0x801'5b34      0xa6  ABImemcpy.o [5]
  .text                   ro code   0x801'5bda      0x3a  zero_init3.o [5]
  .text                   ro code   0x801'5c14      0xe4  DisplayTransformation.o [7]
  .text                   ro code   0x801'5cf8     0x840  HAL.o [7]
  .text                   ro code   0x801'6538     0x81a  LCD.o [7]
  .text                   ro code   0x801'6d52      0x1e  UnmappedDataFont.o [1]
  .text                   ro code   0x801'6d70      0x66  ABImemset.o [5]
  .text                   ro code   0x801'6dd6       0x6  abort.o [2]
  .text                   ro code   0x801'6ddc      0x10  mainscreenViewBase.o [1]
  .text                   ro code   0x801'6dec      0xa4  OSWrappers.o [1]
  .text                   ro code   0x801'6e90       0x6  TouchGFXGPIO.o [1]
  .text                   ro code   0x801'6e96      0x1a  FrontendApplicationBase.o [1]
  .text                   ro code   0x801'6eb0     0xe80  Application.o [7]
  .text                   ro code   0x801'7d30     0x16c  Gestures.o [7]
  .text                   ro code   0x801'7e9c     0x23a  DMA.o [7]
  .text                   ro code   0x801'80d6      0x1a  LCD16bpp.o [7]
  .text                   ro code   0x801'80f0      0x24  HAL.o [7]
  .text                   ro code   0x801'8114     0x1fc  TouchCalibration.o [7]
  .text                   ro code   0x801'8310     0xaea  TextProvider.o [7]
  .text                   ro code   0x801'8dfa      0x74  LCD.o [7]
  .text                   ro code   0x801'8e6e      0x12  TouchGFXHAL.o [1]
  .text                   ro code   0x801'8e80     0x168  Texts.o [1]
  .text                   ro code   0x801'8fe8      0x14  exit.o [6]
  .text                   ro code   0x801'8ffc     0x36c  cmsis_os2.o [1]
  .text                   ro code   0x801'9368      0x1c  Application.o [7]
  .text                   ro code   0x801'9384      0x88  stm32_crc_lock.o [7]
  .text                   ro code   0x801'940c     0x634  Screen.o [7]
  .text                   ro code   0x801'9a40      0x86  Drawable.o [7]
  .text                   ro code   0x801'9ac6      0x18  Application.o [7]
  .text                   ro code   0x801'9ade      0x90  Application.o [7]
  .text                   ro code   0x801'9b6e      0x30  Application.o [7]
  .text                   ro code   0x801'9b9e      0x44  Bitmap.o [7]
  .text                   ro code   0x801'9be2      0x44  Screen.o [7]
  .text                   ro code   0x801'9c26      0x12  AbstractButton.o [7]
  .text                   ro code   0x801'9c38      0x4c  Application.o [7]
  .text                   ro code   0x801'9c84       0x6  ABImemclr4.o [5]
  .text                   ro code   0x801'9c8a       0xc  TouchGFXConfiguration.o [1]
  .text                   ro code   0x801'9c96       0xc  memcpy.o [5]
  .text                   ro code   0x801'9ca2      0x12  AbstractButton.o [7]
  .text                   ro code   0x801'9cb4      0x28  TypedTextDatabase.o [1]
  .text                   ro code   0x801'9cdc     0x818  tasks.o [1]
  .text                   ro code   0x801'a4f4     0x1f4  port.o [1]
  .text                   ro code   0x801'a6e8     0x87c  queue.o [1]
  .text                   ro code   0x801'af64      0x32  cxxabi.o [3]
  .text                   ro code   0x801'af96       0xa  TouchGFXConfiguration.o [1]
  .text                   ro code   0x801'afa0      0x34  Screen.o [7]
  .text                   ro code   0x801'afd4     0x1f6  Container.o [7]
  .text                   ro code   0x801'b1ca      0x3e  Screen.o [7]
  .text                   ro code   0x801'b208      0x28  Screen.o [7]
  .text                   ro code   0x801'b230      0x28  Screen.o [7]
  .text                   ro code   0x801'b258     0x10a  Drawable.o [7]
  .text                   ro code   0x801'b362       0xa  TouchGFXConfiguration.o [1]
  .text                   ro code   0x801'b36c      0x20  Screen.o [7]
  .text                   ro code   0x801'b38c      0x1c  Screen.o [7]
  .text                   ro code   0x801'b3a8      0x3a  ABImemset48.o [5]
  .text                   ro code   0x801'b3e2       0xa  TouchGFXHAL.o [1]
  .text                   ro code   0x801'b3ec      0x50  Table_verdana_20_4bpp.o [1]
  .text                   ro code   0x801'b43c      0x50  Table_verdana_40_4bpp.o [1]
  .text                   ro code   0x801'b48c      0x50  Table_verdana_10_4bpp.o [1]
  .text                   ro code   0x801'b4dc     0x1c0  heap_4.o [1]
  .text                   ro code   0x801'b69c      0x92  list.o [1]
  .text                   ro code   0x801'b72e       0xa  UnmappedDataFont.o [1]
  .text                   ro code   0x801'b738     0x360  timers.o [1]
  CODE                    ro code   0x801'ba98      0xb0  portasm.o [1]
  .text                   ro code   0x801'bb48      0xa0  cppinit.o [2]
  .text                   ro code   0x801'bbe8      0xa0  GeneratedFont.o [1]
  .text                   ro code   0x801'bc88      0x18  cmsis_os2.o [1]
  .text                   ro code   0x801'bca0     0x12a  ConstFont.o [7]
  .text                   ro code   0x801'bdca       0x6  FrontendApplicationBase.o [1]
  .rodata                 const     0x801'bdd0     0x3fc  LCD16bpp.o [7]
  .text                   ro code   0x801'c1cc     0x344  stm32f4xx_hal_ltdc.o [1]
  .text                   ro code   0x801'c510     0x270  ltdc.o [1]
  .text                   ro code   0x801'c780     0x150  TouchGFXGeneratedHAL.o [1]
  .text                   ro code   0x801'c8d0       0x2  stm32f4xx_hal_ltdc.o [1]
  .text                   ro code   0x801'c8d2       0x2  stm32f4xx_hal_ltdc.o [1]
  .text                   ro code   0x801'c8d4     0x12c  main.o [1]
  .text                   ro code   0x801'ca00     0x214  stm32f4xx_hal_gpio.o [1]
  .text                   ro code   0x801'cc14      0x98  stm32f4xx_hal_cortex.o [1]
  .text                   ro code   0x801'ccac      0x34  stm32f4xx_hal.o [1]
  .text                   ro code   0x801'cce0      0xe6  gpio.o [1]
  .text                   ro code   0x801'cdc6       0x6  STM32DMA.o [1]
  .text                   ro code   0x801'cdcc      0x7c  dma2d.o [1]
  .text                   ro code   0x801'ce48     0x1d0  fmc.o [1]
  .text                   ro code   0x801'd018      0x74  tim.o [1]
  .text                   ro code   0x801'd08c      0xa4  usart.o [1]
  .text                   ro code   0x801'd130      0x4c  crc.o [1]
  .text                   ro code   0x801'd17c       0x8  app_touchgfx.o [1]
  .text                   ro code   0x801'd184      0x20  freertos.o [1]
  .text                   ro code   0x801'd1a4     0x31c  stm32f4xx_hal_rcc.o [1]
  .text                   ro code   0x801'd4c0      0x78  stm32f4xx_hal_pwr_ex.o [1]
  .text                   ro code   0x801'd538     0x1e4  stm32f4xx_hal_rcc.o [1]
  .text                   ro code   0x801'd71c     0x224  stm32f4xx_hal_rcc_ex.o [1]
  .text                   ro code   0x801'd940      0x10  stm32f4xx_hal.o [1]
  .text                   ro code   0x801'd950      0x7c  stm32f4xx_hal_timebase_tim.o [1]
  .text                   ro code   0x801'd9cc      0x40  stm32f4xx_hal_msp.o [1]
  .text                   ro code   0x801'da0c     0x206  stm32f4xx_hal_dma2d.o [1]
  .text                   ro code   0x801'dc12       0x6  STM32DMA.o [1]
  .text                   ro code   0x801'dc18      0xba  stm32f4xx_hal_sdram.o [1]
  .text                   ro code   0x801'dcd2       0x6  STM32DMA.o [1]
  .text                   ro code   0x801'dcd8      0x28  stm32f4xx_hal.o [1]
  .text                   ro code   0x801'dd00     0x2f4  stm32f4xx_hal_tim.o [1]
  .text                   ro code   0x801'dff4      0x8c  stm32f4xx_hal_tim_ex.o [1]
  .text                   ro code   0x801'e080     0x13c  stm32f4xx_hal_uart.o [1]
  .text                   ro code   0x801'e1bc      0x20  stm32f4xx_hal_crc.o [1]
  .text                   ro code   0x801'e1dc      0xb4  TouchGFXConfiguration.o [1]
  .text                   ro code   0x801'e290       0xc  stm32f4xx_hal.o [1]
  .text                   ro code   0x801'e29c     0x106  I64DivMod_small.o [5]
  .text                   ro code   0x801'e3a2       0x2  stm32f4xx_hal_dma2d.o [1]
  .text                   ro code   0x801'e3a4       0x2  stm32f4xx_hal_dma2d.o [1]
  .text                   ro code   0x801'e3a6       0x6  STM32TouchController.o [1]
  .text                   ro code   0x801'e3ac     0x14a  stm32f4xx_ll_fmc.o [1]
  .text                   ro code   0x801'e4f6       0x2  stm32f4xx_hal_sdram.o [1]
  .text                   ro code   0x801'e4f8       0x2  stm32f4xx_hal_tim.o [1]
  .text                   ro code   0x801'e4fa       0x2  stm32f4xx_hal_tim.o [1]
  .text                   ro code   0x801'e4fc       0x2  stm32f4xx_hal_tim_ex.o [1]
  .text                   ro code   0x801'e4fe       0x2  stm32f4xx_hal_tim.o [1]
  .text                   ro code   0x801'e500       0x2  stm32f4xx_hal_tim_ex.o [1]
  .text                   ro code   0x801'e502       0x2  stm32f4xx_hal_tim.o [1]
  .text                   ro code   0x801'e504     0x2d4  STM32DMA.o [1]
  .text                   ro code   0x801'e7d8      0x24  TouchGFXConfiguration.o [1]
  .text                   ro code   0x801'e7fc       0xc  BitmapDatabase.o [1]
  .text                   ro code   0x801'e808       0xc  FontManager.o [7]
  .text                   ro code   0x801'e814      0x58  TouchGFXConfiguration.o [1]
  .text                   ro code   0x801'e86c      0x24  TouchGFXHAL.o [1]
  .text                   ro code   0x801'e890       0x2  I64DivZer.o [5]
  .text                   ro code   0x801'e892       0x8  STM32DMA.o [1]
  .text                   ro code   0x801'e89a       0x6  TouchGFXHAL.o [1]
  .text                   ro code   0x801'e8a0      0x3c  STM32DMA.o [1]
  .text                   ro code   0x801'e8dc      0x38  STM32DMA.o [1]
  .text                   ro code   0x801'e914      0x14  TouchGFXConfiguration.o [1]
  .text                   ro code   0x801'e928       0xc  TouchGFXConfiguration.o [1]
  .text                   ro code   0x801'e934      0x14  TouchGFXConfiguration.o [1]
  .text                   ro code   0x801'e948      0x14  TouchGFXConfiguration.o [1]
  .text                   ro code   0x801'e95c      0x14  TouchGFXConfiguration.o [1]
  .text                   ro code   0x801'e970       0xa  Model.o [1]
  .text                   ro code   0x801'e97a       0x6  UnmappedDataFont.o [1]
  .text                   ro code   0x801'e980      0x18  FrontendApplication.o [1]
  .text                   ro code   0x801'e998      0xcc  FrontendApplicationBase.o [1]
  .text                   ro code   0x801'ea64      0x24  TouchGFXConfiguration.o [1]
  .text                   ro code   0x801'ea88      0x1c  TouchGFXConfiguration.o [1]
  .text                   ro code   0x801'eaa4       0xa  AbstractPartition.o [7]
  .text                   ro code   0x801'eaae       0x2  FrontendApplicationBase.o [1]
  .text                   ro code   0x801'eab0      0x20  FrontendApplicationBase.o [1]
  LCD16bpp_enableTextureMapperAll
                          ro code   0x801'ead0      0x2a  LCD16bpp.o [7]
  .text                   ro code   0x801'eafa       0x2  FrontendApplicationBase.o [1]
  .text                   ro code   0x801'eafc      0x14  FrontendApplicationBase.o [1]
  .text                   ro code   0x801'eb10     0x144  FrontendApplicationBase.o [1]
  .text                   ro code   0x801'ec54      0x14  TouchGFXConfiguration.o [1]
  .text                   ro code   0x801'ec68       0xc  TouchGFXConfiguration.o [1]
  LCD16bpp_enableTextureMapperA4
                          ro code   0x801'ec74      0x12  LCD16bpp.o [7]
  LCD16bpp_enableTextureMapperARGB8888
                          ro code   0x801'ec86      0x12  LCD16bpp.o [7]
  LCD16bpp_enableTextureMapperL8_ARGB8888
                          ro code   0x801'ec98      0x12  LCD16bpp.o [7]
  LCD16bpp_enableTextureMapperL8_RGB565
                          ro code   0x801'ecaa      0x12  LCD16bpp.o [7]
  LCD16bpp_enableTextureMapperL8_RGB888
                          ro code   0x801'ecbc      0x12  LCD16bpp.o [7]
  LCD16bpp_enableTextureMapperRGB565
                          ro code   0x801'ecce      0x1e  LCD16bpp.o [7]
  .text                   ro code   0x801'ecec      0x18  FrontendApplicationBase.o [1]
  .text                   ro code   0x801'ed04      0x1e  mainscreenView.o [1]
  .text                   ro code   0x801'ed22       0x2  FrontendApplicationBase.o [1]
  .text                   ro code   0x801'ed24      0x30  mainscreenPresenter.o [1]
  .text                   ro code   0x801'ed54      0xa8  TouchGFXConfiguration.o [1]
  .text                   ro code   0x801'edfc      0x18  TouchGFXConfiguration.o [1]
  LCD16bpp_enableTextureMapperA4_BilinearInterpolation
                          ro code   0x801'ee14      0x10  LCD16bpp.o [7]
  LCD16bpp_enableTextureMapperA4_NearestNeighbor
                          ro code   0x801'ee24      0x10  LCD16bpp.o [7]
  LCD16bpp_enableTextureMapperARGB8888_BilinearInterpolation
                          ro code   0x801'ee34      0x10  LCD16bpp.o [7]
  LCD16bpp_enableTextureMapperARGB8888_NearestNeighbor
                          ro code   0x801'ee44      0x10  LCD16bpp.o [7]
  LCD16bpp_enableTextureMapperL8_ARGB8888_BilinearInterpolation
                          ro code   0x801'ee54      0x10  LCD16bpp.o [7]
  LCD16bpp_enableTextureMapperL8_ARGB8888_NearestNeighbor
                          ro code   0x801'ee64      0x10  LCD16bpp.o [7]
  LCD16bpp_enableTextureMapperL8_RGB565_BilinearInterpolation
                          ro code   0x801'ee74      0x10  LCD16bpp.o [7]
  LCD16bpp_enableTextureMapperL8_RGB565_NearestNeighbor
                          ro code   0x801'ee84      0x10  LCD16bpp.o [7]
  LCD16bpp_enableTextureMapperL8_RGB888_BilinearInterpolation
                          ro code   0x801'ee94      0x10  LCD16bpp.o [7]
  LCD16bpp_enableTextureMapperL8_RGB888_NearestNeighbor
                          ro code   0x801'eea4      0x10  LCD16bpp.o [7]
  LCD16bpp_enableTextureMapperRGB565_Opaque_BilinearInterpolation
                          ro code   0x801'eeb4      0x10  LCD16bpp.o [7]
  LCD16bpp_enableTextureMapperRGB565_Opaque_NearestNeighbor
                          ro code   0x801'eec4      0x10  LCD16bpp.o [7]
  LCD16bpp_enableTextureMapperRGB565_NonOpaque_BilinearInterpolation
                          ro code   0x801'eed4      0x10  LCD16bpp.o [7]
  LCD16bpp_enableTextureMapperRGB565_NonOpaque_NearestNeighbor
                          ro code   0x801'eee4      0x10  LCD16bpp.o [7]
  .text                   ro code   0x801'eef4      0xf0  mainscreenViewBase.o [1]
  .text                   ro code   0x801'efe4      0x12  TouchGFXConfiguration.o [1]
  .text                   ro code   0x801'eff6       0x2  FrontendApplicationBase.o [1]
  .text                   ro code   0x801'eff8      0x4c  mainscreenViewBase.o [1]
  .text                   ro code   0x801'f044     0x2a0  ButtonWithLabel.o [7]
  .text                   ro code   0x801'f2e4      0x26  mainscreenViewBase.o [1]
  .text                   ro code   0x801'f30a       0x2  FrontendApplicationBase.o [1]
  .text                   ro code   0x801'f30c      0x48  mainscreenViewBase.o [1]
  .text                   ro code   0x801'f354      0x1a  mainscreenViewBase.o [1]
  .text                   ro code   0x801'f36e       0x2  mainscreenPresenter.o [1]
  .text                   ro code   0x801'f370     0x12c  Button.o [7]
  .text                   ro code   0x801'f49c       0xc  mainscreenViewBase.o [1]
  .text                   ro code   0x801'f4a8      0xd4  mainscreenViewBase.o [1]
  .text                   ro code   0x801'f57c       0x6  mainscreenViewBase.o [1]
  .text                   ro code   0x801'f582      0x14  TouchGFXConfiguration.o [1]
  .text                   ro code   0x801'f596       0x2  mainscreenPresenter.o [1]
  .rodata                 const     0x801'f598     0x2c8  Bitmap.o [7]
  FontFlashSection        const     0x801'f860     0x234  Font_verdana_20_4bpp_0.o [1]
  .rodata                 const     0x801'fa94     0x218  HAL.o [7]
  .text                   ro code   0x801'fcac     0x136  Font.o [7]
  .text                   ro code   0x801'fde2       0x2  mainscreenPresenter.o [1]
  FontFlashSection        const     0x801'fde4     0x118  Font_verdana_40_4bpp_0.o [1]
  .rodata                 const     0x801'fefc      0xf8  Container.o [7]
  .rodata                 const     0x801'fff4      0xd8  OSWrappers.o [1]
  .rodata                 const     0x802'00cc      0xd0  DMA.o [7]
  .rodata                 const     0x802'019c      0xbc  TouchGFXGeneratedHAL.o [1]
  .rodata                 const     0x802'0258      0xbc  TouchGFXHAL.o [1]
  .rodata                 const     0x802'0314      0xa4  FrontendApplicationBase.o [1]
  .rodata                 const     0x802'03b8      0xa4  FrontendApplicationBase.o [1]
  .rodata                 const     0x802'045c      0x90  FrontendApplicationBase.o [1]
  .rodata                 const     0x802'04ec      0x90  LCD16bpp.o [7]
  .rodata                 const     0x802'057c      0x88  TextProvider.o [7]
  .rodata                 const     0x802'0604      0x88  TextProvider.o [7]
  .rodata                 const     0x802'068c      0x88  TextProvider.o [7]
  .rodata                 const     0x802'0714      0x88  TextProvider.o [7]
  .rodata                 const     0x802'079c      0x88  TextProvider.o [7]
  .rodata                 const     0x802'0824      0x88  TextProvider.o [7]
  .rodata                 const     0x802'08ac      0x88  TextProvider.o [7]
  .rodata                 const     0x802'0934      0x88  TextProvider.o [7]
  .rodata                 const     0x802'09bc      0x88  Container.o [7]
  .rodata                 const     0x802'0a44      0x84  Application.o [7]
  .rodata                 const     0x802'0ac8      0x84  Button.o [7]
  FontFlashSection        const     0x802'0b4c      0x80  Table_verdana_20_4bpp.o [1]
  .text                   ro code   0x802'0bcc      0x78  lz77_init_single.o [5]
  .rodata                 const     0x802'0c44      0x74  FrontendApplicationBase.o [1]
  .rodata                 const     0x802'0cb8      0x74  mainscreenViewBase.o [1]
  .rodata                 const     0x802'0d2c      0x74  Texts.o [1]
  .rodata                 const     0x802'0da0      0x74  Texts.o [1]
  .rodata                 const     0x802'0e14      0x74  Texts.o [1]
  .rodata                 const     0x802'0e88      0x70  mainscreenViewBase.o [1]
  .rodata                 const     0x802'0ef8      0x70  TouchGFXHAL.o [1]
  .rodata                 const     0x802'0f68      0x70  ButtonWithLabel.o [7]
  .rodata                 const     0x802'0fd8      0x70  Button.o [7]
  .rodata                 const     0x802'1048      0x6c  AbstractButton.o [7]
  .text                   ro code   0x802'10b4      0x68  Box.o [7]
  .rodata                 const     0x802'111c      0x64  Box.o [7]
  .text                   ro code   0x802'1180      0x58  TouchGFXHAL.o [1]
  .rodata                 const     0x802'11d8      0x54  GeneratedFont.o [1]
  .rodata                 const     0x802'122c      0x54  mainscreenViewBase.o [1]
  .rodata                 const     0x802'1280      0x54  LCD16bpp.o [7]
  .rodata                 const     0x802'12d4      0x50  STM32DMA.o [1]
  .rodata                 const     0x802'1324      0x50  STM32DMA.o [1]
  .rodata                 const     0x802'1374      0x50  STM32DMA.o [1]
  .rodata                 const     0x802'13c4      0x50  STM32DMA.o [1]
  .text                   ro code   0x802'1414      0x4c  TouchGFXHAL.o [1]
  .rodata                 const     0x802'1460      0x48  Screen.o [7]
  .rodata                 const     0x802'14a8      0x44  FrontendApplication.o [1]
  .rodata                 const     0x802'14ec      0x44  FrontendApplicationBase.o [1]
  .rodata                 const     0x802'1530      0x44  FrontendApplicationBase.o [1]
  .rodata                 const     0x802'1574      0x44  mainscreenViewBase.o [1]
  .rodata                 const     0x802'15b8      0x44  mainscreenViewBase.o [1]
  .rodata                 const     0x802'15fc      0x44  Application.o [7]
  .rodata                 const     0x802'1640      0x44  LCD16bpp.o [7]
  .text                   ro code   0x802'1684      0x40  AbstractButton.o [7]
  .rodata                 const     0x802'16c4      0x3c  Button.o [7]
  .text                   ro code   0x802'1700      0x3c  stm32f4xx_it.o [1]
  .rodata                 const     0x802'173c      0x38  TouchGFXHAL.o [1]
  .rodata                 const     0x802'1774      0x34  mainscreenView.o [1]
  .rodata                 const     0x802'17a8      0x34  mainscreenViewBase.o [1]
  .rodata                 const     0x802'17dc      0x34  mainscreenViewBase.o [1]
  .rodata                 const     0x802'1810      0x34  TouchGFXConfiguration.o [1]
  .rodata                 const     0x802'1844      0x34  TouchGFXConfiguration.o [1]
  .rodata                 const     0x802'1878      0x34  TouchGFXConfiguration.o [1]
  .rodata                 const     0x802'18ac      0x34  Screen.o [7]
  .rodata                 const     0x802'18e0      0x30  Application.o [7]
  .rodata                 const     0x802'1910      0x28  BitmapDatabase.o [1]
  .rodata                 const     0x802'1938      0x28  mainscreenPresenter.o [1]
  .rodata                 const     0x802'1960      0x28  Application.o [7]
  .text                   ro code   0x802'1988      0x28  data_init.o [5]
  .rodata                 const     0x802'19b0      0x24  freertos.o [1]
  .rodata                 const     0x802'19d4      0x24  FrontendApplicationBase.o [1]
  .rodata                 const     0x802'19f8      0x24  FrontendApplicationBase.o [1]
  .rodata                 const     0x802'1a1c      0x24  DMA.o [7]
  .text                   ro code   0x802'1a40      0x24  FrontendApplicationBase.o [1]
  .text                   ro code   0x802'1a64      0x22  fpinit_M.o [4]
  .iar.init_table         const     0x802'1a88      0x24  - Linker created -
  .text                   ro code   0x802'1aac       0x2  mainscreenPresenter.o [1]
  .text                   ro code   0x802'1ab0      0x20  system_stm32f4xx.o [1]
  .text                   ro code   0x802'1ad0      0x20  TouchGFXConfiguration.o [1]
  .text                   ro code   0x802'1af0       0xc  TouchGFXConfiguration.o [1]
  .text                   ro code   0x802'1afc       0xc  TouchGFXConfiguration.o [1]
  .text                   ro code   0x802'1b08       0xc  TouchGFXConfiguration.o [1]
  .text                   ro code   0x802'1b14      0x20  AbstractButton.o [7]
  .text                   ro code   0x802'1b34      0x20  cmain_call_ctors.o [5]
  .text                   ro code   0x802'1b54      0x1e  cmain.o [5]
  .text                   ro code   0x802'1b72       0x4  low_level_init.o [2]
  .text                   ro code   0x802'1b76       0x4  exit.o [2]
  .text                   ro code   0x802'1b7a       0x2  mainscreenView.o [1]
  .text                   ro code   0x802'1b7c       0xe  cexit.o [5]
  .text                   ro code   0x802'1b8a       0x2  mainscreenViewBase.o [1]
  .rodata                 const     0x802'1b8c      0x1c  STM32DMA.o [1]
  .rodata                 const     0x802'1ba8      0x1c  STM32DMA.o [1]
  .rodata                 const     0x802'1bc4      0x18  FrontendApplicationBase.o [1]
  .rodata                 const     0x802'1bdc      0x18  mainscreenPresenter.o [1]
  .rodata                 const     0x802'1bf4      0x18  STM32TouchController.o [1]
  .text                   ro code   0x802'1c0c      0x18  FrontendApplicationBase.o [1]
  FontFlashSection        const     0x802'1c24      0x18  Font_verdana_10_4bpp_0.o [1]
  TextFlashSection        const     0x802'1c3c      0x18  Texts.o [1]
  .text                   ro code   0x802'1c54      0x16  FrontendApplication.o [1]
  .text                   ro code   0x802'1c6a      0x16  TouchGFXHAL.o [1]
  .rodata                 const     0x802'1c80      0x14  ApplicationFontProvider.o [1]
  .rodata                 const     0x802'1c94      0x14  TouchGFXConfiguration.o [1]
  .rodata                 const     0x802'1ca8      0x14  TouchGFXConfiguration.o [1]
  .rodata                 const     0x802'1cbc      0x14  TextProvider.o [7]
  .rodata                 const     0x802'1cd0      0x14  TextProvider.o [7]
  .rodata                 const     0x802'1ce4      0x14  LCD16bpp.o [7]
  .rodata                 const     0x802'1cf8      0x14  LCD16bpp.o [7]
  .rodata                 const     0x802'1d0c      0x14  LCD16bpp.o [7]
  .rodata                 const     0x802'1d20      0x14  LCD16bpp.o [7]
  .rodata                 const     0x802'1d34      0x14  LCD16bpp.o [7]
  .rodata                 const     0x802'1d48      0x14  LCD16bpp.o [7]
  .rodata                 const     0x802'1d5c      0x14  LCD16bpp.o [7]
  .rodata                 const     0x802'1d70      0x14  LCD16bpp.o [7]
  .rodata                 const     0x802'1d84      0x14  LCD16bpp.o [7]
  .rodata                 const     0x802'1d98      0x14  LCD16bpp.o [7]
  .rodata                 const     0x802'1dac      0x14  LCD16bpp.o [7]
  .rodata                 const     0x802'1dc0      0x14  LCD16bpp.o [7]
  .rodata                 const     0x802'1dd4      0x14  LCD16bpp.o [7]
  .rodata                 const     0x802'1de8      0x14  LCD16bpp.o [7]
  .rodata                 const     0x802'1dfc      0x14  LCD16bpp.o [7]
  .rodata                 const     0x802'1e10      0x14  LCD16bpp.o [7]
  .rodata                 const     0x802'1e24      0x14  LCD16bpp.o [7]
  .rodata                 const     0x802'1e38      0x14  LCD16bpp.o [7]
  .rodata                 const     0x802'1e4c      0x14  LCD16bpp.o [7]
  .rodata                 const     0x802'1e60      0x14  LCD16bpp.o [7]
  .rodata                 const     0x802'1e74      0x14  LCD16bpp.o [7]
  .rodata                 const     0x802'1e88      0x14  LCD16bpp.o [7]
  .rodata                 const     0x802'1e9c      0x14  LCD16bpp.o [7]
  .rodata                 const     0x802'1eb0      0x14  LCD16bpp.o [7]
  .rodata                 const     0x802'1ec4      0x14  LCD16bpp.o [7]
  .rodata                 const     0x802'1ed8      0x14  LCD16bpp.o [7]
  .rodata                 const     0x802'1eec      0x14  LCD16bpp.o [7]
  .rodata                 const     0x802'1f00      0x14  LCD16bpp.o [7]
  .rodata                 const     0x802'1f14      0x14  Gestures.o [7]
  .rodata                 const     0x802'1f28      0x14  Gestures.o [7]
  .rodata                 const     0x802'1f3c      0x14  Gestures.o [7]
  .rodata                 const     0x802'1f50      0x10  mainscreenPresenter.o [1]
  .rodata                 const     0x802'1f60      0x10  mainscreenViewBase.o [1]
  .rodata                 const     0x802'1f70      0x10  Texts.o [1]
  .rodata                 const     0x802'1f80      0x10  TouchGFXConfiguration.o [1]
  .rodata                 const     0x802'1f90      0x10  TextProvider.o [7]
  .rodata                 const     0x802'1fa0      0x10  TextProvider.o [7]
  .text                   ro code   0x802'1fb0      0x10  FrontendApplicationBase.o [1]
  .text                   ro code   0x802'1fc0      0x10  startup_stm32f429xx.o [1]
  FontFlashSection        const     0x802'1fd0      0x10  Table_verdana_10_4bpp.o [1]
  FontFlashSection        const     0x802'1fe0      0x10  Table_verdana_40_4bpp.o [1]
  .rodata                 const     0x802'1ff0       0xc  Texts.o [1]
  .rodata                 const     0x802'1ffc       0xc  Texts.o [1]
  .rodata                 const     0x802'2008       0xc  TextProvider.o [7]
  .rodata                 const     0x802'2014       0xc  TextProvider.o [7]
  .rodata                 const     0x802'2020       0xc  TextProvider.o [7]
  .rodata                 const     0x802'202c       0xc  TextProvider.o [7]
  .text                   ro code   0x802'2038       0xc  TouchGFXHAL.o [1]
  .text                   ro code   0x802'2044       0xc  cstartup_M.o [5]
  .rodata                 const     0x802'2050       0x8  freertos.o [1]
  .rodata                 const     0x802'2058       0x8  FrontendApplicationBase.o [1]
  .rodata                 const     0x802'2060       0x8  system_stm32f4xx.o [1]
  .text                   ro code   0x802'2068       0x8  TouchGFXConfiguration.o [1]
  .text                   ro code   0x802'2070       0x8  TouchGFXHAL.o [1]
  .text                   ro code   0x802'2078       0x8  UnmappedDataFont.o [1]
  FontSearchFlashSection  const     0x802'2080       0x8  Kerning_verdana_20_4bpp.o [1]
  SHT$$PREINIT_ARRAY                0x802'2088       0x0  <Block>
  SHT$$INIT_ARRAY                   0x802'2088       0x8  <Block>
    .init_array           const     0x802'2088       0x4  TouchGFXConfiguration.o [1]
    .init_array           const     0x802'208c       0x4  TypedTextDatabase.o [1]
  __iar_tls$$INIT_ARRAY             0x802'2090       0x0  <Block>
  .text                   ro code   0x802'2090       0x4  FrontendApplicationBase.o [1]
  .text                   ro code   0x802'2094       0x4  GeneratedFont.o [1]
  .text                   ro code   0x802'2098       0x4  startup_stm32f429xx.o [1]
  .text                   ro code   0x802'209c       0x4  startup_stm32f429xx.o [1]
  .text                   ro code   0x802'20a0       0x4  startup_stm32f429xx.o [1]
  .text                   ro code   0x802'20a4       0x4  startup_stm32f429xx.o [1]
  .text                   ro code   0x802'20a8       0x4  startup_stm32f429xx.o [1]
  .text                   ro code   0x802'20ac       0x4  startup_stm32f429xx.o [1]
  .text                   ro code   0x802'20b0       0x4  startup_stm32f429xx.o [1]
  .text                   ro code   0x802'20b4       0x4  startup_stm32f429xx.o [1]
  .text                   ro code   0x802'20b8       0x4  startup_stm32f429xx.o [1]
  .text                   ro code   0x802'20bc       0x4  startup_stm32f429xx.o [1]
  .text                   ro code   0x802'20c0       0x4  startup_stm32f429xx.o [1]
  .text                   ro code   0x802'20c4       0x4  startup_stm32f429xx.o [1]
  .text                   ro code   0x802'20c8       0x4  startup_stm32f429xx.o [1]
  .text                   ro code   0x802'20cc       0x4  startup_stm32f429xx.o [1]
  .text                   ro code   0x802'20d0       0x4  startup_stm32f429xx.o [1]
  .text                   ro code   0x802'20d4       0x4  startup_stm32f429xx.o [1]
  .text                   ro code   0x802'20d8       0x4  startup_stm32f429xx.o [1]
  .text                   ro code   0x802'20dc       0x4  startup_stm32f429xx.o [1]
  .text                   ro code   0x802'20e0       0x4  startup_stm32f429xx.o [1]
  .text                   ro code   0x802'20e4       0x4  startup_stm32f429xx.o [1]
  .text                   ro code   0x802'20e8       0x4  startup_stm32f429xx.o [1]
  .text                   ro code   0x802'20ec       0x4  startup_stm32f429xx.o [1]
  .text                   ro code   0x802'20f0       0x4  startup_stm32f429xx.o [1]
  .text                   ro code   0x802'20f4       0x4  startup_stm32f429xx.o [1]
  .text                   ro code   0x802'20f8       0x4  startup_stm32f429xx.o [1]
  .text                   ro code   0x802'20fc       0x4  startup_stm32f429xx.o [1]
  .text                   ro code   0x802'2100       0x4  startup_stm32f429xx.o [1]
  .text                   ro code   0x802'2104       0x4  startup_stm32f429xx.o [1]
  .text                   ro code   0x802'2108       0x4  startup_stm32f429xx.o [1]
  .text                   ro code   0x802'210c       0x4  startup_stm32f429xx.o [1]
  .text                   ro code   0x802'2110       0x4  startup_stm32f429xx.o [1]
  .text                   ro code   0x802'2114       0x4  startup_stm32f429xx.o [1]
  .text                   ro code   0x802'2118       0x4  startup_stm32f429xx.o [1]
  .text                   ro code   0x802'211c       0x4  startup_stm32f429xx.o [1]
  .text                   ro code   0x802'2120       0x4  startup_stm32f429xx.o [1]
  .text                   ro code   0x802'2124       0x4  startup_stm32f429xx.o [1]
  .text                   ro code   0x802'2128       0x4  startup_stm32f429xx.o [1]
  .text                   ro code   0x802'212c       0x4  startup_stm32f429xx.o [1]
  .text                   ro code   0x802'2130       0x4  startup_stm32f429xx.o [1]
  .text                   ro code   0x802'2134       0x4  startup_stm32f429xx.o [1]
  .text                   ro code   0x802'2138       0x4  startup_stm32f429xx.o [1]
  .text                   ro code   0x802'213c       0x4  startup_stm32f429xx.o [1]
  .text                   ro code   0x802'2140       0x4  startup_stm32f429xx.o [1]
  .text                   ro code   0x802'2144       0x4  startup_stm32f429xx.o [1]
  .text                   ro code   0x802'2148       0x4  startup_stm32f429xx.o [1]
  .text                   ro code   0x802'214c       0x4  startup_stm32f429xx.o [1]
  .text                   ro code   0x802'2150       0x4  startup_stm32f429xx.o [1]
  .text                   ro code   0x802'2154       0x4  startup_stm32f429xx.o [1]
  .text                   ro code   0x802'2158       0x4  startup_stm32f429xx.o [1]
  .text                   ro code   0x802'215c       0x4  startup_stm32f429xx.o [1]
  .text                   ro code   0x802'2160       0x4  startup_stm32f429xx.o [1]
  .text                   ro code   0x802'2164       0x4  startup_stm32f429xx.o [1]
  .text                   ro code   0x802'2168       0x4  startup_stm32f429xx.o [1]
  .text                   ro code   0x802'216c       0x4  startup_stm32f429xx.o [1]
  .text                   ro code   0x802'2170       0x4  startup_stm32f429xx.o [1]
  .text                   ro code   0x802'2174       0x4  startup_stm32f429xx.o [1]
  .text                   ro code   0x802'2178       0x4  startup_stm32f429xx.o [1]
  .text                   ro code   0x802'217c       0x4  startup_stm32f429xx.o [1]
  .text                   ro code   0x802'2180       0x4  startup_stm32f429xx.o [1]
  .text                   ro code   0x802'2184       0x4  startup_stm32f429xx.o [1]
  .text                   ro code   0x802'2188       0x4  startup_stm32f429xx.o [1]
  .text                   ro code   0x802'218c       0x4  startup_stm32f429xx.o [1]
  .text                   ro code   0x802'2190       0x4  startup_stm32f429xx.o [1]
  .text                   ro code   0x802'2194       0x4  startup_stm32f429xx.o [1]
  .text                   ro code   0x802'2198       0x4  startup_stm32f429xx.o [1]
  .text                   ro code   0x802'219c       0x4  startup_stm32f429xx.o [1]
  .text                   ro code   0x802'21a0       0x4  startup_stm32f429xx.o [1]
  .text                   ro code   0x802'21a4       0x4  startup_stm32f429xx.o [1]
  .text                   ro code   0x802'21a8       0x4  startup_stm32f429xx.o [1]
  .text                   ro code   0x802'21ac       0x4  startup_stm32f429xx.o [1]
  .text                   ro code   0x802'21b0       0x4  startup_stm32f429xx.o [1]
  .text                   ro code   0x802'21b4       0x4  startup_stm32f429xx.o [1]
  .text                   ro code   0x802'21b8       0x4  startup_stm32f429xx.o [1]
  .text                   ro code   0x802'21bc       0x4  startup_stm32f429xx.o [1]
  .text                   ro code   0x802'21c0       0x4  startup_stm32f429xx.o [1]
  .text                   ro code   0x802'21c4       0x4  startup_stm32f429xx.o [1]
  .text                   ro code   0x802'21c8       0x4  startup_stm32f429xx.o [1]
  .text                   ro code   0x802'21cc       0x4  startup_stm32f429xx.o [1]
  .text                   ro code   0x802'21d0       0x4  startup_stm32f429xx.o [1]
  .text                   ro code   0x802'21d4       0x4  startup_stm32f429xx.o [1]
  .text                   ro code   0x802'21d8       0x4  startup_stm32f429xx.o [1]
  .text                   ro code   0x802'21dc       0x4  startup_stm32f429xx.o [1]
  .text                   ro code   0x802'21e0       0x4  startup_stm32f429xx.o [1]
  .text                   ro code   0x802'21e4       0x4  startup_stm32f429xx.o [1]
  .text                   ro code   0x802'21e8       0x4  startup_stm32f429xx.o [1]
  .text                   ro code   0x802'21ec       0x4  STM32DMA.o [1]
  .text                   ro code   0x802'21f0       0x4  TouchGFXConfiguration.o [1]
  .text                   ro code   0x802'21f4       0x4  TouchGFXConfiguration.o [1]
  .text                   ro code   0x802'21f8       0x4  TouchGFXConfiguration.o [1]
  .text                   ro code   0x802'21fc       0x4  UnmappedDataFont.o [1]
  .text                   ro code   0x802'2200       0x4  UnmappedDataFont.o [1]
  .text                   ro code   0x802'2204       0x4  UnmappedDataFont.o [1]
  .text                   ro code   0x802'2208       0x4  LCD16bpp.o [7]
  .text                   ro code   0x802'220c       0x4  AbstractButton.o [7]
  .text                   ro code   0x802'2210       0x4  AbstractButton.o [7]
  .text                   ro code   0x802'2214       0x4  AbstractButton.o [7]
  .text                   ro code   0x802'2218       0x4  AbstractButton.o [7]
  .text                   ro code   0x802'221c       0x4  xpurevirtual.o [2]
  FontSearchFlashSection  const     0x802'2220       0x4  Kerning_verdana_10_4bpp.o [1]
  FontSearchFlashSection  const     0x802'2224       0x4  Kerning_verdana_40_4bpp.o [1]
  TextFlashSection        const     0x802'2228       0x4  LanguageGb.o [1]
  TextFlashSection        const     0x802'222c       0x4  TypedTextDatabase.o [1]
  .text                   ro code   0x802'2230       0x2  mainscreenViewBase.o [1]
  .text                   ro code   0x802'2232       0x2  mainscreenViewBase.o [1]
  .text                   ro code   0x802'2234       0x2  mainscreenViewBase.o [1]
  .text                   ro code   0x802'2236       0x2  mainscreenViewBase.o [1]
  .text                   ro code   0x802'2238       0x2  mainscreenViewBase.o [1]
  .text                   ro code   0x802'223a       0x2  mainscreenViewBase.o [1]
  .text                   ro code   0x802'223c       0x2  Application.o [7]
  .text                   ro code   0x802'223e       0x2  Application.o [7]
  .text                   ro code   0x802'2240       0x2  Application.o [7]
  .text                   ro code   0x802'2242       0x2  Application.o [7]
  .text                   ro code   0x802'2244       0x2  Application.o [7]
  .text                   ro code   0x802'2246       0x2  Screen.o [7]
  .text                   ro code   0x802'2248       0x2  Drawable.o [7]
  .text                   ro code   0x802'224a       0x2  AbstractButton.o [7]
  .text                   ro code   0x802'224c       0x2  AbstractButton.o [7]
  .text                   ro code   0x802'224e       0x2  AbstractButton.o [7]
  TextFlashSection        const     0x802'2250       0x2  TypedTextDatabase.o [1]
  .rodata                 const     0x802'2252       0x1  unwind_debug.o [6]
  .text                   ro code   0x802'2254       0x0  cstart_call_dtors.o [5]
  .rodata                 const     0x802'2254       0x0  zero_init3.o [5]
  .rodata                 const     0x802'2254       0x0  lz77_init_single.o [5]
  Initializer bytes       const     0x802'2254      0xa4  <for P2-1>
                                  - 0x802'22f8  0x2'214c

"P2", part 1 of 3:                                 0xdd4
  P2-1                             0x2000'0000     0xdd4  <Init block>
    .data                 inited   0x2000'0000       0xc  OSWrappers.o [1]
    .data                 inited   0x2000'000c       0xc  port.o [1]
    .data                 inited   0x2000'0018       0xc  stm32f4xx_hal.o [1]
    .data                 inited   0x2000'0024       0x4  system_stm32f4xx.o [1]
    .data                 inited   0x2000'0028     0xd20  TouchGFXConfiguration.o [1]
    .data                 inited   0x2000'0d48      0x1c  Application.o [7]
    .data                 inited   0x2000'0d64       0x8  LCD16bpp.o [7]
    .data                 inited   0x2000'0d6c       0x8  LCD16bpp.o [7]
    .data                 inited   0x2000'0d74       0x8  LCD16bpp.o [7]
    .data                 inited   0x2000'0d7c       0x8  LCD16bpp.o [7]
    .data                 inited   0x2000'0d84       0x8  LCD16bpp.o [7]
    .data                 inited   0x2000'0d8c       0x8  LCD16bpp.o [7]
    .data                 inited   0x2000'0d94       0x8  LCD16bpp.o [7]
    .data                 inited   0x2000'0d9c       0x8  LCD16bpp.o [7]
    .data                 inited   0x2000'0da4       0x8  LCD16bpp.o [7]
    .data                 inited   0x2000'0dac       0x8  LCD16bpp.o [7]
    .data                 inited   0x2000'0db4       0x8  LCD16bpp.o [7]
    .data                 inited   0x2000'0dbc       0x8  LCD16bpp.o [7]
    .data                 inited   0x2000'0dc4       0x8  LCD16bpp.o [7]
    .data                 inited   0x2000'0dcc       0x8  LCD16bpp.o [7]
                                 - 0x2000'0dd4     0xdd4

"P2", part 2 of 3:                              0x1'12e0
  .bss                    zero     0x2000'0dd4  0x1'0020  heap_4.o [1]
  .bss                    zero     0x2001'0df4     0x460  tasks.o [1]
  .bss                    zero     0x2001'1254     0x45c  cmsis_os2.o [1]
  .bss                    zero     0x2001'16b0     0x284  TouchGFXConfiguration.o [1]
  .bss                    zero     0x2001'1934     0x25c  cmsis_os2.o [1]
  .bss                    zero     0x2001'1b90     0x12c  timers.o [1]
  .bss                    zero     0x2001'1cbc      0xa8  ltdc.o [1]
  .bss                    zero     0x2001'1d64      0x9c  tasks.o [1]
  .bss                    zero     0x2001'1e00      0x48  stm32f4xx_hal_timebase_tim.o [1]
  .bss                    zero     0x2001'1e48      0x48  tim.o [1]
  .bss                    zero     0x2001'1e90      0x44  usart.o [1]
  .bss                    zero     0x2001'1ed4      0x40  dma2d.o [1]
  .bss                    zero     0x2001'1f14      0x40  queue.o [1]
  .bss                    zero     0x2001'1f54      0x34  fmc.o [1]
  .bss                    zero     0x2001'1f88      0x2c  TouchCalibration.o [7]
  .bss                    zero     0x2001'1fb4      0x28  Table_verdana_10_4bpp.o [1]
  .bss                    zero     0x2001'1fdc      0x28  Table_verdana_20_4bpp.o [1]
  .bss                    zero     0x2001'2004      0x28  Table_verdana_40_4bpp.o [1]
  .bss                    zero     0x2001'202c      0x24  Bitmap.o [7]
  .bss                    zero     0x2001'2050      0x10  Texts.o [1]
  .bss                    zero     0x2001'2060      0x10  HAL.o [7]
  .bss                    zero     0x2001'2070       0xc  TypedTextDatabase.o [1]
  .bss                    zero     0x2001'207c       0x8  crc.o [1]
  .bss                    zero     0x2001'2084       0x4  cmsis_os2.o [1]
  .bss                    zero     0x2001'2088       0x4  fmc.o [1]
  .bss                    zero     0x2001'208c       0x4  freertos.o [1]
  .bss                    zero     0x2001'2090       0x4  TouchGFXGeneratedHAL.o [1]
  .bss                    zero     0x2001'2094       0x4  TypedText.o [7]
  .bss                    zero     0x2001'2098       0x4  TypedText.o [7]
  .bss                    zero     0x2001'209c       0x4  TypedText.o [7]
  .bss                    zero     0x2001'20a0       0x4  FontManager.o [7]
  .bss                    zero     0x2001'20a4       0x4  cppinit.o [2]
  .bss                    zero     0x2001'20a8       0x4  cppinit.o [2]
  .bss                    zero     0x2001'20ac       0x2  TypedText.o [7]
  .bss                    zero     0x2001'20ae       0x2  HAL.o [7]
  .bss                    zero     0x2001'20b0       0x1  TouchGFXConfiguration.o [1]
                                 - 0x2001'20b1  0x1'12dd

"P2", part 3 of 3:                                 0x59c
  .iar.dynexit                     0x2001'20b4     0x198  <Block>
    .iar.dynexit          uninit   0x2001'20b4       0xc  cppinit.o [2]
    .iar.dynexit          uninit   0x2001'20c0     0x18c  <Block tail>
  CSTACK                           0x2001'2250     0x400  <Block>
    CSTACK                uninit   0x2001'2250     0x400  <Block tail>
                                 - 0x2001'2650     0x59c

Unused ranges:

         From           To       Size
         ----           --       ----
   0x802'22f8   0x81f'ffff  0x1d'dd08
  0x2001'2650  0x2002'ffff   0x1'd9b0


*******************************************************************************
*** INIT TABLE
***

          Address      Size
          -------      ----
Zero (__iar_zero_init3)
    1 destination range, total size 0x1'12dd:
          0x2000'0dd4  0x1'12dd

Copy/lz77 (__iar_lz77_init_single3)
    1 source range, total size 0xa4 (4% of destination):
           0x802'2254      0xa4
    1 destination range, total size 0xdd4:
          0x2000'0000     0xdd4

Extra (__iar_cstart_call_ctors)



*******************************************************************************
*** MODULE SUMMARY
***

    Module                                         ro code  ro data  rw data
    ------                                         -------  -------  -------
command line/config:
    ------------------------------------------------------------------------
    Total:

E:\word\MySelfF429\STM32F429\DoubleNEW\EWARM\DoubleNEW\Obj: [1]
    ApplicationFontProvider.o                                    20
    BitmapDatabase.o                                    12       40
    Font_verdana_10_4bpp_0.o                                     24
    Font_verdana_20_4bpp_0.o                                    564
    Font_verdana_40_4bpp_0.o                                    280
    FrontendApplication.o                               46       68
    FrontendApplicationBase.o                          726      828
    GeneratedFont.o                                    164       84
    Kerning_verdana_10_4bpp.o                                     4
    Kerning_verdana_20_4bpp.o                                     8
    Kerning_verdana_40_4bpp.o                                     4
    LanguageGb.o                                                  4
    Model.o                                             10
    OSWrappers.o                                       164      216       12
    STM32DMA.o                                         870      376
    STM32TouchController.o                               6       24
    Table_verdana_10_4bpp.o                             80       16       40
    Table_verdana_20_4bpp.o                             80      128       40
    Table_verdana_40_4bpp.o                             80       16       40
    Texts.o                                            360      412       16
    TouchGFXConfiguration.o                            842      372    4'005
    TouchGFXGPIO.o                                       6
    TouchGFXGeneratedHAL.o                             336      188        4
    TouchGFXHAL.o                                      276      356
    TypedTextDatabase.o                                 40       10       12
    UnmappedDataFont.o                                  66
    app_touchgfx.o                                       8
    cmsis_os2.o                                        900             1'724
    crc.o                                               76                 8
    dma2d.o                                            124                64
    fmc.o                                              464                56
    freertos.o                                          32       44        4
    gpio.o                                             230
    heap_4.o                                           448            65'568
    image_Blue_Buttons_Round_Edge_small.o                    40'800
    image_Blue_Buttons_Round_Edge_small_pressed.o            40'800
    list.o                                             146
    ltdc.o                                             624               168
    main.o                                             300
    mainscreenPresenter.o                               56       80
    mainscreenView.o                                    32       52
    mainscreenViewBase.o                               712      568
    port.o                                             500        1       12
    portasm.o                                          176
    queue.o                                          2'172                64
    startup_stm32f429xx.o                              784
    stm32f4xx_hal.o                                    120                12
    stm32f4xx_hal_cortex.o                             152
    stm32f4xx_hal_crc.o                                 32
    stm32f4xx_hal_dma2d.o                              522
    stm32f4xx_hal_gpio.o                               532
    stm32f4xx_hal_ltdc.o                               840
    stm32f4xx_hal_msp.o                                 64
    stm32f4xx_hal_pwr_ex.o                             120
    stm32f4xx_hal_rcc.o                              1'280
    stm32f4xx_hal_rcc_ex.o                             548
    stm32f4xx_hal_sdram.o                              188
    stm32f4xx_hal_tim.o                                764
    stm32f4xx_hal_tim_ex.o                             144
    stm32f4xx_hal_timebase_tim.o                       124                72
    stm32f4xx_hal_uart.o                               316
    stm32f4xx_it.o                                      60
    stm32f4xx_ll_fmc.o                                 330
    system_stm32f4xx.o                                  32        8        4
    tasks.o                                          2'072             1'276
    tim.o                                              116                72
    timers.o                                           864               300
    usart.o                                            164                68
    ------------------------------------------------------------------------
    Total:                                          21'332   86'395   73'641

dl7M_tlf.a: [2]
    abort.o                                              6
    cppinit.o                                          160                20
    exit.o                                               4
    low_level_init.o                                     4
    xpurevirtual.o                                       4
    ------------------------------------------------------------------------
    Total:                                             178                20

dlpp7M_tl_fc.a: [3]
    cxxabi.o                                            50
    ------------------------------------------------------------------------
    Total:                                              50

m7M_tls.a: [4]
    fpinit_M.o                                          34
    ------------------------------------------------------------------------
    Total:                                              34

rt7M_tl.a: [5]
    ABImemclr4.o                                         6
    ABImemcpy.o                                        166
    ABImemset.o                                        102
    ABImemset48.o                                       58
    I64DivMod_small.o                                  262
    I64DivZer.o                                          2
    cexit.o                                             14
    cmain.o                                             30
    cmain_call_ctors.o                                  32
    cstart_call_dtors.o
    cstartup_M.o                                        12
    data_init.o                                         40
    lz77_init_single.o                                 120
    memcpy.o                                            12
    memset.o                                            20
    zero_init3.o                                        58
    ------------------------------------------------------------------------
    Total:                                             934

shb_l.a: [6]
    ABIassert.o                                         36
    exit.o                                              20
    unwind_debug.o                                                1
    ------------------------------------------------------------------------
    Total:                                              56        1

touchgfx_core.a: [7]
    AbstractButton.o                                   154      108
    AbstractPartition.o                                 10
    Application.o                                    4'042      289       28
    Bitmap.o                                         1'192      712       36
    Box.o                                              104      100
    Button.o                                           300      304
    ButtonWithLabel.o                                  672      112
    ConstFont.o                                        298
    Container.o                                        502      384
    DMA.o                                              570      244
    DisplayTransformation.o                            228
    Drawable.o                                         402
    Font.o                                             310
    FontManager.o                                       12                 4
    Gestures.o                                         364       60
    HAL.o                                            2'148      536       18
    LCD.o                                            2'190
    LCD16bpp.o                                       6'092    1'882      112
    Screen.o                                         1'912      124
    TextProvider.o                                   2'794    1'208
    TouchCalibration.o                                 508                44
    TypedText.o                                                           14
    stm32_crc_lock.o                                   136
    ------------------------------------------------------------------------
    Total:                                          24'940    6'063      256

    Gaps                                                 3        2
    Linker created                                               36    1'420
----------------------------------------------------------------------------
    Grand Total:                                    47'527   92'497   75'337


*******************************************************************************
*** ENTRY LIST
***

Entry                       Address      Size  Type      Object
-----                       -------      ----  ----      ------
.iar.dynexit$$Base      0x2001'20b4             --   Gb  - Linker created -
.iar.dynexit$$Limit     0x2001'224c             --   Gb  - Linker created -
.iar.init_table$$Base    0x802'1a88             --   Gb  - Linker created -
.iar.init_table$$Limit   0x802'1aac             --   Gb  - Linker created -
?main                    0x802'1b55            Code  Gb  cmain.o [5]
AHBPrescTable            0x802'1ac0      0x10  Data  Gb  system_stm32f4xx.o [1]
APBPrescTable            0x802'2060       0x8  Data  Gb  system_stm32f4xx.o [1]
BitmapDatabase::getInstance()
                         0x801'e7fd       0x4  Code  Gb  BitmapDatabase.o [1]
BitmapDatabase::getInstanceSize()
                         0x801'e805       0x4  Code  Gb  BitmapDatabase.o [1]
BusFault_Handler         0x802'1707       0x2  Code  Gb  stm32f4xx_it.o [1]
CRC_Lock                 0x801'9385      0x88  Code  Gb  stm32_crc_lock.o [7]
CSTACK$$Base            0x2001'2250             --   Gb  - Linker created -
CSTACK$$Limit           0x2001'2650             --   Gb  - Linker created -
DMA2D_IRQHandler         0x802'1725       0x6  Code  Gb  stm32f4xx_it.o [1]
DebugMon_Handler         0x802'170b       0x2  Code  Gb  stm32f4xx_it.o [1]
DtorRecArray            0x2001'20b4       0xc  Data  Lc  cppinit.o [2]
Error_Handler            0x801'c9fd       0x4  Code  Gb  main.o [1]
FMC_IRQHandler           0x802'1713       0x6  Code  Gb  stm32f4xx_it.o [1]
FMC_Initialized         0x2001'2088       0x4  Data  Lc  fmc.o [1]
FMC_SDRAM_Init           0x801'e3ad      0x76  Code  Gb  stm32f4xx_ll_fmc.o [1]
FMC_SDRAM_ProgramRefreshRate
                         0x801'e4eb       0xc  Code  Gb  stm32f4xx_ll_fmc.o [1]
FMC_SDRAM_SendCommand    0x801'e4a1      0x4a  Code  Gb  stm32f4xx_ll_fmc.o [1]
FMC_SDRAM_Timing_Init    0x801'e423      0x7a  Code  Gb  stm32f4xx_ll_fmc.o [1]
FrontendApplication::FrontendApplication(Model &, FrontendHeap &)
                         0x801'e981      0x10  Code  Gb  FrontendApplication.o [1]
FrontendApplication::handleTickEvent()
                         0x802'1c55      0x16  Code  Gb  FrontendApplication.o [1]
FrontendApplicationBase::FrontendApplicationBase(Model &, FrontendHeap &)
                         0x801'e99b      0x58  Code  Gb  FrontendApplicationBase.o [1]
FrontendApplicationBase::FrontendApplicationBase(Model &, FrontendHeap &) [subobject]
                         0x801'e999       0x2  Code  Gb  FrontendApplicationBase.o [1]
FrontendApplicationBase::gotomainscreenScreenNoTransition()
                         0x801'e9f5      0x34  Code  Gb  FrontendApplicationBase.o [1]
FrontendApplicationBase::gotomainscreenScreenNoTransitionImpl()
                         0x801'ea29      0x1a  Code  Gb  FrontendApplicationBase.o [1]
FrontendHeap::FrontendHeap()
                         0x801'e815      0x58  Code  Gb  TouchGFXConfiguration.o [1]
FrontendHeap::getInstance()::instance
                        0x2001'16b0     0x284  Data  Gb  TouchGFXConfiguration.o [1]
FrontendHeap::~FrontendHeap()
                         0x802'1ad1      0x20  Code  Gb  TouchGFXConfiguration.o [1]
FrontendHeapBase::FrontendHeapBase(touchgfx::AbstractPartition &, touchgfx::AbstractPartition &, touchgfx::AbstractPartition &, FrontendApplication &)
                         0x801'ea89      0x1c  Code  Gb  TouchGFXConfiguration.o [1]
FrontendHeapBase::FrontendHeapBase(touchgfx::AbstractPartition &, touchgfx::AbstractPartition &, touchgfx::AbstractPartition &, FrontendApplication &) [subobject]
                         0x801'e929       0xc  Code  Gb  TouchGFXConfiguration.o [1]
HAL_CRC_Init             0x801'e1bd      0x20  Code  Gb  stm32f4xx_hal_crc.o [1]
HAL_CRC_MspInit          0x801'd149      0x26  Code  Gb  crc.o [1]
HAL_DMA2D_ConfigLayer    0x801'db73      0x92  Code  Gb  stm32f4xx_hal_dma2d.o [1]
HAL_DMA2D_IRQHandler     0x801'da63      0xf2  Code  Gb  stm32f4xx_hal_dma2d.o [1]
HAL_DMA2D_Init           0x801'da0d      0x56  Code  Gb  stm32f4xx_hal_dma2d.o [1]
HAL_DMA2D_MspInit        0x801'ce07      0x36  Code  Gb  dma2d.o [1]
HAL_Delay                0x801'dcd9      0x28  Code  Wk  stm32f4xx_hal.o [1]
HAL_GPIO_Init            0x801'ca01     0x1d6  Code  Gb  stm32f4xx_hal_gpio.o [1]
HAL_GPIO_WritePin        0x801'cbd7       0x8  Code  Gb  stm32f4xx_hal_gpio.o [1]
HAL_GetTick              0x801'e291       0xc  Code  Wk  stm32f4xx_hal.o [1]
HAL_IncTick              0x801'd941      0x10  Code  Wk  stm32f4xx_hal.o [1]
HAL_Init                 0x801'ccad      0x30  Code  Gb  stm32f4xx_hal.o [1]
HAL_InitTick             0x801'd951      0x6c  Code  Gb  stm32f4xx_hal_timebase_tim.o [1]
HAL_LTDC_ConfigLayer     0x801'c369      0x44  Code  Gb  stm32f4xx_hal_ltdc.o [1]
HAL_LTDC_IRQHandler      0x801'c2b3      0xa8  Code  Gb  stm32f4xx_hal_ltdc.o [1]
HAL_LTDC_Init            0x801'c1cd      0xe6  Code  Gb  stm32f4xx_hal_ltdc.o [1]
HAL_LTDC_LineEventCallback
                         0x801'c857      0x4c  Code  Gb  TouchGFXGeneratedHAL.o [1]
HAL_LTDC_MspInit         0x801'c5b7     0x15c  Code  Gb  ltdc.o [1]
HAL_LTDC_ProgramLineEvent
                         0x801'c3bb      0x2c  Code  Gb  stm32f4xx_hal_ltdc.o [1]
HAL_MspInit              0x801'd9cd      0x40  Code  Gb  stm32f4xx_hal_msp.o [1]
HAL_NVIC_EnableIRQ       0x801'cc83      0x16  Code  Gb  stm32f4xx_hal_cortex.o [1]
HAL_NVIC_SetPriority     0x801'cc49      0x3a  Code  Gb  stm32f4xx_hal_cortex.o [1]
HAL_NVIC_SetPriorityGrouping
                         0x801'cc2f      0x1a  Code  Gb  stm32f4xx_hal_cortex.o [1]
HAL_PWREx_EnableOverDrive
                         0x801'd4c1      0x48  Code  Gb  stm32f4xx_hal_pwr_ex.o [1]
HAL_RCCEx_PeriphCLKConfig
                         0x801'd71d     0x1f8  Code  Gb  stm32f4xx_hal_rcc_ex.o [1]
HAL_RCC_ClockConfig      0x801'd539     0x100  Code  Gb  stm32f4xx_hal_rcc.o [1]
HAL_RCC_GetClockConfig   0x801'd669      0x36  Code  Gb  stm32f4xx_hal_rcc.o [1]
HAL_RCC_GetPCLK1Freq     0x801'd645      0x10  Code  Gb  stm32f4xx_hal_rcc.o [1]
HAL_RCC_GetPCLK2Freq     0x801'd655       0xe  Code  Gb  stm32f4xx_hal_rcc.o [1]
HAL_RCC_OscConfig        0x801'd1a5     0x31c  Code  Wk  stm32f4xx_hal_rcc.o [1]
HAL_SDRAM_IRQHandler     0x801'dc55      0x1e  Code  Gb  stm32f4xx_hal_sdram.o [1]
HAL_SDRAM_Init           0x801'dc19      0x3c  Code  Gb  stm32f4xx_hal_sdram.o [1]
HAL_SDRAM_MspInit        0x801'cf33      0xa8  Code  Gb  fmc.o [1]
HAL_SDRAM_ProgramRefreshRate
                         0x801'dc9f      0x16  Code  Gb  stm32f4xx_hal_sdram.o [1]
HAL_SDRAM_SendCommand    0x801'dc73      0x2c  Code  Gb  stm32f4xx_hal_sdram.o [1]
HAL_TIMEx_BreakCallback
                         0x801'e4fd       0x2  Code  Wk  stm32f4xx_hal_tim_ex.o [1]
HAL_TIMEx_CommutCallback
                         0x801'e501       0x2  Code  Wk  stm32f4xx_hal_tim_ex.o [1]
HAL_TIMEx_MasterConfigSynchronization
                         0x801'dff5      0x6e  Code  Gb  stm32f4xx_hal_tim_ex.o [1]
HAL_TIM_Base_Init        0x801'dd01      0x1a  Code  Gb  stm32f4xx_hal_tim.o [1]
HAL_TIM_Base_MspInit     0x801'd05b      0x26  Code  Gb  tim.o [1]
HAL_TIM_Base_Start_IT    0x801'dd1b      0x7c  Code  Gb  stm32f4xx_hal_tim.o [1]
HAL_TIM_IRQHandler       0x801'dde9     0x142  Code  Gb  stm32f4xx_hal_tim.o [1]
HAL_TIM_PeriodElapsedCallback
                         0x801'c9e1       0xe  Code  Gb  main.o [1]
HAL_UART_Init            0x801'e081      0x1e  Code  Gb  stm32f4xx_hal_uart.o [1]
HAL_UART_MspInit         0x801'd0bb      0x66  Code  Gb  usart.o [1]
HardFault_Handler        0x802'1703       0x2  Code  Gb  stm32f4xx_it.o [1]
Initialization guard variable for FrontendHeap::getInstance()::instance
                        0x2001'20b0       0x1  Data  Gb  TouchGFXConfiguration.o [1]
KernelState             0x2001'2084       0x4  Data  Lc  cmsis_os2.o [1]
LEDTaskHandle           0x2001'208c       0x4  Data  Gb  freertos.o [1]
LEDTask_attributes       0x802'19b0      0x24  Data  Gb  freertos.o [1]
LTDC_ER_IRQHandler       0x802'171d       0x2  Code  Gb  stm32f4xx_it.o [1]
LTDC_IRQHandler          0x802'1719       0x2  Code  Gb  stm32f4xx_it.o [1]
LTDC_SetConfig           0x801'c40b      0xfa  Code  Lc  stm32f4xx_hal_ltdc.o [1]
MX_CRC_Init              0x801'd131      0x18  Code  Gb  crc.o [1]
MX_DMA2D_Init            0x801'cdcd      0x3a  Code  Gb  dma2d.o [1]
MX_FMC_Init              0x801'ceb7      0x7c  Code  Gb  fmc.o [1]
MX_FREERTOS_Init         0x801'd185      0x14  Code  Gb  freertos.o [1]
MX_GPIO_Init             0x801'cce1      0xd2  Code  Gb  gpio.o [1]
MX_LTDC_Init             0x801'c511      0xa6  Code  Gb  ltdc.o [1]
MX_TIM7_Init             0x801'd019      0x42  Code  Gb  tim.o [1]
MX_TouchGFX_Init         0x801'd17d       0x4  Code  Gb  app_touchgfx.o [1]
MX_TouchGFX_Process      0x801'd181       0x4  Code  Gb  app_touchgfx.o [1]
MX_USART1_UART_Init      0x801'd08d      0x2e  Code  Gb  usart.o [1]
MemManage_Handler        0x802'1705       0x2  Code  Gb  stm32f4xx_it.o [1]
Model::Model()           0x801'e971       0x2  Code  Gb  Model.o [1]
Model::tick()            0x801'e979       0x2  Code  Gb  Model.o [1]
NMI_Handler              0x802'1701       0x2  Code  Gb  stm32f4xx_it.o [1]
PendSV_Handler           0x801'ba99            Code  Gb  portasm.o [1]
Region$$Table$$Base      0x802'1a88             --   Gb  - Linker created -
Region$$Table$$Limit     0x802'1aac             --   Gb  - Linker created -
SDRAM_Initialization_Sequence
                         0x801'ce79      0x3e  Code  Gb  fmc.o [1]
SDRAM_Send_Cmd           0x801'ce49      0x30  Code  Gb  fmc.o [1]
SHT$$INIT_ARRAY$$Base    0x802'2088             --   Gb  - Linker created -
SHT$$INIT_ARRAY$$Limit   0x802'2090             --   Gb  - Linker created -
SHT$$PREINIT_ARRAY$$Base
                         0x802'2088             --   Gb  - Linker created -
SHT$$PREINIT_ARRAY$$Limit
                         0x802'2088             --   Gb  - Linker created -
STM32F4DMA::STM32F4DMA()
                         0x801'e50d      0x30  Code  Gb  STM32DMA.o [1]
STM32F4DMA::getBlitCaps()
                         0x801'e58f       0x6  Code  Gb  STM32DMA.o [1]
STM32F4DMA::getChromARTInputFormat(touchgfx::Bitmap::BitmapFormat)
                         0x801'e8a1      0x3c  Code  Gb  STM32DMA.o [1]
STM32F4DMA::getChromARTInputFormat(touchgfx::Bitmap::BitmapFormat)::string (instance 2)
                         0x802'1b8c      0x1c  Data  Gb  STM32DMA.o [1]
STM32F4DMA::getChromARTInputFormat(touchgfx::Bitmap::BitmapFormat)::string (instance 3)
                         0x802'1324      0x50  Data  Gb  STM32DMA.o [1]
STM32F4DMA::getChromARTOutputFormat(touchgfx::Bitmap::BitmapFormat)
                         0x801'e8dd      0x38  Code  Gb  STM32DMA.o [1]
STM32F4DMA::getChromARTOutputFormat(touchgfx::Bitmap::BitmapFormat)::string (instance 2)
                         0x802'1ba8      0x1c  Data  Gb  STM32DMA.o [1]
STM32F4DMA::getChromARTOutputFormat(touchgfx::Bitmap::BitmapFormat)::string (instance 3)
                         0x802'1374      0x50  Data  Gb  STM32DMA.o [1]
STM32F4DMA::getDMAType()
                         0x802'21ed       0x4  Code  Gb  STM32DMA.o [1]
STM32F4DMA::initialize()
                         0x801'e553      0x3c  Code  Gb  STM32DMA.o [1]
STM32F4DMA::setupDataCopy(touchgfx::BlitOp const &)
                         0x801'e599     0x12e  Code  Gb  STM32DMA.o [1]
STM32F4DMA::setupDataFill(touchgfx::BlitOp const &)
                         0x801'e6ed      0x8a  Code  Gb  STM32DMA.o [1]
STM32F4DMA::signalDMAInterrupt()
                         0x801'dcd3       0x6  Code  Gb  STM32DMA.o [1]
STM32F4DMA::~STM32F4DMA()
                         0x801'e53d      0x16  Code  Gb  STM32DMA.o [1]
STM32TouchController::init()
                         0x801'e3a7       0x2  Code  Gb  STM32TouchController.o [1]
STM32TouchController::sampleTouch(int &, int &)
                         0x801'e3a9       0x4  Code  Gb  STM32TouchController.o [1]
SVC_Handler              0x801'baf1            Code  Gb  portasm.o [1]
StartLEDTask             0x801'd1a1       0x4  Code  Gb  freertos.o [1]
SysTick_Handler          0x801'8ffd      0x1a  Code  Gb  cmsis_os2.o [1]
SystemClock_Config       0x801'c90d      0xd4  Code  Gb  main.o [1]
SystemCoreClock         0x2000'0024       0x4  Data  Gb  system_stm32f4xx.o [1]
SystemInit               0x802'1ab1       0xc  Code  Gb  system_stm32f4xx.o [1]
TIM4_IRQHandler          0x802'170d       0x6  Code  Gb  stm32f4xx_it.o [1]
TIM_Base_SetConfig       0x801'df31      0x96  Code  Gb  stm32f4xx_hal_tim.o [1]
TouchGFXGeneratedHAL::TouchGFXGeneratedHAL(touchgfx::DMA_Interface &, touchgfx::LCD &, touchgfx::TouchController &, unsigned short, unsigned short)
                         0x801'ea65      0x24  Code  Gb  TouchGFXConfiguration.o [1]
TouchGFXGeneratedHAL::TouchGFXGeneratedHAL(touchgfx::DMA_Interface &, touchgfx::LCD &, touchgfx::TouchController &, unsigned short, unsigned short) [subobject]
                         0x801'e915      0x14  Code  Gb  TouchGFXConfiguration.o [1]
TouchGFXGeneratedHAL::blockCopy(void *, void const *, unsigned int)
                         0x801'c853       0x4  Code  Gb  TouchGFXGeneratedHAL.o [1]
TouchGFXGeneratedHAL::configureInterrupts()
                         0x801'c7e1      0x14  Code  Gb  TouchGFXGeneratedHAL.o [1]
TouchGFXGeneratedHAL::disableInterrupts()
                         0x801'c805      0x10  Code  Gb  TouchGFXGeneratedHAL.o [1]
TouchGFXGeneratedHAL::enableInterrupts()
                         0x801'c7f5      0x10  Code  Gb  TouchGFXGeneratedHAL.o [1]
TouchGFXGeneratedHAL::enableLCDControllerInterrupt()
                         0x801'c815      0x28  Code  Gb  TouchGFXGeneratedHAL.o [1]
TouchGFXGeneratedHAL::flushFrameBuffer(touchgfx::Rect const &)
                         0x801'c84f       0x4  Code  Gb  TouchGFXGeneratedHAL.o [1]
TouchGFXGeneratedHAL::getTFTFrameBuffer() const
                         0x801'c83d       0x6  Code  Gb  TouchGFXGeneratedHAL.o [1]
TouchGFXGeneratedHAL::initialize()
                         0x801'c7b9      0x28  Code  Gb  TouchGFXGeneratedHAL.o [1]
TouchGFXGeneratedHAL::setTFTFrameBuffer(unsigned short *)
                         0x801'c843       0xc  Code  Gb  TouchGFXGeneratedHAL.o [1]
TouchGFXHAL::TouchGFXHAL(touchgfx::DMA_Interface &, touchgfx::LCD &, touchgfx::TouchController &, unsigned short, unsigned short)
                         0x801'e7d9      0x24  Code  Gb  TouchGFXConfiguration.o [1]
TouchGFXHAL::blockCopy(void *, void const *, unsigned int)
                         0x801'e87d       0x4  Code  Gb  TouchGFXHAL.o [1]
[...]
touchgfx::Screen::handleTickEvent()
                         0x802'2235       0x2  Code  Gb  mainscreenViewBase.o [1]
touchgfx::Screen::setupScreen()
                         0x802'1b8b       0x2  Code  Gb  mainscreenViewBase.o [1]
touchgfx::Screen::startSMOC(touchgfx::Rect const &)
                         0x801'94d3      0x22  Code  Gb  Screen.o [7]
touchgfx::Screen::tearDownScreen()
                         0x802'2233       0x2  Code  Gb  mainscreenViewBase.o [1]
touchgfx::Screen::~Screen()
                         0x802'2247       0x2  Code  Gb  Screen.o [7]
touchgfx::TextProvider::TextProvider()
                         0x801'8311      0x3a  Code  Gb  TextProvider.o [7]
touchgfx::TextProvider::adjustArabicGlyph(touchgfx::Font const *, touchgfx::GlyphNode const *, unsigned short)
                         0x801'87a9     0x252  Code  Gb  TextProvider.o [7]
touchgfx::TextProvider::adjustHindiGlyph(touchgfx::GlyphNode const *)
                         0x801'8591      0x2e  Code  Gb  TextProvider.o [7]
touchgfx::TextProvider::adjustThaiGlyph(touchgfx::Font const *, touchgfx::GlyphNode const *)
                         0x801'85d5     0x1d4  Code  Gb  TextProvider.o [7]
touchgfx::TextProvider::applyGsubRules(unsigned short const *, unsigned short)
                         0x801'8c59      0x6a  Code  Gb  TextProvider.o [7]
touchgfx::TextProvider::circularBuffer<(unsigned int)10>::allocateFront(unsigned short)::string
                         0x802'1cd0      0x14  Data  Gb  TextProvider.o [7]
touchgfx::TextProvider::circularBuffer<(unsigned int)10>::allocateFront(unsigned short)::string (instance 2)
                         0x802'079c      0x88  Data  Gb  TextProvider.o [7]
touchgfx::TextProvider::circularBuffer<(unsigned int)10>::dropFront(unsigned short)::string
                         0x802'2014       0xc  Data  Gb  TextProvider.o [7]
touchgfx::TextProvider::circularBuffer<(unsigned int)10>::dropFront(unsigned short)::string (instance 2)
                         0x802'0604      0x88  Data  Gb  TextProvider.o [7]
touchgfx::TextProvider::circularBuffer<(unsigned int)10>::peekChar()::string
                         0x802'1ff0       0xc  Data  Gb  Texts.o [1]
touchgfx::TextProvider::circularBuffer<(unsigned int)10>::peekChar()::string (instance 2)
                         0x802'0d2c      0x74  Data  Gb  Texts.o [1]
touchgfx::TextProvider::circularBuffer<(unsigned int)10>::peekChar(unsigned short)::string
                         0x802'1f70      0x10  Data  Gb  Texts.o [1]
touchgfx::TextProvider::circularBuffer<(unsigned int)10>::peekChar(unsigned short)::string (instance 2)
                         0x802'0da0      0x74  Data  Gb  Texts.o [1]
touchgfx::TextProvider::circularBuffer<(unsigned int)10>::popBack()::string
                         0x802'2020       0xc  Data  Gb  TextProvider.o [7]
touchgfx::TextProvider::circularBuffer<(unsigned int)10>::popBack()::string (instance 2)
                         0x802'0714      0x88  Data  Gb  TextProvider.o [7]
touchgfx::TextProvider::circularBuffer<(unsigned int)10>::popFront()::string
                         0x802'2008       0xc  Data  Gb  TextProvider.o [7]
touchgfx::TextProvider::circularBuffer<(unsigned int)10>::popFront()::string (instance 2)
                         0x802'057c      0x88  Data  Gb  TextProvider.o [7]
touchgfx::TextProvider::circularBuffer<(unsigned int)10>::pushBack(unsigned short)::string
                         0x802'202c       0xc  Data  Gb  TextProvider.o [7]
touchgfx::TextProvider::circularBuffer<(unsigned int)10>::pushBack(unsigned short)::string (instance 2)
                         0x802'08ac      0x88  Data  Gb  TextProvider.o [7]
touchgfx::TextProvider::circularBuffer<(unsigned int)10>::replaceAt(unsigned short, unsigned short)::string
                         0x802'1f90      0x10  Data  Gb  TextProvider.o [7]
touchgfx::TextProvider::circularBuffer<(unsigned int)10>::replaceAt(unsigned short, unsigned short)::string (instance 2)
                         0x802'0824      0x88  Data  Gb  TextProvider.o [7]
touchgfx::TextProvider::circularBuffer<(unsigned int)10>::replaceAt1(unsigned short)::string
                         0x802'1ffc       0xc  Data  Gb  Texts.o [1]
touchgfx::TextProvider::circularBuffer<(unsigned int)10>::replaceAt1(unsigned short)::string (instance 2)
                         0x802'0e14      0x74  Data  Gb  Texts.o [1]
touchgfx::TextProvider::circularBuffer<(unsigned int)2>::allocateFront(unsigned short)::string
                         0x802'1cbc      0x14  Data  Gb  TextProvider.o [7]
touchgfx::TextProvider::circularBuffer<(unsigned int)2>::allocateFront(unsigned short)::string (instance 2)
                         0x802'068c      0x88  Data  Gb  TextProvider.o [7]
touchgfx::TextProvider::circularBuffer<(unsigned int)2>::peekChar(unsigned short)::string
                         0x802'1fa0      0x10  Data  Gb  TextProvider.o [7]
touchgfx::TextProvider::circularBuffer<(unsigned int)2>::peekChar(unsigned short)::string (instance 2)
                         0x802'0934      0x88  Data  Gb  TextProvider.o [7]
touchgfx::TextProvider::fillInputBuffer()
                         0x801'8b1f      0xe2  Code  Gb  TextProvider.o [7]
touchgfx::TextProvider::getNextChar()
                         0x801'834b      0x5e  Code  Gb  TextProvider.o [7]
touchgfx::TextProvider::getNextCharInternal()
                         0x801'8511      0x62  Code  Gb  TextProvider.o [7]
touchgfx::TextProvider::getNextLigature(unsigned char)
                         0x801'8e81      0xb2  Code  Gb  Texts.o [1]
touchgfx::TextProvider::getNextLigature(unsigned char, touchgfx::Font const *, touchgfx::GlyphNode const *&)
                         0x801'83a9      0xa8  Code  Gb  TextProvider.o [7]
touchgfx::TextProvider::getNextLigature(unsigned char, touchgfx::Font const *, touchgfx::GlyphNode const *&, unsigned char const *&, unsigned char &)
                         0x801'8451      0xb0  Code  Gb  TextProvider.o [7]
touchgfx::TextProvider::gsubRuleMatch(unsigned short const *, unsigned short, unsigned short, unsigned short)
                         0x801'8cc3      0xa6  Code  Gb  TextProvider.o [7]
touchgfx::TextProvider::gsubTableBinarySearch(unsigned short, unsigned short const *, unsigned short) const
                         0x801'8db5      0x46  Code  Gb  TextProvider.o [7]
touchgfx::TextProvider::initialize(unsigned short const *, __va_list, unsigned short const *)
                         0x801'8573      0x18  Code  Gb  TextProvider.o [7]
touchgfx::TextProvider::initializeInternal()
                         0x801'8f3d       0x4  Code  Gb  Texts.o [1]
touchgfx::TextProvider::replaceInputCharacters(unsigned short, unsigned short, unsigned short const *)
                         0x801'8a09     0x116  Code  Gb  TextProvider.o [7]
touchgfx::TextProvider::substituteGlyphs()
                         0x801'8c01      0x58  Code  Gb  TextProvider.o [7]
touchgfx::TextProvider::thaiLookupGlyph(touchgfx::GlyphNode const *, touchgfx::Font const *, unsigned short) const
                         0x801'85bf      0x16  Code  Gb  TextProvider.o [7]
touchgfx::Texts::currentLanguage
                        0x2001'2050       0x2  Data  Gb  Texts.o [1]
touchgfx::Texts::getText(unsigned short) const
                         0x801'8fa5      0x10  Code  Gb  Texts.o [1]
touchgfx::Texts::setLanguage(unsigned short)
                         0x801'8f5b      0x4a  Code  Gb  Texts.o [1]
touchgfx::TouchCalibration::clzu(unsigned int)
                         0x801'825d      0x3a  Code  Gb  TouchCalibration.o [7]
touchgfx::TouchCalibration::matrix
                        0x2001'1f88      0x2c  Data  Gb  TouchCalibration.o [7]
touchgfx::TouchCalibration::muldiv(int, int, int, int, int &)
                         0x801'8115      0x96  Code  Gb  TouchCalibration.o [7]
touchgfx::TouchCalibration::muldivu(unsigned int, unsigned int, unsigned int, unsigned int, unsigned int, unsigned int &)
                         0x801'81ab      0xac  Code  Gb  TouchCalibration.o [7]
touchgfx::TouchCalibration::translatePoint(touchgfx::Point &)
                         0x801'8297      0x74  Code  Gb  TouchCalibration.o [7]
touchgfx::Transition::handleTickEvent()
                         0x801'eafb       0x2  Code  Gb  FrontendApplicationBase.o [1]
touchgfx::Transition::init()
                         0x801'eff7       0x2  Code  Gb  FrontendApplicationBase.o [1]
touchgfx::Transition::invalidate()
                         0x802'1fb1      0x10  Code  Gb  FrontendApplicationBase.o [1]
touchgfx::Transition::setScreenContainer(touchgfx::Container &)
                         0x802'2091       0x4  Code  Gb  FrontendApplicationBase.o [1]
touchgfx::Transition::tearDown()
                         0x801'ed23       0x2  Code  Gb  FrontendApplicationBase.o [1]
touchgfx::Transition::~Transition()
                         0x801'eaaf       0x2  Code  Gb  FrontendApplicationBase.o [1]
touchgfx::TypedText::TypedText(unsigned short)
                         0x801'f49d       0xc  Code  Gb  mainscreenViewBase.o [1]
touchgfx::TypedText::assertValid() const::string (instance 2)
                         0x802'1574      0x44  Data  Gb  mainscreenViewBase.o [1]
touchgfx::TypedText::assertValid() const::string (instance 3)
                         0x802'0cb8      0x74  Data  Gb  mainscreenViewBase.o [1]
touchgfx::TypedText::assertValid() const::string (instance 5)
                         0x802'122c      0x54  Data  Gb  mainscreenViewBase.o [1]
touchgfx::TypedText::fonts
                        0x2001'209c       0x4  Data  Gb  TypedText.o [7]
touchgfx::TypedText::numberOfTypedTexts
                        0x2001'20ac       0x2  Data  Gb  TypedText.o [7]
touchgfx::TypedText::texts
                        0x2001'2098       0x4  Data  Gb  TypedText.o [7]
touchgfx::TypedText::typedTexts
                        0x2001'2094       0x4  Data  Gb  TypedText.o [7]
touchgfx::UIEventListener::handleClickEvent(touchgfx::ClickEvent const &)
                         0x802'223d       0x2  Code  Gb  Application.o [7]
touchgfx::UIEventListener::handleDragEvent(touchgfx::DragEvent const &)
                         0x802'223f       0x2  Code  Gb  Application.o [7]
touchgfx::UIEventListener::handleGestureEvent(touchgfx::GestureEvent const &)
                         0x802'2241       0x2  Code  Gb  Application.o [7]
touchgfx::UIEventListener::handleKeyEvent(unsigned char)
                         0x802'2243       0x2  Code  Gb  Application.o [7]
touchgfx::UIEventListener::handleTickEvent()
                         0x802'2245       0x2  Code  Gb  Application.o [7]
touchgfx::Vector<touchgfx::Rect, (unsigned short)8>::Vector()
                         0x801'9369      0x1c  Code  Gb  Application.o [7]
touchgfx::Vector<touchgfx::Rect, (unsigned short)8>::add(touchgfx::Rect)
                         0x801'9c39      0x4c  Code  Gb  Application.o [7]
touchgfx::Vector<touchgfx::Rect, (unsigned short)8>::add(touchgfx::Rect)::string (instance 2)
                         0x802'18e0      0x30  Data  Gb  Application.o [7]
touchgfx::Vector<touchgfx::Rect, (unsigned short)8>::add(touchgfx::Rect)::string (instance 3)
                         0x802'0a44      0x84  Data  Gb  Application.o [7]
touchgfx::Vector<touchgfx::Rect, (unsigned short)8>::quickRemoveAt(unsigned short)
                         0x801'9b6f      0x30  Code  Gb  Application.o [7]
touchgfx::View<mainscreenPresenter>::~View()
                         0x802'2239       0x2  Code  Gb  mainscreenViewBase.o [1]
touchgfx::Widget::getLastChild(short, short, touchgfx::Drawable **)
                         0x801'9ca3      0x12  Code  Gb  AbstractButton.o [7]
touchgfx_fonts          0x2001'2070       0xc  Data  Gb  TypedTextDatabase.o [1]
touchgfx_init            0x801'e217      0x52  Code  Gb  TouchGFXConfiguration.o [1]
touchgfx_taskEntry       0x801'e269       0x6  Code  Gb  TouchGFXConfiguration.o [1]
typedTextDatabaseArray   0x802'222c       0x4  Data  Gb  TypedTextDatabase.o [1]
typedText_database_DEFAULT
                         0x802'2250       0x2  Data  Gb  TypedTextDatabase.o [1]
ucHeap                  0x2000'0df4  0x1'0000  Data  Lc  heap_4.o [1]
ucMaxSysCallPriority    0x2000'000c       0x1  Data  Lc  port.o [1]
ulMaxPRIGROUPValue      0x2000'0014       0x4  Data  Lc  port.o [1]
unicodes_verdana_10_4bpp
                         0x801'b4d8       0x4  Data  Gb  Table_verdana_10_4bpp.o [1]
unicodes_verdana_10_4bpp_0
                         0x802'1c24      0x18  Data  Gb  Font_verdana_10_4bpp_0.o [1]
unicodes_verdana_20_4bpp
                         0x801'b438       0x4  Data  Gb  Table_verdana_20_4bpp.o [1]
unicodes_verdana_20_4bpp_0
                         0x801'f860     0x234  Data  Gb  Font_verdana_20_4bpp_0.o [1]
unicodes_verdana_40_4bpp
                         0x801'b488       0x4  Data  Gb  Table_verdana_40_4bpp.o [1]
unicodes_verdana_40_4bpp_0
                         0x801'fde4     0x118  Data  Gb  Font_verdana_40_4bpp_0.o [1]
uwTick                  0x2000'001c       0x4  Data  Gb  stm32f4xx_hal.o [1]
uwTickFreq              0x2000'0018       0x1  Data  Gb  stm32f4xx_hal.o [1]
uwTickPrio              0x2000'0020       0x4  Data  Gb  stm32f4xx_hal.o [1]
uxCriticalNesting       0x2000'0010       0x4  Data  Lc  port.o [1]
uxCurrentNumberOfTasks  0x2001'1db0       0x4  Data  Lc  tasks.o [1]
uxDeletedTasksWaitingCleanUp
                        0x2001'1d98       0x4  Data  Lc  tasks.o [1]
uxListRemove             0x801'b709      0x26  Code  Gb  list.o [1]
uxSchedulerSuspended    0x2001'1dd4       0x4  Data  Lc  tasks.o [1]
uxTaskNumber            0x2001'1dcc       0x4  Data  Lc  tasks.o [1]
uxTopReadyPriority      0x2001'1db8       0x4  Data  Lc  tasks.o [1]
vApplicationGetIdleTaskMemory
                         0x801'9355      0x14  Code  Wk  cmsis_os2.o [1]
vApplicationGetIdleTaskMemory::Idle_Stack
                        0x2001'1990     0x200  Data  Lc  cmsis_os2.o [1]
vApplicationGetIdleTaskMemory::Idle_TCB
                        0x2001'1934      0x5c  Data  Lc  cmsis_os2.o [1]
vApplicationGetTimerTaskMemory
                         0x801'bc89      0x18  Code  Wk  cmsis_os2.o [1]
vApplicationGetTimerTaskMemory::Timer_Stack
                        0x2001'12b0     0x400  Data  Lc  cmsis_os2.o [1]
vApplicationGetTimerTaskMemory::Timer_TCB
                        0x2001'1254      0x5c  Data  Lc  cmsis_os2.o [1]
vListInitialise          0x801'b69d      0x1a  Code  Gb  list.o [1]
vListInitialiseItem      0x801'b6b7       0x6  Code  Gb  list.o [1]
vListInsert              0x801'b6d7      0x32  Code  Gb  list.o [1]
vListInsertEnd           0x801'b6bd      0x1a  Code  Gb  list.o [1]
vPortEnableVFP           0x801'bb2d            Code  Gb  portasm.o [1]
vPortEnterCritical       0x801'a5dd      0x32  Code  Gb  port.o [1]
vPortExitCritical        0x801'a60f      0x22  Code  Gb  port.o [1]
vPortFree                0x801'b5f7      0x4c  Code  Gb  heap_4.o [1]
vPortStartFirstTask      0x801'bb0d            Code  Gb  portasm.o [1]
vPortValidateInterruptPriority
                         0x801'a659      0x34  Code  Gb  port.o [1]
vQueueAddToRegistry      0x801'aed1      0x20  Code  Gb  queue.o [1]
vQueueDelete             0x801'ada1      0x22  Code  Gb  queue.o [1]
vQueueUnregisterQueue    0x801'aef1      0x22  Code  Gb  queue.o [1]
vQueueWaitForMessageRestricted
                         0x801'af1d      0x48  Code  Gb  queue.o [1]
vTaskInternalSetTimeOutState
                         0x801'a1e3       0xe  Code  Gb  tasks.o [1]
vTaskMissedYield         0x801'a257       0xa  Code  Gb  tasks.o [1]
vTaskPlaceOnEventList    0x801'a113      0x20  Code  Gb  tasks.o [1]
vTaskPlaceOnEventListRestricted
                         0x801'a14d      0x2a  Code  Gb  tasks.o [1]
vTaskPriorityDisinheritAfterTimeout
                         0x801'a3e1      0x72  Code  Gb  tasks.o [1]
vTaskStartScheduler      0x801'9ed9      0x6e  Code  Gb  tasks.o [1]
vTaskSuspendAll          0x801'9f47       0xc  Code  Gb  tasks.o [1]
vTaskSwitchContext       0x801'a0bb      0x50  Code  Gb  tasks.o [1]
vsync_queue             0x2000'0004       0x4  Data  Lc  OSWrappers.o [1]
xActiveTimerList1       0x2001'1ba4      0x14  Data  Lc  timers.o [1]
xActiveTimerList2       0x2001'1bb8      0x14  Data  Lc  timers.o [1]
xBlockAllocatedBit      0x2000'0df0       0x4  Data  Lc  heap_4.o [1]
xDelayedTaskList1       0x2001'1dd8      0x14  Data  Lc  tasks.o [1]
xDelayedTaskList2       0x2001'1dec      0x14  Data  Lc  tasks.o [1]
xFreeBytesRemaining     0x2000'0de0       0x4  Data  Lc  heap_4.o [1]
xMinimumEverFreeBytesRemaining
                        0x2000'0de4       0x4  Data  Lc  heap_4.o [1]
xNextTaskUnblockTime    0x2001'1dd0       0x4  Data  Lc  tasks.o [1]
xNumOfOverflows         0x2001'1dc8       0x4  Data  Lc  tasks.o [1]
xNumberOfSuccessfulAllocations
                        0x2000'0de8       0x4  Data  Lc  heap_4.o [1]
xNumberOfSuccessfulFrees
                        0x2000'0dec       0x4  Data  Lc  heap_4.o [1]
xPendedTicks            0x2001'1dc0       0x4  Data  Lc  tasks.o [1]
xPendingReadyList       0x2001'1d64      0x14  Data  Lc  tasks.o [1]
xPortStartScheduler      0x801'a539      0xa4  Code  Gb  port.o [1]
xPortSysTickHandler      0x801'a631      0x26  Code  Gb  port.o [1]
xQueueCreateCountingSemaphore
                         0x801'a853      0x2e  Code  Gb  queue.o [1]
xQueueCreateCountingSemaphoreStatic
                         0x801'a81f      0x34  Code  Gb  queue.o [1]
xQueueGenericCreate      0x801'a7b9      0x38  Code  Gb  queue.o [1]
xQueueGenericCreateStatic
                         0x801'a75b      0x5e  Code  Gb  queue.o [1]
xQueueGenericReset       0x801'a6e9      0x72  Code  Gb  queue.o [1]
xQueueGenericSend        0x801'a881     0x122  Code  Gb  queue.o [1]
xQueueGenericSendFromISR
                         0x801'a9ab      0x8c  Code  Gb  queue.o [1]
xQueueGiveFromISR        0x801'aa37      0x70  Code  Gb  queue.o [1]
xQueueReceive            0x801'aabb      0xfc  Code  Gb  queue.o [1]
xQueueReceiveFromISR     0x801'ad1f      0x82  Code  Gb  queue.o [1]
xQueueRegistry          0x2001'1f14      0x40  Data  Gb  queue.o [1]
xQueueSemaphoreTake      0x801'abc1     0x128  Code  Gb  queue.o [1]
xSchedulerRunning       0x2001'1dbc       0x4  Data  Lc  tasks.o [1]
xStart                  0x2000'0dd4       0x8  Data  Lc  heap_4.o [1]
xSuspendedTaskList      0x2001'1d9c      0x14  Data  Lc  tasks.o [1]
xTaskCheckForTimeOut     0x801'a1f1      0x66  Code  Gb  tasks.o [1]
xTaskCreate              0x801'9d3b      0x5c  Code  Gb  tasks.o [1]
xTaskCreateStatic        0x801'9cdd      0x5e  Code  Gb  tasks.o [1]
xTaskGetSchedulerState   0x801'a2e9      0x18  Code  Gb  tasks.o [1]
xTaskGetTickCount        0x801'9ff9       0x8  Code  Gb  tasks.o [1]
xTaskIncrementTick       0x801'a001      0xba  Code  Gb  tasks.o [1]
xTaskPriorityDisinherit
                         0x801'a373      0x5e  Code  Gb  tasks.o [1]
xTaskPriorityInherit     0x801'a301      0x68  Code  Gb  tasks.o [1]
xTaskRemoveFromEventList
                         0x801'a183      0x4a  Code  Gb  tasks.o [1]
xTaskResumeAll           0x801'9f53      0x96  Code  Gb  tasks.o [1]
xTasksWaitingTermination
                        0x2001'1d78      0x14  Data  Lc  tasks.o [1]
xTickCount              0x2001'1db4       0x4  Data  Lc  tasks.o [1]
xTimerCreateTimerTask    0x801'b739      0x4c  Code  Gb  timers.o [1]
xTimerGenericCommand     0x801'b799      0x4e  Code  Gb  timers.o [1]
xTimerQueue             0x2001'1b98       0x4  Data  Lc  timers.o [1]
xTimerTaskHandle        0x2001'1b9c       0x4  Data  Lc  timers.o [1]
xYieldPending           0x2001'1dc4       0x4  Data  Lc  tasks.o [1]


[1] = E:\word\MySelfF429\STM32F429\DoubleNEW\EWARM\DoubleNEW\Obj
[2] = dl7M_tlf.a
[3] = dlpp7M_tl_fc.a
[4] = m7M_tls.a
[5] = rt7M_tl.a
[6] = shb_l.a
[7] = touchgfx_core.a

  47'527 bytes of readonly  code memory
  92'497 bytes of readonly  data memory
  75'337 bytes of readwrite data memory

Errors: none
Warnings: none
